PROGRAM             	program
IDENT               	AnimatedPendulum
NEW_LINE            	

COMMENT             	**********************************************
NEW_LINE            	

COMMENT             	*       Program:    Simple_Pendulum_Solver   *
NEW_LINE            	

COMMENT             	*       Written_By: Brian Downing            *
NEW_LINE            	

COMMENT             	*                   Fordham University       *
NEW_LINE            	

COMMENT             	*       Date:       October 23rd, 1990       *
NEW_LINE            	

COMMENT             	**********************************************
NEW_LINE            	

NEW_LINE            	

IMPLICIT            	Implicit
IDENT               	None
NEW_LINE            	

COMMENT             	*
NEW_LINE            	

COMMENT             	*       Declare double precision variables.
NEW_LINE            	

COMMENT             	*
NEW_LINE            	

IDENT               	double
IDENT               	precision
IDENT               	a
,                   	,
IDENT               	g
,                   	,
IDENT               	l
,                   	,
IDENT               	t
,                   	,
IDENT               	dt
,                   	,
IDENT               	w
,                   	,
IDENT               	Pi
,                   	,
IDENT               	Theta
,                   	,
IDENT               	ThetaM
NEW_LINE            	

COMMENT             	*
NEW_LINE            	

COMMENT             	*       Initialize some constant values.
NEW_LINE            	

COMMENT             	*
NEW_LINE            	

IDENT               	Pi
=                   	=
FLOAT               	4.0
*                   	*
IDENT               	ATAN
(                   	(
FLOAT               	1.0
)                   	)
NEW_LINE            	

COMMENT             	*
NEW_LINE            	

COMMENT             	*       Clear screen and then prompt for real numbers for variables.
NEW_LINE            	

COMMENT             	*
NEW_LINE            	

CALL                	Call
IDENT               	CLS
NEW_LINE            	

IDENT               	write
(                   	(
INT                 	5
,                   	,
INT                 	100
)                   	)
NEW_LINE            	

IDENT               	read
*                   	*
,                   	,
IDENT               	dt
NEW_LINE            	

NEW_LINE            	

IDENT               	write
(                   	(
INT                 	5
,                   	,
INT                 	200
)                   	)
NEW_LINE            	

IDENT               	read
*                   	*
,                   	,
IDENT               	Theta
NEW_LINE            	

NEW_LINE            	

IDENT               	write
(                   	(
INT                 	5
,                   	,
INT                 	300
)                   	)
NEW_LINE            	

IDENT               	read
*                   	*
,                   	,
IDENT               	l
NEW_LINE            	

NEW_LINE            	

COMMENT             	*
NEW_LINE            	

COMMENT             	*       Initialize other variables.
NEW_LINE            	

COMMENT             	*
NEW_LINE            	

IDENT               	g
=                   	=
FLOAT               	9.81
NEW_LINE            	

IDENT               	ThetaM
=                   	=
IDENT               	Theta
*                   	*
IDENT               	Pi
/                   	/
FLOAT               	180.0
NEW_LINE            	

IDENT               	Theta
=                   	=
IDENT               	ThetaM
NEW_LINE            	

IDENT               	t
=                   	=
FLOAT               	0.0
NEW_LINE            	

IDENT               	w
=                   	=
FLOAT               	0.0
NEW_LINE            	

IDENT               	a
=                   	=
(                   	(
-                   	-
IDENT               	g
/                   	/
IDENT               	l
)                   	)
*                   	*
IDENT               	DSIN
(                   	(
IDENT               	Theta
)                   	)
NEW_LINE            	

COMMENT             	*
NEW_LINE            	

COMMENT             	*       Loop until finished (angle.eq.-Theta_naught .or. omega = 0)?
NEW_LINE            	

COMMENT             	*
NEW_LINE            	

CALL                	Call
IDENT               	EnterGraphicsMode
NEW_LINE            	

DO                  	do
IDENT               	while
(                   	(
IDENT               	.true.
)                   	)
NEW_LINE            	

IDENT               	a
=                   	=
(                   	(
-                   	-
IDENT               	g
/                   	/
IDENT               	l
)                   	)
*                   	*
IDENT               	DSIN
(                   	(
IDENT               	Theta
)                   	)
NEW_LINE            	

IDENT               	w
=                   	=
IDENT               	w
+                   	+
IDENT               	a
*                   	*
IDENT               	dt
NEW_LINE            	

IDENT               	Theta
=                   	=
IDENT               	Theta
+                   	+
IDENT               	w
*                   	*
IDENT               	dt
NEW_LINE            	

IDENT               	t
=                   	=
IDENT               	t
+                   	+
IDENT               	dt
NEW_LINE            	

CALL                	Call
IDENT               	PlotBall
(                   	(
IDENT               	Theta
)                   	)
NEW_LINE            	

if                  	if
(                   	(
IDENT               	Theta
<=                  	.le.
(                   	(
-                   	-
IDENT               	ThetaM
)                   	)
)                   	)
IDENT               	goto
INT                 	10
NEW_LINE            	

ENDDO               	enddo
NEW_LINE            	

INT                 	10
continue            	continue
NEW_LINE            	

COMMENT             	*
NEW_LINE            	

COMMENT             	*       Print out final results.
NEW_LINE            	

COMMENT             	* 
NEW_LINE            	

IDENT               	print
*                   	*
,                   	,
STRING              	'Finished calculations.'
NEW_LINE            	

IDENT               	write
(                   	(
INT                 	5
,                   	,
INT                 	20
)                   	)
IDENT               	a
,                   	,
IDENT               	w
,                   	,
IDENT               	Theta
,                   	,
IDENT               	t
NEW_LINE            	

COMMENT             	*
NEW_LINE            	

COMMENT             	*       Program format statements.
NEW_LINE            	

COMMENT             	*
NEW_LINE            	

INT                 	20
IDENT               	format
(                   	(
INT                 	1
IDENT               	x
,                   	,
STRING              	'Acceleration'
,                   	,
IDENT               	T15
,                   	,
STRING              	'= '
,                   	,
IDENT               	D12
.                   	.
INT                 	1
INT                 	1
IDENT               	x
,                   	,
STRING              	'Omega'
,                   	,
IDENT               	T15
,                   	,
STRING              	'= '
,                   	,
IDENT               	D12
.                   	.
INT                 	2
INT                 	1
IDENT               	x
,                   	,
STRING              	'Theta'
,                   	,
IDENT               	T15
,                   	,
STRING              	'= '
,                   	,
IDENT               	D12
.                   	.
INT                 	3
INT                 	1
IDENT               	x
,                   	,
STRING              	'Time'
,                   	,
IDENT               	T15
,                   	,
STRING              	'= '
,                   	,
IDENT               	D12
.                   	.
INT                 	100
IDENT               	format
(                   	(
INT                 	1
IDENT               	x
,                   	,
STRING              	'Enter real number for delta time in seconds: '
,                   	,
)                   	)
NEW_LINE            	

INT                 	200
IDENT               	format
(                   	(
INT                 	1
IDENT               	x
,                   	,
STRING              	'Enter real number for Theta in degrees: '
,                   	,
)                   	)
NEW_LINE            	

INT                 	300
IDENT               	format
(                   	(
INT                 	1
IDENT               	x
,                   	,
STRING              	'Enter real number for Length in meters: '
,                   	,
)                   	)
NEW_LINE            	

CALL                	Call
IDENT               	ExitGraphicsMode
NEW_LINE            	

END                 	End
NEW_LINE            	

