NEW_LINE            	

SUBROUTINE          	SubRoutine
IDENT               	EnterGraphicsMode
NEW_LINE            	

COMMENT             	!
NEW_LINE            	

COMMENT             	!       Enter ReGIS, clear screen
NEW_LINE            	

COMMENT             	! 
NEW_LINE            	

IDENT               	character
*                   	*
INT                 	1
IDENT               	esc
NEW_LINE            	

IDENT               	esc
=                   	=
IDENT               	char
(                   	(
INT                 	27
)                   	)
NEW_LINE            	

IDENT               	write
(                   	(
*                   	*
,                   	,
*                   	*
)                   	)
IDENT               	esc
,                   	,
STRING              	'P0ps(e)'
NEW_LINE            	

return              	Return
NEW_LINE            	

END                 	End
NEW_LINE            	

