NEW_LINE            	

SUBROUTINE          	SubRoutine
IDENT               	CLS
NEW_LINE            	

COMMENT             	*
NEW_LINE            	

COMMENT             	*     Clears the screen.
NEW_LINE            	

COMMENT             	*     Put machine dependent code here.
NEW_LINE            	

COMMENT             	*
NEW_LINE            	

IDENT               	Character
IDENT               	Esc
,                   	,
IDENT               	Clear_String
*                   	*
INT                 	6
NEW_LINE            	

NEW_LINE            	

IDENT               	Esc
=                   	=
IDENT               	CHAR
(                   	(
INT                 	27
)                   	)
NEW_LINE            	

IDENT               	Clear_String
(                   	(
INT                 	1
:                   	:
INT                 	1
)                   	)
=                   	=
IDENT               	Esc
NEW_LINE            	

IDENT               	Clear_String
(                   	(
INT                 	2
:                   	:
INT                 	2
)                   	)
=                   	=
STRING              	'['
NEW_LINE            	

IDENT               	Clear_String
(                   	(
INT                 	3
:                   	:
INT                 	3
)                   	)
=                   	=
STRING              	'H'
NEW_LINE            	

IDENT               	Clear_String
(                   	(
INT                 	4
:                   	:
INT                 	4
)                   	)
=                   	=
IDENT               	Esc
NEW_LINE            	

IDENT               	Clear_String
(                   	(
INT                 	5
:                   	:
INT                 	5
)                   	)
=                   	=
STRING              	'['
NEW_LINE            	

IDENT               	Clear_String
(                   	(
INT                 	6
:                   	:
INT                 	6
)                   	)
=                   	=
STRING              	'J'
NEW_LINE            	

IDENT               	Write
(                   	(
INT                 	5
,                   	,
INT                 	10
)                   	)
IDENT               	Clear_String
NEW_LINE            	

INT                 	10
IDENT               	Format
(                   	(
INT                 	1
IDENT               	x
,                   	,
INT                 	6
IDENT               	a
)                   	)
NEW_LINE            	

END                 	End
NEW_LINE            	

