IDENT               	character
*                   	*
INT                 	2
IDENT               	c
(                   	(
INT                 	10
,                   	,
INT                 	10
)                   	)
NEW_LINE            	

IDENT               	data
IDENT               	c
/                   	/
STRING              	'1'
/                   	/
NEW_LINE            	

CALL                	call
IDENT               	suba
(                   	(
IDENT               	c
)                   	)
NEW_LINE            	

END                 	end
NEW_LINE            	

SUBROUTINE          	subroutine
IDENT               	suba
(                   	(
IDENT               	c
)                   	)
NEW_LINE            	

IDENT               	character
IDENT               	c
(                   	(
INT                 	100
)                   	)
NEW_LINE            	

IDENT               	print
*                   	*
,                   	,
IDENT               	c
NEW_LINE            	

END                 	end
NEW_LINE            	

