INTEGER             	integer
IDENT               	c
(                   	(
INT                 	100
)                   	)
NEW_LINE            	

IDENT               	c
(                   	(
INT                 	1
)                   	)
=                   	=
INT                 	1
NEW_LINE            	

CALL                	call
IDENT               	suba
(                   	(
IDENT               	c
)                   	)
NEW_LINE            	

END                 	end
NEW_LINE            	

SUBROUTINE          	subroutine
IDENT               	suba
(                   	(
IDENT               	c
)                   	)
NEW_LINE            	

INTEGER             	integer
IDENT               	c
NEW_LINE            	

IDENT               	print
*                   	*
,                   	,
IDENT               	c
NEW_LINE            	

END                 	end
NEW_LINE            	

