CALL                	call
IDENT               	suba
(                   	(
INT                 	5
IDENT               	hjunky
)                   	)
NEW_LINE            	

END                 	end
NEW_LINE            	

SUBROUTINE          	subroutine
IDENT               	suba
(                   	(
IDENT               	i
)                   	)
NEW_LINE            	

IDENT               	write
(                   	(
*                   	*
,                   	,
STRING              	'(a)'
)                   	)
IDENT               	i
NEW_LINE            	

END                 	end
NEW_LINE            	

