IDENT               	character
IDENT               	c
(                   	(
INT                 	50
)                   	)
token(105)          	call
IDENT               	suba
(                   	(
IDENT               	c
(                   	(
INT                 	1
)                   	)
)                   	)
token(102)          	end
token(96)           	subroutine
IDENT               	suba
(                   	(
IDENT               	c
)                   	)
IDENT               	character
*                   	*
INT                 	2
IDENT               	c
IDENT               	read
*                   	*
,                   	,
IDENT               	c
token(102)          	end
