PROGRAM             	program
IDENT               	main
NEW_LINE            	

CALL                	call
IDENT               	test
(                   	(
INT                 	100
)                   	)
NEW_LINE            	

END                 	end
NEW_LINE            	

SUBROUTINE          	subroutine
IDENT               	test
(                   	(
IDENT               	n
)                   	)
NEW_LINE            	

INTEGER             	integer
IDENT               	n
NEW_LINE            	

COMMENT             	C the following local array cannot have variable bounds.
NEW_LINE            	

INTEGER             	integer
IDENT               	auto
(                   	(
IDENT               	n
)                   	)
NEW_LINE            	

IDENT               	auto
(                   	(
INT                 	1
)                   	)
=                   	=
INT                 	5
NEW_LINE            	

IDENT               	auto
(                   	(
INT                 	2
)                   	)
=                   	=
IDENT               	auto
(                   	(
INT                 	1
)                   	)
*                   	*
INT                 	2
NEW_LINE            	

END                 	end
NEW_LINE            	

NEW_LINE            	

