COMMENT             	C       AUTHORS: MIKE MYERS AND LUCIA SPAGNUOLO
NEW_LINE            	

COMMENT             	C       DATE:    MAY 8, 1989
NEW_LINE            	

NEW_LINE            	

COMMENT             	C       Variables:
NEW_LINE            	

COMMENT             	C               SCORE -> an array of test scores
NEW_LINE            	

COMMENT             	C               SUM ->   sum of the test scores
NEW_LINE            	

COMMENT             	C               COUNT -> counter of scores read in
NEW_LINE            	

COMMENT             	C               I ->     loop counter
NEW_LINE            	

NEW_LINE            	

IDENT               	REAL
FUNCTION            	FUNCTION
IDENT               	COMPAV
(                   	(
IDENT               	SCORE
,                   	,
IDENT               	COUNT
)                   	)
NEW_LINE            	

INTEGER             	INTEGER
IDENT               	SUM
,                   	,
IDENT               	COUNT
,                   	,
IDENT               	J
,                   	,
IDENT               	SCORE
(                   	(
INT                 	5
)                   	)
NEW_LINE            	

NEW_LINE            	

DO                  	DO
INT                 	30
IDENT               	I
=                   	=
INT                 	1
,                   	,
IDENT               	COUNT
NEW_LINE            	

IDENT               	SUM
=                   	=
IDENT               	SUM
+                   	+
IDENT               	SCORE
(                   	(
IDENT               	I
)                   	)
NEW_LINE            	

INT                 	30
continue            	CONTINUE
NEW_LINE            	

IDENT               	COMPAV
=                   	=
IDENT               	SUM
/                   	/
IDENT               	COUNT
NEW_LINE            	

END                 	END
NEW_LINE            	

NEW_LINE            	

NEW_LINE            	

PROGRAM             	PROGRAM
IDENT               	AVENUM
NEW_LINE            	

COMMENT             	C
NEW_LINE            	

COMMENT             	C                       MAIN PROGRAM
NEW_LINE            	

COMMENT             	C
NEW_LINE            	

COMMENT             	C       AUTHOR:   LOIS BIGBIE
NEW_LINE            	

COMMENT             	C       DATE:     MAY 15, 1990
NEW_LINE            	

COMMENT             	C
NEW_LINE            	

COMMENT             	C       Variables:
NEW_LINE            	

COMMENT             	C               MAXNOS -> maximum number of input values
NEW_LINE            	

COMMENT             	C               NUMS    -> an array of numbers
NEW_LINE            	

COMMENT             	C               COUNT   -> exact number of input values
NEW_LINE            	

COMMENT             	C               AVG     -> average returned by COMPAV
NEW_LINE            	

COMMENT             	C               I       -> loop counter
NEW_LINE            	

COMMENT             	C
NEW_LINE            	

NEW_LINE            	

IDENT               	PARAMETER
(                   	(
IDENT               	MAXNOS
=                   	=
INT                 	5
)                   	)
NEW_LINE            	

INTEGER             	INTEGER
IDENT               	I
,                   	,
IDENT               	COUNT
NEW_LINE            	

IDENT               	REAL
IDENT               	NUMS
(                   	(
IDENT               	MAXNOS
)                   	)
,                   	,
IDENT               	AVG
NEW_LINE            	

IDENT               	COUNT
=                   	=
INT                 	0
NEW_LINE            	

DO                  	DO
INT                 	80
IDENT               	I
=                   	=
INT                 	1
,                   	,
IDENT               	MAXNOS
NEW_LINE            	

IDENT               	READ
(                   	(
INT                 	5
,                   	,
*                   	*
,                   	,
END                 	END
=                   	=
INT                 	100
)                   	)
IDENT               	NUMS
(                   	(
IDENT               	I
)                   	)
NEW_LINE            	

IDENT               	COUNT
=                   	=
IDENT               	COUNT
+                   	+
INT                 	1
NEW_LINE            	

INT                 	80
continue            	CONTINUE
NEW_LINE            	

INT                 	100
IDENT               	AVG
=                   	=
IDENT               	COMPAV
(                   	(
IDENT               	NUMS
,                   	,
IDENT               	COUNT
)                   	)
NEW_LINE            	

END                 	END
NEW_LINE            	

