COMMENT             	C Famous difficult cases in Fortran syntax
token(98)           	INTEGER
IDENT               	FORMAT
(                   	(
INT                 	10
)                   	)
,                   	,
IDENT               	H3
IDENT               	DO10I
=                   	=
INT                 	1
,                   	,
INT                 	10
IDENT               	DO10I
=                   	=
FLOAT               	1.10
INT                 	10
continue            	CONTINUE
IDENT               	DOUBLE
IDENT               	PRECISION
IDENT               	I
=                   	=
INT                 	1
,                   	,
INT                 	10
IDENT               	DOUBLE
IDENT               	PRECISION
IDENT               	I
=                   	=
FLOAT               	1.10
token(102)          	END
token(103)          	DO
INT                 	1
IDENT               	format
(                   	(
INT                 	3
IDENT               	H
)                   	)
=                   	=
(                   	(
IDENT               	I9
/                   	/
IDENT               	I10
)                   	)
INT                 	2
IDENT               	format
(                   	(
IDENT               	H3
)                   	)
=                   	=
(                   	(
IDENT               	I9
/                   	/
IDENT               	I10
)                   	)
token(102)          	end
IDENT               	REALFUNCTIONF
(                   	(
IDENT               	M
,                   	,
IDENT               	N
)                   	)
IDENT               	REALFUNCTIONF
(                   	(
IDENT               	M
,                   	,
IDENT               	N
)                   	)
IDENT               	REALFUNCTIONF
(                   	(
IDENT               	M
,                   	,
IDENT               	N
)                   	)
=                   	=
IDENT               	M
+                   	+
IDENT               	N
IDENT               	FUNCTIONF
(                   	(
IDENT               	M
,                   	,
IDENT               	N
)                   	)
=                   	=
IDENT               	M
+                   	+
IDENT               	N
IDENT               	F
=                   	=
IDENT               	M
+                   	+
IDENT               	N
token(102)          	END
