IDENT               	character
*                   	*
INT                 	8
IDENT               	c8
,                   	,
IDENT               	c7
*                   	*
INT                 	7
NEW_LINE            	

IDENT               	character
IDENT               	c1
NEW_LINE            	

IDENT               	common
/                   	/
IDENT               	chars
/                   	/
IDENT               	c1
,                   	,
IDENT               	c8
,                   	,
IDENT               	c7
NEW_LINE            	

INTEGER             	integer
IDENT               	iplain
NEW_LINE            	

INTEGER             	integer
*                   	*
INT                 	4
IDENT               	ifour
NEW_LINE            	

INTEGER             	integer
*                   	*
INT                 	2
IDENT               	itwo
NEW_LINE            	

IDENT               	common
/                   	/
IDENT               	ints
/                   	/
IDENT               	iplain
,                   	,
IDENT               	ifour
,                   	,
IDENT               	itwo
NEW_LINE            	

IDENT               	common
/                   	/
IDENT               	bk1
/                   	/
IDENT               	a
,                   	,
IDENT               	b
,                   	,
IDENT               	c
,                   	,
IDENT               	d
,                   	,
IDENT               	e
,                   	,
IDENT               	f
,                   	,
IDENT               	g
NEW_LINE            	

IDENT               	c1
=                   	=
STRING              	'A'
NEW_LINE            	

CALL                	call
IDENT               	foo
NEW_LINE            	

END                 	end
NEW_LINE            	

SUBROUTINE          	subroutine
IDENT               	foo
NEW_LINE            	

IDENT               	character
*                   	*
INT                 	8
IDENT               	c8
,                   	,
IDENT               	c7
*                   	*
INT                 	7
NEW_LINE            	

IDENT               	character
IDENT               	c1
NEW_LINE            	

IDENT               	common
/                   	/
IDENT               	chars
/                   	/
IDENT               	c7
,                   	,
IDENT               	c8
,                   	,
IDENT               	c1
NEW_LINE            	

INTEGER             	integer
IDENT               	iplain
NEW_LINE            	

INTEGER             	integer
*                   	*
INT                 	4
IDENT               	ifour
NEW_LINE            	

INTEGER             	integer
*                   	*
INT                 	2
IDENT               	itwo
NEW_LINE            	

IDENT               	common
/                   	/
IDENT               	ints
/                   	/
IDENT               	iplain
,                   	,
IDENT               	itwo
,                   	,
IDENT               	ifour
NEW_LINE            	

IDENT               	common
/                   	/
IDENT               	bk1
/                   	/
IDENT               	i
,                   	,
IDENT               	j
,                   	,
IDENT               	k
,                   	,
IDENT               	l
,                   	,
IDENT               	m
,                   	,
IDENT               	n
,                   	,
IDENT               	o
NEW_LINE            	

IDENT               	c1
=                   	=
STRING              	'A'
NEW_LINE            	

CALL                	call
IDENT               	bar
NEW_LINE            	

END                 	end
NEW_LINE            	

SUBROUTINE          	subroutine
IDENT               	bar
NEW_LINE            	

IDENT               	character
*                   	*
INT                 	8
IDENT               	c8
,                   	,
IDENT               	c7
*                   	*
INT                 	7
NEW_LINE            	

IDENT               	character
IDENT               	c1
NEW_LINE            	

IDENT               	common
/                   	/
IDENT               	chars
/                   	/
IDENT               	c7
,                   	,
IDENT               	c8
NEW_LINE            	

INTEGER             	integer
IDENT               	iplain
NEW_LINE            	

INTEGER             	integer
*                   	*
INT                 	4
IDENT               	ifour
NEW_LINE            	

IDENT               	common
/                   	/
IDENT               	ints
/                   	/
IDENT               	ifour
,                   	,
IDENT               	iplain
NEW_LINE            	

IDENT               	common
/                   	/
IDENT               	bk1
/                   	/
IDENT               	a
(                   	(
INT                 	3
)                   	)
,                   	,
IDENT               	j
,                   	,
IDENT               	x
,                   	,
IDENT               	y
,                   	,
IDENT               	z
NEW_LINE            	

IDENT               	c1
=                   	=
STRING              	'A'
NEW_LINE            	

IDENT               	c7
=                   	=
IDENT               	c1
/                   	/
/                   	/
IDENT               	c8
NEW_LINE            	

END                 	end
NEW_LINE            	

NEW_LINE            	

