COMMENT             	C Test program for checking aliasing of arguments to common variables
NEW_LINE            	

COMMENT             	C
NEW_LINE            	

IDENT               	COMMON
IDENT               	Q
,                   	,
IDENT               	F
,                   	,
IDENT               	X
NEW_LINE            	

IDENT               	COMMON
/                   	/
IDENT               	BLK1
/                   	/
IDENT               	DAT
(                   	(
INT                 	100
)                   	)
NEW_LINE            	

IDENT               	W
=                   	=
FLOAT               	1.0
NEW_LINE            	

IDENT               	X
=                   	=
FLOAT               	2.0
NEW_LINE            	

IDENT               	Z
=                   	=
FLOAT               	4.0
NEW_LINE            	

CALL                	CALL
IDENT               	FOO
(                   	(
IDENT               	W
,                   	,
IDENT               	X
,                   	,
IDENT               	Y
,                   	,
IDENT               	Z
)                   	)
NEW_LINE            	

CALL                	CALL
IDENT               	FOO
(                   	(
IDENT               	F
,                   	,
IDENT               	W
,                   	,
IDENT               	Y
,                   	,
IDENT               	Z
)                   	)
NEW_LINE            	

CALL                	CALL
IDENT               	FOO
(                   	(
IDENT               	W
,                   	,
IDENT               	Y
,                   	,
IDENT               	Q
,                   	,
IDENT               	Z
)                   	)
NEW_LINE            	

IDENT               	PRINT
*                   	*
,                   	,
IDENT               	W
,                   	,
IDENT               	X
,                   	,
IDENT               	Y
,                   	,
IDENT               	Z
NEW_LINE            	

CALL                	CALL
IDENT               	BAR
(                   	(
IDENT               	DAT
,                   	,
INT                 	100
)                   	)
NEW_LINE            	

IDENT               	STOP
NEW_LINE            	

END                 	END
NEW_LINE            	

SUBROUTINE          	SUBROUTINE
IDENT               	FOO
(                   	(
IDENT               	A
,                   	,
IDENT               	B
,                   	,
IDENT               	C
,                   	,
IDENT               	D
)                   	)
NEW_LINE            	

IDENT               	COMMON
IDENT               	T
,                   	,
IDENT               	U
,                   	,
IDENT               	V
NEW_LINE            	

IDENT               	B
=                   	=
IDENT               	A
+                   	+
IDENT               	C
+                   	+
IDENT               	D
NEW_LINE            	

IDENT               	T
=                   	=
IDENT               	B
+                   	+
FLOAT               	1.0
NEW_LINE            	

return              	RETURN
NEW_LINE            	

END                 	END
NEW_LINE            	

SUBROUTINE          	SUBROUTINE
IDENT               	BAR
(                   	(
IDENT               	D
,                   	,
IDENT               	N
)                   	)
NEW_LINE            	

IDENT               	COMMON
/                   	/
IDENT               	BLK1
/                   	/
IDENT               	TAD
(                   	(
INT                 	100
)                   	)
NEW_LINE            	

IDENT               	REAL
IDENT               	D
(                   	(
IDENT               	N
)                   	)
NEW_LINE            	

DO                  	DO
INT                 	10
IDENT               	I
=                   	=
INT                 	1
,                   	,
IDENT               	N
-                   	-
INT                 	1
NEW_LINE            	

IDENT               	TAD
(                   	(
IDENT               	I
)                   	)
=                   	=
IDENT               	I
NEW_LINE            	

IDENT               	D
(                   	(
IDENT               	I
)                   	)
=                   	=
IDENT               	TAD
(                   	(
IDENT               	I
)                   	)
*                   	*
FLOAT               	2.0
NEW_LINE            	

INT                 	10
continue            	CONTINUE
NEW_LINE            	

END                 	END
NEW_LINE            	

