IDENT               	complex
IDENT               	cc
,                   	,
IDENT               	cd
NEW_LINE            	

IDENT               	parameter
(                   	(
IDENT               	cc
=                   	=
(                   	(
FLOAT               	1.2
,                   	,
FLOAT               	3.4
)                   	)
)                   	)
NEW_LINE            	

IDENT               	data
IDENT               	cd
,                   	,
IDENT               	de
/                   	/
(                   	(
+                   	+
INT                 	23e5
,                   	,
INT                 	0
)                   	)
,                   	,
(                   	(
-                   	-
INT                 	5
,                   	,
+                   	+
INT                 	77
)                   	)
/                   	/
NEW_LINE            	

IDENT               	a
=                   	=
(                   	(
INT                 	12
,                   	,
INT                 	32
)                   	)
NEW_LINE            	

IDENT               	a
=                   	=
(                   	(
INT                 	5
,                   	,
-                   	-
INT                 	3e5
)                   	)
NEW_LINE            	

IDENT               	write
(                   	(
INT                 	11
,                   	,
INT                 	7
)                   	)
IDENT               	a
NEW_LINE            	

INT                 	7
IDENT               	format
(                   	(
INT                 	1
IDENT               	x
,                   	,
INT                 	2
IDENT               	f10
.                   	.
IDENT               	print
INT                 	22
,                   	,
(                   	(
INT                 	1
,                   	,
INT                 	2
)                   	)
,                   	,
IDENT               	a
,                   	,
(                   	(
INT                 	1
,                   	,
INT                 	2
,                   	,
IDENT               	i
=                   	=
INT                 	1
,                   	,
INT                 	2
)                   	)
NEW_LINE            	

INT                 	22
IDENT               	format
(                   	(
INT                 	1
IDENT               	x
,                   	,
FLOAT               	2e10.3
,                   	,
INT                 	2
IDENT               	f10
.                   	.
INT                 	4
)                   	)
NEW_LINE            	

CALL                	call
IDENT               	abc
(                   	(
INT                 	123
,                   	,
(                   	(
INT                 	456
,                   	,
INT                 	789
)                   	)
)                   	)
NEW_LINE            	

END                 	end
NEW_LINE            	

SUBROUTINE          	subroutine
IDENT               	abc
(                   	(
IDENT               	x
,                   	,
IDENT               	z
)                   	)
NEW_LINE            	

INTEGER             	integer
IDENT               	x
NEW_LINE            	

IDENT               	complex
IDENT               	z
NEW_LINE            	

IDENT               	print
*                   	*
,                   	,
IDENT               	z
+                   	+
IDENT               	x
NEW_LINE            	

END                 	end
NEW_LINE            	

