IDENT               	read
(                   	(
IDENT               	unit
=                   	=
INT                 	5
,                   	,
IDENT               	fmt
=                   	=
INT                 	1900
)                   	)
IDENT               	x
INT                 	1900
IDENT               	format
(                   	(
IDENT               	f10
.                   	.
if                  	if
(                   	(
IDENT               	x
)                   	)
INT                 	100
,                   	,
INT                 	250
,                   	,
INT                 	89
INT                 	89
IDENT               	assign
INT                 	100
IDENT               	to
IDENT               	icky
IDENT               	goto
IDENT               	icky
INT                 	100
IDENT               	write
(                   	(
INT                 	6
,                   	,
*                   	*
)                   	)
STRING              	'hello'
token(103)          	do
INT                 	123
IDENT               	i
=                   	=
INT                 	1
,                   	,
INT                 	123
IDENT               	read
(                   	(
IDENT               	fmt
=                   	=
INT                 	1900
,                   	,
IDENT               	unit
=                   	=
INT                 	5
,                   	,
token(102)          	end
=                   	=
INT                 	200
,                   	,
IDENT               	err
=                   	=
INT                 	909
)                   	)
IDENT               	x
INT                 	123
continue            	continue
INT                 	302
IDENT               	write
(                   	(
*                   	*
,                   	,
INT                 	909
)                   	)
IDENT               	x
INT                 	909
IDENT               	format
(                   	(
INT                 	1
IDENT               	x
,                   	,
IDENT               	f10
.                   	.
INT                 	200
continue            	continue
IDENT               	print
INT                 	9
,                   	,
IDENT               	x
INT                 	9
IDENT               	format
(                   	(
STRING              	' Just checking'
)                   	)
IDENT               	read
INT                 	10
,                   	,
IDENT               	x
IDENT               	type
INT                 	11
,                   	,
IDENT               	sqrt
(                   	(
FLOAT               	2.0
)                   	)
INT                 	11
IDENT               	format
(                   	(
STRING              	' The sqrt of 2 is '
,                   	,
IDENT               	f15
.                   	.
IDENT               	write
(                   	(
*                   	*
,                   	,
*                   	*
)                   	)
STRING              	'I'
STRING              	'm outta here'
token(102)          	end
