COMMENT             	C This program tickled a bug in gcc under DEC Unix for Alpha
NEW_LINE            	

PROGRAM             	PROGRAM
IDENT               	X
NEW_LINE            	

IDENT               	CHARACTER
*                   	*
INT                 	80
IDENT               	LINE
NEW_LINE            	

INTEGER             	INTEGER
IDENT               	LSTART
,                   	,
IDENT               	LEND
NEW_LINE            	

IDENT               	PARAMETER
(                   	(
IDENT               	LSTART
=                   	=
INT                 	2
,                   	,
IDENT               	LEND
=                   	=
INT                 	11
)                   	)
NEW_LINE            	

IDENT               	READ
(                   	(
INT                 	5
,                   	,
STRING              	'(A)'
)                   	)
IDENT               	LINE
(                   	(
INT                 	1
:                   	:
INT                 	9
)                   	)
NEW_LINE            	

IDENT               	PRINT
*                   	*
,                   	,
IDENT               	LINE
(                   	(
INT                 	9
:                   	:
INT                 	10
)                   	)
NEW_LINE            	

IDENT               	READ
(                   	(
INT                 	5
,                   	,
STRING              	'(A)'
)                   	)
IDENT               	LINE
(                   	(
IDENT               	LSTART
:                   	:
IDENT               	LEND
)                   	)
NEW_LINE            	

IDENT               	PRINT
*                   	*
,                   	,
IDENT               	LINE
(                   	(
INT                 	2
:                   	:
IDENT               	LEND
)                   	)
NEW_LINE            	

END                 	END
NEW_LINE            	

