IDENT               	PARAMETER
(                   	(
IDENT               	NPI
=                   	=
INT                 	9
)                   	)
NEW_LINE            	

IDENT               	INTRINSIC
IDENT               	SQRT
,                   	,
IDENT               	SIN
,                   	,
IDENT               	COS
NEW_LINE            	

IDENT               	EXTERNAL
IDENT               	MYSQRT
,                   	,
IDENT               	MYSUB
NEW_LINE            	

IDENT               	REAL
IDENT               	MYSQRT
NEW_LINE            	

END                 	END
NEW_LINE            	

