IDENT               	character
*                   	*
(                   	(
*                   	*
)                   	)
IDENT               	s
NEW_LINE            	

IDENT               	parameter
(                   	(
IDENT               	s
=                   	=
STRING              	'hello'
)                   	)
NEW_LINE            	

END                 	end
NEW_LINE            	

