INTEGER             	INTEGER
IDENT               	MAXTOK
NEW_LINE            	

IDENT               	PARAMETER
(                   	(
IDENT               	MAXTOK
=                   	=
INT                 	10
)                   	)
NEW_LINE            	

IDENT               	CHARACTER
*                   	*
(                   	(
IDENT               	MAXTOK
)                   	)
IDENT               	TOKLMX
NEW_LINE            	

IDENT               	CHARACTER
*                   	*
INT                 	10
IDENT               	TOKL10
NEW_LINE            	

END                 	END
NEW_LINE            	

