COMMENT             	*> \brief \b CAXPY
NEW_LINE            	

COMMENT             	*
NEW_LINE            	

COMMENT             	*  =========== DOCUMENTATION ===========
NEW_LINE            	

COMMENT             	*
NEW_LINE            	

COMMENT             	* Online html documentation available at
NEW_LINE            	

COMMENT             	*            http://www.netlib.org/lapack/explore-html/
NEW_LINE            	

COMMENT             	*
NEW_LINE            	

COMMENT             	*  Definition:
NEW_LINE            	

COMMENT             	*  ===========
NEW_LINE            	

COMMENT             	*
NEW_LINE            	

COMMENT             	*       SUBROUTINE CAXPY(N,CA,CX,INCX,CY,INCY)
NEW_LINE            	

COMMENT             	*
NEW_LINE            	

COMMENT             	*       .. Scalar Arguments ..
NEW_LINE            	

COMMENT             	*       COMPLEX CA
NEW_LINE            	

COMMENT             	*       INTEGER INCX,INCY,N
NEW_LINE            	

COMMENT             	*       ..
NEW_LINE            	

COMMENT             	*       .. Array Arguments ..
NEW_LINE            	

COMMENT             	*       COMPLEX CX(*),CY(*)
NEW_LINE            	

COMMENT             	*       ..
NEW_LINE            	

COMMENT             	*
NEW_LINE            	

COMMENT             	*
NEW_LINE            	

COMMENT             	*> \par Purpose:
NEW_LINE            	

COMMENT             	*  =============
NEW_LINE            	

COMMENT             	*>
NEW_LINE            	

COMMENT             	*> \verbatim
NEW_LINE            	

COMMENT             	*>
NEW_LINE            	

COMMENT             	*>    CAXPY constant times a vector plus a vector.
NEW_LINE            	

COMMENT             	*> \endverbatim
NEW_LINE            	

COMMENT             	*
NEW_LINE            	

COMMENT             	*  Arguments:
NEW_LINE            	

COMMENT             	*  ==========
NEW_LINE            	

COMMENT             	*
NEW_LINE            	

COMMENT             	*> \param[in] N
NEW_LINE            	

COMMENT             	*> \verbatim
NEW_LINE            	

COMMENT             	*>          N is INTEGER
NEW_LINE            	

COMMENT             	*>         number of elements in input vector(s)
NEW_LINE            	

COMMENT             	*> \endverbatim
NEW_LINE            	

COMMENT             	*>
NEW_LINE            	

COMMENT             	*> \param[in] CA
NEW_LINE            	

COMMENT             	*> \verbatim
NEW_LINE            	

COMMENT             	*>          CA is COMPLEX
NEW_LINE            	

COMMENT             	*>           On entry, CA specifies the scalar alpha.
NEW_LINE            	

COMMENT             	*> \endverbatim
NEW_LINE            	

COMMENT             	*>
NEW_LINE            	

COMMENT             	*> \param[in] CX
NEW_LINE            	

COMMENT             	*> \verbatim
NEW_LINE            	

COMMENT             	*>          CX is COMPLEX array, dimension ( 1 + ( N - 1 )*abs( INCX ) )
NEW_LINE            	

COMMENT             	*> \endverbatim
NEW_LINE            	

COMMENT             	*>
NEW_LINE            	

COMMENT             	*> \param[in] INCX
NEW_LINE            	

COMMENT             	*> \verbatim
NEW_LINE            	

COMMENT             	*>          INCX is INTEGER
NEW_LINE            	

COMMENT             	*>         storage spacing between elements of CX
NEW_LINE            	

COMMENT             	*> \endverbatim
NEW_LINE            	

COMMENT             	*>
NEW_LINE            	

COMMENT             	*> \param[in,out] CY
NEW_LINE            	

COMMENT             	*> \verbatim
NEW_LINE            	

COMMENT             	*>          CY is COMPLEX array, dimension ( 1 + ( N - 1 )*abs( INCY ) )
NEW_LINE            	

COMMENT             	*> \endverbatim
NEW_LINE            	

COMMENT             	*>
NEW_LINE            	

COMMENT             	*> \param[in] INCY
NEW_LINE            	

COMMENT             	*> \verbatim
NEW_LINE            	

COMMENT             	*>          INCY is INTEGER
NEW_LINE            	

COMMENT             	*>         storage spacing between elements of CY
NEW_LINE            	

COMMENT             	*> \endverbatim
NEW_LINE            	

COMMENT             	*
NEW_LINE            	

COMMENT             	*  Authors:
NEW_LINE            	

COMMENT             	*  ========
NEW_LINE            	

COMMENT             	*
NEW_LINE            	

COMMENT             	*> \author Univ. of Tennessee
NEW_LINE            	

COMMENT             	*> \author Univ. of California Berkeley
NEW_LINE            	

COMMENT             	*> \author Univ. of Colorado Denver
NEW_LINE            	

COMMENT             	*> \author NAG Ltd.
NEW_LINE            	

COMMENT             	*
NEW_LINE            	

COMMENT             	*> \date November 2017
NEW_LINE            	

COMMENT             	*
NEW_LINE            	

COMMENT             	*> \ingroup complex_blas_level1
NEW_LINE            	

COMMENT             	*
NEW_LINE            	

COMMENT             	*> \par Further Details:
NEW_LINE            	

COMMENT             	*  =====================
NEW_LINE            	

COMMENT             	*>
NEW_LINE            	

COMMENT             	*> \verbatim
NEW_LINE            	

COMMENT             	*>
NEW_LINE            	

COMMENT             	*>     jack dongarra, linpack, 3/11/78.
NEW_LINE            	

COMMENT             	*>     modified 12/3/93, array(1) declarations changed to array(*)
NEW_LINE            	

COMMENT             	*> \endverbatim
NEW_LINE            	

COMMENT             	*>
NEW_LINE            	

COMMENT             	*  =====================================================================
NEW_LINE            	

SUBROUTINE          	SUBROUTINE
IDENT               	CAXPY
(                   	(
IDENT               	N
,                   	,
IDENT               	CA
,                   	,
IDENT               	CX
,                   	,
IDENT               	INCX
,                   	,
IDENT               	CY
,                   	,
IDENT               	INCY
)                   	)
NEW_LINE            	

COMMENT             	*
NEW_LINE            	

COMMENT             	*  -- Reference BLAS level1 routine (version 3.8.0) --
NEW_LINE            	

COMMENT             	*  -- Reference BLAS is a software package provided by Univ. of Tennessee,    --
NEW_LINE            	

COMMENT             	*  -- Univ. of California Berkeley, Univ. of Colorado Denver and NAG Ltd..--
NEW_LINE            	

COMMENT             	*     November 2017
NEW_LINE            	

COMMENT             	*
NEW_LINE            	

COMMENT             	*     .. Scalar Arguments ..
NEW_LINE            	

COMPLEX             	COMPLEX
IDENT               	CA
NEW_LINE            	

INTEGER             	INTEGER
IDENT               	INCX
,                   	,
IDENT               	INCY
,                   	,
IDENT               	N
NEW_LINE            	

COMMENT             	*     ..
NEW_LINE            	

COMMENT             	*     .. Array Arguments ..
NEW_LINE            	

COMPLEX             	COMPLEX
IDENT               	CX
(                   	(
*                   	*
)                   	)
,                   	,
IDENT               	CY
(                   	(
*                   	*
)                   	)
NEW_LINE            	

COMMENT             	*     ..
NEW_LINE            	

COMMENT             	*
NEW_LINE            	

COMMENT             	*  =====================================================================
NEW_LINE            	

COMMENT             	*
NEW_LINE            	

COMMENT             	*     .. Local Scalars ..
NEW_LINE            	

INTEGER             	INTEGER
IDENT               	I
,                   	,
IDENT               	IX
,                   	,
IDENT               	IY
NEW_LINE            	

COMMENT             	*     ..
NEW_LINE            	

COMMENT             	*     .. External Functions ..
NEW_LINE            	

REAL                	REAL
IDENT               	SCABS1
NEW_LINE            	

EXTERNAL            	EXTERNAL
IDENT               	SCABS1
NEW_LINE            	

COMMENT             	*     ..
NEW_LINE            	

if                  	IF
(                   	(
IDENT               	N
<=                  	.LE.
INT                 	0
)                   	)
return              	RETURN
NEW_LINE            	

if                  	IF
(                   	(
IDENT               	SCABS1
(                   	(
IDENT               	CA
)                   	)
==                  	.EQ.
FLOAT               	0.0E+0
)                   	)
return              	RETURN
NEW_LINE            	

if                  	IF
(                   	(
IDENT               	INCX
==                  	.EQ.
INT                 	1
&&                  	.AND.
IDENT               	INCY
==                  	.EQ.
INT                 	1
)                   	)
THEN                	THEN
NEW_LINE            	

COMMENT             	*
NEW_LINE            	

COMMENT             	*        code for both increments equal to 1
NEW_LINE            	

COMMENT             	*
NEW_LINE            	

DO                  	DO
IDENT               	I
=                   	=
INT                 	1
,                   	,
IDENT               	N
NEW_LINE            	

IDENT               	CY
(                   	(
IDENT               	I
)                   	)
=                   	=
IDENT               	CY
(                   	(
IDENT               	I
)                   	)
+                   	+
IDENT               	CA
*                   	*
IDENT               	CX
(                   	(
IDENT               	I
)                   	)
NEW_LINE            	

END                 	END
DO                  	DO
NEW_LINE            	

else                	ELSE
NEW_LINE            	

COMMENT             	*
NEW_LINE            	

COMMENT             	*        code for unequal increments or equal increments
NEW_LINE            	

COMMENT             	*          not equal to 1
NEW_LINE            	

COMMENT             	*
NEW_LINE            	

IDENT               	IX
=                   	=
INT                 	1
NEW_LINE            	

IDENT               	IY
=                   	=
INT                 	1
NEW_LINE            	

if                  	IF
(                   	(
IDENT               	INCX
<                   	.LT.
INT                 	0
)                   	)
IDENT               	IX
=                   	=
(                   	(
-                   	-
IDENT               	N
+                   	+
INT                 	1
)                   	)
*                   	*
IDENT               	INCX
+                   	+
INT                 	1
NEW_LINE            	

if                  	IF
(                   	(
IDENT               	INCY
<                   	.LT.
INT                 	0
)                   	)
IDENT               	IY
=                   	=
(                   	(
-                   	-
IDENT               	N
+                   	+
INT                 	1
)                   	)
*                   	*
IDENT               	INCY
+                   	+
INT                 	1
NEW_LINE            	

DO                  	DO
IDENT               	I
=                   	=
INT                 	1
,                   	,
IDENT               	N
NEW_LINE            	

IDENT               	CY
(                   	(
IDENT               	IY
)                   	)
=                   	=
IDENT               	CY
(                   	(
IDENT               	IY
)                   	)
+                   	+
IDENT               	CA
*                   	*
IDENT               	CX
(                   	(
IDENT               	IX
)                   	)
NEW_LINE            	

IDENT               	IX
=                   	=
IDENT               	IX
+                   	+
IDENT               	INCX
NEW_LINE            	

IDENT               	IY
=                   	=
IDENT               	IY
+                   	+
IDENT               	INCY
NEW_LINE            	

END                 	END
DO                  	DO
NEW_LINE            	

END                 	END
if                  	IF
NEW_LINE            	

COMMENT             	*
NEW_LINE            	

return              	RETURN
NEW_LINE            	

END                 	END
NEW_LINE            	

