COMMENT             	*> \brief \b ZTBSV
NEW_LINE            	

COMMENT             	*
NEW_LINE            	

COMMENT             	*  =========== DOCUMENTATION ===========
NEW_LINE            	

COMMENT             	*
NEW_LINE            	

COMMENT             	* Online html documentation available at
NEW_LINE            	

COMMENT             	*            http://www.netlib.org/lapack/explore-html/
NEW_LINE            	

COMMENT             	*
NEW_LINE            	

COMMENT             	*  Definition:
NEW_LINE            	

COMMENT             	*  ===========
NEW_LINE            	

COMMENT             	*
NEW_LINE            	

COMMENT             	*       SUBROUTINE ZTBSV(UPLO,TRANS,DIAG,N,K,A,LDA,X,INCX)
NEW_LINE            	

COMMENT             	*
NEW_LINE            	

COMMENT             	*       .. Scalar Arguments ..
NEW_LINE            	

COMMENT             	*       INTEGER INCX,K,LDA,N
NEW_LINE            	

COMMENT             	*       CHARACTER DIAG,TRANS,UPLO
NEW_LINE            	

COMMENT             	*       ..
NEW_LINE            	

COMMENT             	*       .. Array Arguments ..
NEW_LINE            	

COMMENT             	*       COMPLEX*16 A(LDA,*),X(*)
NEW_LINE            	

COMMENT             	*       ..
NEW_LINE            	

COMMENT             	*
NEW_LINE            	

COMMENT             	*
NEW_LINE            	

COMMENT             	*> \par Purpose:
NEW_LINE            	

COMMENT             	*  =============
NEW_LINE            	

COMMENT             	*>
NEW_LINE            	

COMMENT             	*> \verbatim
NEW_LINE            	

COMMENT             	*>
NEW_LINE            	

COMMENT             	*> ZTBSV  solves one of the systems of equations
NEW_LINE            	

COMMENT             	*>
NEW_LINE            	

COMMENT             	*>    A*x = b,   or   A**T*x = b,   or   A**H*x = b,
NEW_LINE            	

COMMENT             	*>
NEW_LINE            	

COMMENT             	*> where b and x are n element vectors and A is an n by n unit, or
NEW_LINE            	

COMMENT             	*> non-unit, upper or lower triangular band matrix, with ( k + 1 )
NEW_LINE            	

COMMENT             	*> diagonals.
NEW_LINE            	

COMMENT             	*>
NEW_LINE            	

COMMENT             	*> No test for singularity or near-singularity is included in this
NEW_LINE            	

COMMENT             	*> routine. Such tests must be performed before calling this routine.
NEW_LINE            	

COMMENT             	*> \endverbatim
NEW_LINE            	

COMMENT             	*
NEW_LINE            	

COMMENT             	*  Arguments:
NEW_LINE            	

COMMENT             	*  ==========
NEW_LINE            	

COMMENT             	*
NEW_LINE            	

COMMENT             	*> \param[in] UPLO
NEW_LINE            	

COMMENT             	*> \verbatim
NEW_LINE            	

COMMENT             	*>          UPLO is CHARACTER*1
NEW_LINE            	

COMMENT             	*>           On entry, UPLO specifies whether the matrix is an upper or
NEW_LINE            	

COMMENT             	*>           lower triangular matrix as follows:
NEW_LINE            	

COMMENT             	*>
NEW_LINE            	

COMMENT             	*>              UPLO = 'U' or 'u'   A is an upper triangular matrix.
NEW_LINE            	

COMMENT             	*>
NEW_LINE            	

COMMENT             	*>              UPLO = 'L' or 'l'   A is a lower triangular matrix.
NEW_LINE            	

COMMENT             	*> \endverbatim
NEW_LINE            	

COMMENT             	*>
NEW_LINE            	

COMMENT             	*> \param[in] TRANS
NEW_LINE            	

COMMENT             	*> \verbatim
NEW_LINE            	

COMMENT             	*>          TRANS is CHARACTER*1
NEW_LINE            	

COMMENT             	*>           On entry, TRANS specifies the equations to be solved as
NEW_LINE            	

COMMENT             	*>           follows:
NEW_LINE            	

COMMENT             	*>
NEW_LINE            	

COMMENT             	*>              TRANS = 'N' or 'n'   A*x = b.
NEW_LINE            	

COMMENT             	*>
NEW_LINE            	

COMMENT             	*>              TRANS = 'T' or 't'   A**T*x = b.
NEW_LINE            	

COMMENT             	*>
NEW_LINE            	

COMMENT             	*>              TRANS = 'C' or 'c'   A**H*x = b.
NEW_LINE            	

COMMENT             	*> \endverbatim
NEW_LINE            	

COMMENT             	*>
NEW_LINE            	

COMMENT             	*> \param[in] DIAG
NEW_LINE            	

COMMENT             	*> \verbatim
NEW_LINE            	

COMMENT             	*>          DIAG is CHARACTER*1
NEW_LINE            	

COMMENT             	*>           On entry, DIAG specifies whether or not A is unit
NEW_LINE            	

COMMENT             	*>           triangular as follows:
NEW_LINE            	

COMMENT             	*>
NEW_LINE            	

COMMENT             	*>              DIAG = 'U' or 'u'   A is assumed to be unit triangular.
NEW_LINE            	

COMMENT             	*>
NEW_LINE            	

COMMENT             	*>              DIAG = 'N' or 'n'   A is not assumed to be unit
NEW_LINE            	

COMMENT             	*>                                  triangular.
NEW_LINE            	

COMMENT             	*> \endverbatim
NEW_LINE            	

COMMENT             	*>
NEW_LINE            	

COMMENT             	*> \param[in] N
NEW_LINE            	

COMMENT             	*> \verbatim
NEW_LINE            	

COMMENT             	*>          N is INTEGER
NEW_LINE            	

COMMENT             	*>           On entry, N specifies the order of the matrix A.
NEW_LINE            	

COMMENT             	*>           N must be at least zero.
NEW_LINE            	

COMMENT             	*> \endverbatim
NEW_LINE            	

COMMENT             	*>
NEW_LINE            	

COMMENT             	*> \param[in] K
NEW_LINE            	

COMMENT             	*> \verbatim
NEW_LINE            	

COMMENT             	*>          K is INTEGER
NEW_LINE            	

COMMENT             	*>           On entry with UPLO = 'U' or 'u', K specifies the number of
NEW_LINE            	

COMMENT             	*>           super-diagonals of the matrix A.
NEW_LINE            	

COMMENT             	*>           On entry with UPLO = 'L' or 'l', K specifies the number of
NEW_LINE            	

COMMENT             	*>           sub-diagonals of the matrix A.
NEW_LINE            	

COMMENT             	*>           K must satisfy  0 .le. K.
NEW_LINE            	

COMMENT             	*> \endverbatim
NEW_LINE            	

COMMENT             	*>
NEW_LINE            	

COMMENT             	*> \param[in] A
NEW_LINE            	

COMMENT             	*> \verbatim
NEW_LINE            	

COMMENT             	*>          A is COMPLEX*16 array, dimension ( LDA, N )
NEW_LINE            	

COMMENT             	*>           Before entry with UPLO = 'U' or 'u', the leading ( k + 1 )
NEW_LINE            	

COMMENT             	*>           by n part of the array A must contain the upper triangular
NEW_LINE            	

COMMENT             	*>           band part of the matrix of coefficients, supplied column by
NEW_LINE            	

COMMENT             	*>           column, with the leading diagonal of the matrix in row
NEW_LINE            	

COMMENT             	*>           ( k + 1 ) of the array, the first super-diagonal starting at
NEW_LINE            	

COMMENT             	*>           position 2 in row k, and so on. The top left k by k triangle
NEW_LINE            	

COMMENT             	*>           of the array A is not referenced.
NEW_LINE            	

COMMENT             	*>           The following program segment will transfer an upper
NEW_LINE            	

COMMENT             	*>           triangular band matrix from conventional full matrix storage
NEW_LINE            	

COMMENT             	*>           to band storage:
NEW_LINE            	

COMMENT             	*>
NEW_LINE            	

COMMENT             	*>                 DO 20, J = 1, N
NEW_LINE            	

COMMENT             	*>                    M = K + 1 - J
NEW_LINE            	

COMMENT             	*>                    DO 10, I = MAX( 1, J - K ), J
NEW_LINE            	

COMMENT             	*>                       A( M + I, J ) = matrix( I, J )
NEW_LINE            	

COMMENT             	*>              10    CONTINUE
NEW_LINE            	

COMMENT             	*>              20 CONTINUE
NEW_LINE            	

COMMENT             	*>
NEW_LINE            	

COMMENT             	*>           Before entry with UPLO = 'L' or 'l', the leading ( k + 1 )
NEW_LINE            	

COMMENT             	*>           by n part of the array A must contain the lower triangular
NEW_LINE            	

COMMENT             	*>           band part of the matrix of coefficients, supplied column by
NEW_LINE            	

COMMENT             	*>           column, with the leading diagonal of the matrix in row 1 of
NEW_LINE            	

COMMENT             	*>           the array, the first sub-diagonal starting at position 1 in
NEW_LINE            	

COMMENT             	*>           row 2, and so on. The bottom right k by k triangle of the
NEW_LINE            	

COMMENT             	*>           array A is not referenced.
NEW_LINE            	

COMMENT             	*>           The following program segment will transfer a lower
NEW_LINE            	

COMMENT             	*>           triangular band matrix from conventional full matrix storage
NEW_LINE            	

COMMENT             	*>           to band storage:
NEW_LINE            	

COMMENT             	*>
NEW_LINE            	

COMMENT             	*>                 DO 20, J = 1, N
NEW_LINE            	

COMMENT             	*>                    M = 1 - J
NEW_LINE            	

COMMENT             	*>                    DO 10, I = J, MIN( N, J + K )
NEW_LINE            	

COMMENT             	*>                       A( M + I, J ) = matrix( I, J )
NEW_LINE            	

COMMENT             	*>              10    CONTINUE
NEW_LINE            	

COMMENT             	*>              20 CONTINUE
NEW_LINE            	

COMMENT             	*>
NEW_LINE            	

COMMENT             	*>           Note that when DIAG = 'U' or 'u' the elements of the array A
NEW_LINE            	

COMMENT             	*>           corresponding to the diagonal elements of the matrix are not
NEW_LINE            	

COMMENT             	*>           referenced, but are assumed to be unity.
NEW_LINE            	

COMMENT             	*> \endverbatim
NEW_LINE            	

COMMENT             	*>
NEW_LINE            	

COMMENT             	*> \param[in] LDA
NEW_LINE            	

COMMENT             	*> \verbatim
NEW_LINE            	

COMMENT             	*>          LDA is INTEGER
NEW_LINE            	

COMMENT             	*>           On entry, LDA specifies the first dimension of A as declared
NEW_LINE            	

COMMENT             	*>           in the calling (sub) program. LDA must be at least
NEW_LINE            	

COMMENT             	*>           ( k + 1 ).
NEW_LINE            	

COMMENT             	*> \endverbatim
NEW_LINE            	

COMMENT             	*>
NEW_LINE            	

COMMENT             	*> \param[in,out] X
NEW_LINE            	

COMMENT             	*> \verbatim
NEW_LINE            	

COMMENT             	*>          X is COMPLEX*16 array, dimension at least
NEW_LINE            	

COMMENT             	*>           ( 1 + ( n - 1 )*abs( INCX ) ).
NEW_LINE            	

COMMENT             	*>           Before entry, the incremented array X must contain the n
NEW_LINE            	

COMMENT             	*>           element right-hand side vector b. On exit, X is overwritten
NEW_LINE            	

COMMENT             	*>           with the solution vector x.
NEW_LINE            	

COMMENT             	*> \endverbatim
NEW_LINE            	

COMMENT             	*>
NEW_LINE            	

COMMENT             	*> \param[in] INCX
NEW_LINE            	

COMMENT             	*> \verbatim
NEW_LINE            	

COMMENT             	*>          INCX is INTEGER
NEW_LINE            	

COMMENT             	*>           On entry, INCX specifies the increment for the elements of
NEW_LINE            	

COMMENT             	*>           X. INCX must not be zero.
NEW_LINE            	

COMMENT             	*> \endverbatim
NEW_LINE            	

COMMENT             	*
NEW_LINE            	

COMMENT             	*  Authors:
NEW_LINE            	

COMMENT             	*  ========
NEW_LINE            	

COMMENT             	*
NEW_LINE            	

COMMENT             	*> \author Univ. of Tennessee
NEW_LINE            	

COMMENT             	*> \author Univ. of California Berkeley
NEW_LINE            	

COMMENT             	*> \author Univ. of Colorado Denver
NEW_LINE            	

COMMENT             	*> \author NAG Ltd.
NEW_LINE            	

COMMENT             	*
NEW_LINE            	

COMMENT             	*> \date December 2016
NEW_LINE            	

COMMENT             	*
NEW_LINE            	

COMMENT             	*> \ingroup complex16_blas_level2
NEW_LINE            	

COMMENT             	*
NEW_LINE            	

COMMENT             	*> \par Further Details:
NEW_LINE            	

COMMENT             	*  =====================
NEW_LINE            	

COMMENT             	*>
NEW_LINE            	

COMMENT             	*> \verbatim
NEW_LINE            	

COMMENT             	*>
NEW_LINE            	

COMMENT             	*>  Level 2 Blas routine.
NEW_LINE            	

COMMENT             	*>
NEW_LINE            	

COMMENT             	*>  -- Written on 22-October-1986.
NEW_LINE            	

COMMENT             	*>     Jack Dongarra, Argonne National Lab.
NEW_LINE            	

COMMENT             	*>     Jeremy Du Croz, Nag Central Office.
NEW_LINE            	

COMMENT             	*>     Sven Hammarling, Nag Central Office.
NEW_LINE            	

COMMENT             	*>     Richard Hanson, Sandia National Labs.
NEW_LINE            	

COMMENT             	*> \endverbatim
NEW_LINE            	

COMMENT             	*>
NEW_LINE            	

COMMENT             	*  =====================================================================
NEW_LINE            	

SUBROUTINE          	SUBROUTINE
IDENT               	ZTBSV
(                   	(
IDENT               	UPLO
,                   	,
IDENT               	TRANS
,                   	,
IDENT               	DIAG
,                   	,
IDENT               	N
,                   	,
IDENT               	K
,                   	,
IDENT               	A
,                   	,
IDENT               	LDA
,                   	,
IDENT               	X
,                   	,
IDENT               	INCX
)                   	)
NEW_LINE            	

COMMENT             	*
NEW_LINE            	

COMMENT             	*  -- Reference BLAS level2 routine (version 3.7.0) --
NEW_LINE            	

COMMENT             	*  -- Reference BLAS is a software package provided by Univ. of Tennessee,    --
NEW_LINE            	

COMMENT             	*  -- Univ. of California Berkeley, Univ. of Colorado Denver and NAG Ltd..--
NEW_LINE            	

COMMENT             	*     December 2016
NEW_LINE            	

COMMENT             	*
NEW_LINE            	

COMMENT             	*     .. Scalar Arguments ..
NEW_LINE            	

INTEGER             	INTEGER
IDENT               	INCX
,                   	,
IDENT               	K
,                   	,
IDENT               	LDA
,                   	,
IDENT               	N
NEW_LINE            	

CHARACTER           	CHARACTER
IDENT               	DIAG
,                   	,
IDENT               	TRANS
,                   	,
IDENT               	UPLO
NEW_LINE            	

COMMENT             	*     ..
NEW_LINE            	

COMMENT             	*     .. Array Arguments ..
NEW_LINE            	

COMPLEX             	COMPLEX
*                   	*
INT                 	16
IDENT               	A
(                   	(
IDENT               	LDA
,                   	,
*                   	*
)                   	)
,                   	,
IDENT               	X
(                   	(
*                   	*
)                   	)
NEW_LINE            	

COMMENT             	*     ..
NEW_LINE            	

COMMENT             	*
NEW_LINE            	

COMMENT             	*  =====================================================================
NEW_LINE            	

COMMENT             	*
NEW_LINE            	

COMMENT             	*     .. Parameters ..
NEW_LINE            	

COMPLEX             	COMPLEX
*                   	*
INT                 	16
IDENT               	ZERO
NEW_LINE            	

PARAMETER           	PARAMETER
(                   	(
IDENT               	ZERO
=                   	=
(                   	(
FLOAT               	0.0D+0
,                   	,
FLOAT               	0.0D+0
)                   	)
)                   	)
NEW_LINE            	

COMMENT             	*     ..
NEW_LINE            	

COMMENT             	*     .. Local Scalars ..
NEW_LINE            	

COMPLEX             	COMPLEX
*                   	*
INT                 	16
IDENT               	TEMP
NEW_LINE            	

INTEGER             	INTEGER
IDENT               	I
,                   	,
IDENT               	INFO
,                   	,
IDENT               	IX
,                   	,
IDENT               	J
,                   	,
IDENT               	JX
,                   	,
IDENT               	KPLUS1
,                   	,
IDENT               	KX
,                   	,
IDENT               	L
NEW_LINE            	

LOGICAL             	LOGICAL
IDENT               	NOCONJ
,                   	,
IDENT               	NOUNIT
NEW_LINE            	

COMMENT             	*     ..
NEW_LINE            	

COMMENT             	*     .. External Functions ..
NEW_LINE            	

LOGICAL             	LOGICAL
IDENT               	LSAME
NEW_LINE            	

EXTERNAL            	EXTERNAL
IDENT               	LSAME
NEW_LINE            	

COMMENT             	*     ..
NEW_LINE            	

COMMENT             	*     .. External Subroutines ..
NEW_LINE            	

EXTERNAL            	EXTERNAL
IDENT               	XERBLA
NEW_LINE            	

COMMENT             	*     ..
NEW_LINE            	

COMMENT             	*     .. Intrinsic Functions ..
NEW_LINE            	

IDENT               	INTRINSIC
IDENT               	DCONJG
,                   	,
IDENT               	MAX
,                   	,
IDENT               	MIN
NEW_LINE            	

COMMENT             	*     ..
NEW_LINE            	

COMMENT             	*
NEW_LINE            	

COMMENT             	*     Test the input parameters.
NEW_LINE            	

COMMENT             	*
NEW_LINE            	

IDENT               	INFO
=                   	=
INT                 	0
NEW_LINE            	

if                  	IF
(                   	(
!                   	.NOT.
IDENT               	LSAME
(                   	(
IDENT               	UPLO
,                   	,
STRING              	'U'
)                   	)
&&                  	.AND.
!                   	.NOT.
IDENT               	LSAME
(                   	(
IDENT               	UPLO
,                   	,
STRING              	'L'
)                   	)
)                   	)
THEN                	THEN
NEW_LINE            	

IDENT               	INFO
=                   	=
INT                 	1
NEW_LINE            	

else                	ELSE
if                  	IF
(                   	(
!                   	.NOT.
IDENT               	LSAME
(                   	(
IDENT               	TRANS
,                   	,
STRING              	'N'
)                   	)
&&                  	.AND.
!                   	.NOT.
IDENT               	LSAME
(                   	(
IDENT               	TRANS
,                   	,
STRING              	'T'
)                   	)
&&                  	.AND.
NEW_LINE            	

+                   	+
!                   	.NOT.
IDENT               	LSAME
(                   	(
IDENT               	TRANS
,                   	,
STRING              	'C'
)                   	)
)                   	)
THEN                	THEN
NEW_LINE            	

IDENT               	INFO
=                   	=
INT                 	2
NEW_LINE            	

else                	ELSE
if                  	IF
(                   	(
!                   	.NOT.
IDENT               	LSAME
(                   	(
IDENT               	DIAG
,                   	,
STRING              	'U'
)                   	)
&&                  	.AND.
!                   	.NOT.
IDENT               	LSAME
(                   	(
IDENT               	DIAG
,                   	,
STRING              	'N'
)                   	)
)                   	)
THEN                	THEN
NEW_LINE            	

IDENT               	INFO
=                   	=
INT                 	3
NEW_LINE            	

else                	ELSE
if                  	IF
(                   	(
IDENT               	N
<                   	.LT.
INT                 	0
)                   	)
THEN                	THEN
NEW_LINE            	

IDENT               	INFO
=                   	=
INT                 	4
NEW_LINE            	

else                	ELSE
if                  	IF
(                   	(
IDENT               	K
<                   	.LT.
INT                 	0
)                   	)
THEN                	THEN
NEW_LINE            	

IDENT               	INFO
=                   	=
INT                 	5
NEW_LINE            	

else                	ELSE
if                  	IF
(                   	(
IDENT               	LDA
<                   	.LT.
(                   	(
IDENT               	K
+                   	+
INT                 	1
)                   	)
)                   	)
THEN                	THEN
NEW_LINE            	

IDENT               	INFO
=                   	=
INT                 	7
NEW_LINE            	

else                	ELSE
if                  	IF
(                   	(
IDENT               	INCX
==                  	.EQ.
INT                 	0
)                   	)
THEN                	THEN
NEW_LINE            	

IDENT               	INFO
=                   	=
INT                 	9
NEW_LINE            	

END                 	END
if                  	IF
NEW_LINE            	

if                  	IF
(                   	(
IDENT               	INFO
!=                  	.NE.
INT                 	0
)                   	)
THEN                	THEN
NEW_LINE            	

CALL                	CALL
IDENT               	XERBLA
(                   	(
STRING              	'ZTBSV '
,                   	,
IDENT               	INFO
)                   	)
NEW_LINE            	

return              	RETURN
NEW_LINE            	

END                 	END
if                  	IF
NEW_LINE            	

COMMENT             	*
NEW_LINE            	

COMMENT             	*     Quick return if possible.
NEW_LINE            	

COMMENT             	*
NEW_LINE            	

if                  	IF
(                   	(
IDENT               	N
==                  	.EQ.
INT                 	0
)                   	)
return              	RETURN
NEW_LINE            	

COMMENT             	*
NEW_LINE            	

IDENT               	NOCONJ
=                   	=
IDENT               	LSAME
(                   	(
IDENT               	TRANS
,                   	,
STRING              	'T'
)                   	)
NEW_LINE            	

IDENT               	NOUNIT
=                   	=
IDENT               	LSAME
(                   	(
IDENT               	DIAG
,                   	,
STRING              	'N'
)                   	)
NEW_LINE            	

COMMENT             	*
NEW_LINE            	

COMMENT             	*     Set up the start point in X if the increment is not unity. This
NEW_LINE            	

COMMENT             	*     will be  ( N - 1 )*INCX  too small for descending loops.
NEW_LINE            	

COMMENT             	*
NEW_LINE            	

if                  	IF
(                   	(
IDENT               	INCX
<=                  	.LE.
INT                 	0
)                   	)
THEN                	THEN
NEW_LINE            	

IDENT               	KX
=                   	=
INT                 	1
-                   	-
(                   	(
IDENT               	N
-                   	-
INT                 	1
)                   	)
*                   	*
IDENT               	INCX
NEW_LINE            	

else                	ELSE
if                  	IF
(                   	(
IDENT               	INCX
!=                  	.NE.
INT                 	1
)                   	)
THEN                	THEN
NEW_LINE            	

IDENT               	KX
=                   	=
INT                 	1
NEW_LINE            	

END                 	END
if                  	IF
NEW_LINE            	

COMMENT             	*
NEW_LINE            	

COMMENT             	*     Start the operations. In this version the elements of A are
NEW_LINE            	

COMMENT             	*     accessed by sequentially with one pass through A.
NEW_LINE            	

COMMENT             	*
NEW_LINE            	

if                  	IF
(                   	(
IDENT               	LSAME
(                   	(
IDENT               	TRANS
,                   	,
STRING              	'N'
)                   	)
)                   	)
THEN                	THEN
NEW_LINE            	

COMMENT             	*
NEW_LINE            	

COMMENT             	*        Form  x := inv( A )*x.
NEW_LINE            	

COMMENT             	*
NEW_LINE            	

if                  	IF
(                   	(
IDENT               	LSAME
(                   	(
IDENT               	UPLO
,                   	,
STRING              	'U'
)                   	)
)                   	)
THEN                	THEN
NEW_LINE            	

IDENT               	KPLUS1
=                   	=
IDENT               	K
+                   	+
INT                 	1
NEW_LINE            	

if                  	IF
(                   	(
IDENT               	INCX
==                  	.EQ.
INT                 	1
)                   	)
THEN                	THEN
NEW_LINE            	

DO                  	DO
INT                 	20
IDENT               	J
=                   	=
IDENT               	N
,                   	,
INT                 	1
,                   	,
-                   	-
INT                 	1
NEW_LINE            	

if                  	IF
(                   	(
IDENT               	X
(                   	(
IDENT               	J
)                   	)
!=                  	.NE.
IDENT               	ZERO
)                   	)
THEN                	THEN
NEW_LINE            	

IDENT               	L
=                   	=
IDENT               	KPLUS1
-                   	-
IDENT               	J
NEW_LINE            	

if                  	IF
(                   	(
IDENT               	NOUNIT
)                   	)
IDENT               	X
(                   	(
IDENT               	J
)                   	)
=                   	=
IDENT               	X
(                   	(
IDENT               	J
)                   	)
/                   	/
IDENT               	A
(                   	(
IDENT               	KPLUS1
,                   	,
IDENT               	J
)                   	)
NEW_LINE            	

IDENT               	TEMP
=                   	=
IDENT               	X
(                   	(
IDENT               	J
)                   	)
NEW_LINE            	

DO                  	DO
INT                 	10
IDENT               	I
=                   	=
IDENT               	J
-                   	-
INT                 	1
,                   	,
IDENT               	MAX
(                   	(
INT                 	1
,                   	,
IDENT               	J
-                   	-
IDENT               	K
)                   	)
,                   	,
-                   	-
INT                 	1
NEW_LINE            	

IDENT               	X
(                   	(
IDENT               	I
)                   	)
=                   	=
IDENT               	X
(                   	(
IDENT               	I
)                   	)
-                   	-
IDENT               	TEMP
*                   	*
IDENT               	A
(                   	(
IDENT               	L
+                   	+
IDENT               	I
,                   	,
IDENT               	J
)                   	)
NEW_LINE            	

INT                 	10
continue            	CONTINUE
NEW_LINE            	

END                 	END
if                  	IF
NEW_LINE            	

INT                 	20
continue            	CONTINUE
NEW_LINE            	

else                	ELSE
NEW_LINE            	

IDENT               	KX
=                   	=
IDENT               	KX
+                   	+
(                   	(
IDENT               	N
-                   	-
INT                 	1
)                   	)
*                   	*
IDENT               	INCX
NEW_LINE            	

IDENT               	JX
=                   	=
IDENT               	KX
NEW_LINE            	

DO                  	DO
INT                 	40
IDENT               	J
=                   	=
IDENT               	N
,                   	,
INT                 	1
,                   	,
-                   	-
INT                 	1
NEW_LINE            	

IDENT               	KX
=                   	=
IDENT               	KX
-                   	-
IDENT               	INCX
NEW_LINE            	

if                  	IF
(                   	(
IDENT               	X
(                   	(
IDENT               	JX
)                   	)
!=                  	.NE.
IDENT               	ZERO
)                   	)
THEN                	THEN
NEW_LINE            	

IDENT               	IX
=                   	=
IDENT               	KX
NEW_LINE            	

IDENT               	L
=                   	=
IDENT               	KPLUS1
-                   	-
IDENT               	J
NEW_LINE            	

if                  	IF
(                   	(
IDENT               	NOUNIT
)                   	)
IDENT               	X
(                   	(
IDENT               	JX
)                   	)
=                   	=
IDENT               	X
(                   	(
IDENT               	JX
)                   	)
/                   	/
IDENT               	A
(                   	(
IDENT               	KPLUS1
,                   	,
IDENT               	J
)                   	)
NEW_LINE            	

IDENT               	TEMP
=                   	=
IDENT               	X
(                   	(
IDENT               	JX
)                   	)
NEW_LINE            	

DO                  	DO
INT                 	30
IDENT               	I
=                   	=
IDENT               	J
-                   	-
INT                 	1
,                   	,
IDENT               	MAX
(                   	(
INT                 	1
,                   	,
IDENT               	J
-                   	-
IDENT               	K
)                   	)
,                   	,
-                   	-
INT                 	1
NEW_LINE            	

IDENT               	X
(                   	(
IDENT               	IX
)                   	)
=                   	=
IDENT               	X
(                   	(
IDENT               	IX
)                   	)
-                   	-
IDENT               	TEMP
*                   	*
IDENT               	A
(                   	(
IDENT               	L
+                   	+
IDENT               	I
,                   	,
IDENT               	J
)                   	)
NEW_LINE            	

IDENT               	IX
=                   	=
IDENT               	IX
-                   	-
IDENT               	INCX
NEW_LINE            	

INT                 	30
continue            	CONTINUE
NEW_LINE            	

END                 	END
if                  	IF
NEW_LINE            	

IDENT               	JX
=                   	=
IDENT               	JX
-                   	-
IDENT               	INCX
NEW_LINE            	

INT                 	40
continue            	CONTINUE
NEW_LINE            	

END                 	END
if                  	IF
NEW_LINE            	

else                	ELSE
NEW_LINE            	

if                  	IF
(                   	(
IDENT               	INCX
==                  	.EQ.
INT                 	1
)                   	)
THEN                	THEN
NEW_LINE            	

DO                  	DO
INT                 	60
IDENT               	J
=                   	=
INT                 	1
,                   	,
IDENT               	N
NEW_LINE            	

if                  	IF
(                   	(
IDENT               	X
(                   	(
IDENT               	J
)                   	)
!=                  	.NE.
IDENT               	ZERO
)                   	)
THEN                	THEN
NEW_LINE            	

IDENT               	L
=                   	=
INT                 	1
-                   	-
IDENT               	J
NEW_LINE            	

if                  	IF
(                   	(
IDENT               	NOUNIT
)                   	)
IDENT               	X
(                   	(
IDENT               	J
)                   	)
=                   	=
IDENT               	X
(                   	(
IDENT               	J
)                   	)
/                   	/
IDENT               	A
(                   	(
INT                 	1
,                   	,
IDENT               	J
)                   	)
NEW_LINE            	

IDENT               	TEMP
=                   	=
IDENT               	X
(                   	(
IDENT               	J
)                   	)
NEW_LINE            	

DO                  	DO
INT                 	50
IDENT               	I
=                   	=
IDENT               	J
+                   	+
INT                 	1
,                   	,
IDENT               	MIN
(                   	(
IDENT               	N
,                   	,
IDENT               	J
+                   	+
IDENT               	K
)                   	)
NEW_LINE            	

IDENT               	X
(                   	(
IDENT               	I
)                   	)
=                   	=
IDENT               	X
(                   	(
IDENT               	I
)                   	)
-                   	-
IDENT               	TEMP
*                   	*
IDENT               	A
(                   	(
IDENT               	L
+                   	+
IDENT               	I
,                   	,
IDENT               	J
)                   	)
NEW_LINE            	

INT                 	50
continue            	CONTINUE
NEW_LINE            	

END                 	END
if                  	IF
NEW_LINE            	

INT                 	60
continue            	CONTINUE
NEW_LINE            	

else                	ELSE
NEW_LINE            	

IDENT               	JX
=                   	=
IDENT               	KX
NEW_LINE            	

DO                  	DO
INT                 	80
IDENT               	J
=                   	=
INT                 	1
,                   	,
IDENT               	N
NEW_LINE            	

IDENT               	KX
=                   	=
IDENT               	KX
+                   	+
IDENT               	INCX
NEW_LINE            	

if                  	IF
(                   	(
IDENT               	X
(                   	(
IDENT               	JX
)                   	)
!=                  	.NE.
IDENT               	ZERO
)                   	)
THEN                	THEN
NEW_LINE            	

IDENT               	IX
=                   	=
IDENT               	KX
NEW_LINE            	

IDENT               	L
=                   	=
INT                 	1
-                   	-
IDENT               	J
NEW_LINE            	

if                  	IF
(                   	(
IDENT               	NOUNIT
)                   	)
IDENT               	X
(                   	(
IDENT               	JX
)                   	)
=                   	=
IDENT               	X
(                   	(
IDENT               	JX
)                   	)
/                   	/
IDENT               	A
(                   	(
INT                 	1
,                   	,
IDENT               	J
)                   	)
NEW_LINE            	

IDENT               	TEMP
=                   	=
IDENT               	X
(                   	(
IDENT               	JX
)                   	)
NEW_LINE            	

DO                  	DO
INT                 	70
IDENT               	I
=                   	=
IDENT               	J
+                   	+
INT                 	1
,                   	,
IDENT               	MIN
(                   	(
IDENT               	N
,                   	,
IDENT               	J
+                   	+
IDENT               	K
)                   	)
NEW_LINE            	

IDENT               	X
(                   	(
IDENT               	IX
)                   	)
=                   	=
IDENT               	X
(                   	(
IDENT               	IX
)                   	)
-                   	-
IDENT               	TEMP
*                   	*
IDENT               	A
(                   	(
IDENT               	L
+                   	+
IDENT               	I
,                   	,
IDENT               	J
)                   	)
NEW_LINE            	

IDENT               	IX
=                   	=
IDENT               	IX
+                   	+
IDENT               	INCX
NEW_LINE            	

INT                 	70
continue            	CONTINUE
NEW_LINE            	

END                 	END
if                  	IF
NEW_LINE            	

IDENT               	JX
=                   	=
IDENT               	JX
+                   	+
IDENT               	INCX
NEW_LINE            	

INT                 	80
continue            	CONTINUE
NEW_LINE            	

END                 	END
if                  	IF
NEW_LINE            	

END                 	END
if                  	IF
NEW_LINE            	

else                	ELSE
NEW_LINE            	

COMMENT             	*
NEW_LINE            	

COMMENT             	*        Form  x := inv( A**T )*x  or  x := inv( A**H )*x.
NEW_LINE            	

COMMENT             	*
NEW_LINE            	

if                  	IF
(                   	(
IDENT               	LSAME
(                   	(
IDENT               	UPLO
,                   	,
STRING              	'U'
)                   	)
)                   	)
THEN                	THEN
NEW_LINE            	

IDENT               	KPLUS1
=                   	=
IDENT               	K
+                   	+
INT                 	1
NEW_LINE            	

if                  	IF
(                   	(
IDENT               	INCX
==                  	.EQ.
INT                 	1
)                   	)
THEN                	THEN
NEW_LINE            	

DO                  	DO
INT                 	110
IDENT               	J
=                   	=
INT                 	1
,                   	,
IDENT               	N
NEW_LINE            	

IDENT               	TEMP
=                   	=
IDENT               	X
(                   	(
IDENT               	J
)                   	)
NEW_LINE            	

IDENT               	L
=                   	=
IDENT               	KPLUS1
-                   	-
IDENT               	J
NEW_LINE            	

if                  	IF
(                   	(
IDENT               	NOCONJ
)                   	)
THEN                	THEN
NEW_LINE            	

DO                  	DO
INT                 	90
IDENT               	I
=                   	=
IDENT               	MAX
(                   	(
INT                 	1
,                   	,
IDENT               	J
-                   	-
IDENT               	K
)                   	)
,                   	,
IDENT               	J
-                   	-
INT                 	1
NEW_LINE            	

IDENT               	TEMP
=                   	=
IDENT               	TEMP
-                   	-
IDENT               	A
(                   	(
IDENT               	L
+                   	+
IDENT               	I
,                   	,
IDENT               	J
)                   	)
*                   	*
IDENT               	X
(                   	(
IDENT               	I
)                   	)
NEW_LINE            	

INT                 	90
continue            	CONTINUE
NEW_LINE            	

if                  	IF
(                   	(
IDENT               	NOUNIT
)                   	)
IDENT               	TEMP
=                   	=
IDENT               	TEMP
/                   	/
IDENT               	A
(                   	(
IDENT               	KPLUS1
,                   	,
IDENT               	J
)                   	)
NEW_LINE            	

else                	ELSE
NEW_LINE            	

DO                  	DO
INT                 	100
IDENT               	I
=                   	=
IDENT               	MAX
(                   	(
INT                 	1
,                   	,
IDENT               	J
-                   	-
IDENT               	K
)                   	)
,                   	,
IDENT               	J
-                   	-
INT                 	1
NEW_LINE            	

IDENT               	TEMP
=                   	=
IDENT               	TEMP
-                   	-
IDENT               	DCONJG
(                   	(
IDENT               	A
(                   	(
IDENT               	L
+                   	+
IDENT               	I
,                   	,
IDENT               	J
)                   	)
)                   	)
*                   	*
IDENT               	X
(                   	(
IDENT               	I
)                   	)
NEW_LINE            	

INT                 	100
continue            	CONTINUE
NEW_LINE            	

if                  	IF
(                   	(
IDENT               	NOUNIT
)                   	)
IDENT               	TEMP
=                   	=
IDENT               	TEMP
/                   	/
IDENT               	DCONJG
(                   	(
IDENT               	A
(                   	(
IDENT               	KPLUS1
,                   	,
IDENT               	J
)                   	)
)                   	)
NEW_LINE            	

END                 	END
if                  	IF
NEW_LINE            	

IDENT               	X
(                   	(
IDENT               	J
)                   	)
=                   	=
IDENT               	TEMP
NEW_LINE            	

INT                 	110
continue            	CONTINUE
NEW_LINE            	

else                	ELSE
NEW_LINE            	

IDENT               	JX
=                   	=
IDENT               	KX
NEW_LINE            	

DO                  	DO
INT                 	140
IDENT               	J
=                   	=
INT                 	1
,                   	,
IDENT               	N
NEW_LINE            	

IDENT               	TEMP
=                   	=
IDENT               	X
(                   	(
IDENT               	JX
)                   	)
NEW_LINE            	

IDENT               	IX
=                   	=
IDENT               	KX
NEW_LINE            	

IDENT               	L
=                   	=
IDENT               	KPLUS1
-                   	-
IDENT               	J
NEW_LINE            	

if                  	IF
(                   	(
IDENT               	NOCONJ
)                   	)
THEN                	THEN
NEW_LINE            	

DO                  	DO
INT                 	120
IDENT               	I
=                   	=
IDENT               	MAX
(                   	(
INT                 	1
,                   	,
IDENT               	J
-                   	-
IDENT               	K
)                   	)
,                   	,
IDENT               	J
-                   	-
INT                 	1
NEW_LINE            	

IDENT               	TEMP
=                   	=
IDENT               	TEMP
-                   	-
IDENT               	A
(                   	(
IDENT               	L
+                   	+
IDENT               	I
,                   	,
IDENT               	J
)                   	)
*                   	*
IDENT               	X
(                   	(
IDENT               	IX
)                   	)
NEW_LINE            	

IDENT               	IX
=                   	=
IDENT               	IX
+                   	+
IDENT               	INCX
NEW_LINE            	

INT                 	120
continue            	CONTINUE
NEW_LINE            	

if                  	IF
(                   	(
IDENT               	NOUNIT
)                   	)
IDENT               	TEMP
=                   	=
IDENT               	TEMP
/                   	/
IDENT               	A
(                   	(
IDENT               	KPLUS1
,                   	,
IDENT               	J
)                   	)
NEW_LINE            	

else                	ELSE
NEW_LINE            	

DO                  	DO
INT                 	130
IDENT               	I
=                   	=
IDENT               	MAX
(                   	(
INT                 	1
,                   	,
IDENT               	J
-                   	-
IDENT               	K
)                   	)
,                   	,
IDENT               	J
-                   	-
INT                 	1
NEW_LINE            	

IDENT               	TEMP
=                   	=
IDENT               	TEMP
-                   	-
IDENT               	DCONJG
(                   	(
IDENT               	A
(                   	(
IDENT               	L
+                   	+
IDENT               	I
,                   	,
IDENT               	J
)                   	)
)                   	)
*                   	*
IDENT               	X
(                   	(
IDENT               	IX
)                   	)
NEW_LINE            	

IDENT               	IX
=                   	=
IDENT               	IX
+                   	+
IDENT               	INCX
NEW_LINE            	

INT                 	130
continue            	CONTINUE
NEW_LINE            	

if                  	IF
(                   	(
IDENT               	NOUNIT
)                   	)
IDENT               	TEMP
=                   	=
IDENT               	TEMP
/                   	/
IDENT               	DCONJG
(                   	(
IDENT               	A
(                   	(
IDENT               	KPLUS1
,                   	,
IDENT               	J
)                   	)
)                   	)
NEW_LINE            	

END                 	END
if                  	IF
NEW_LINE            	

IDENT               	X
(                   	(
IDENT               	JX
)                   	)
=                   	=
IDENT               	TEMP
NEW_LINE            	

IDENT               	JX
=                   	=
IDENT               	JX
+                   	+
IDENT               	INCX
NEW_LINE            	

if                  	IF
(                   	(
IDENT               	J
>                   	.GT.
IDENT               	K
)                   	)
IDENT               	KX
=                   	=
IDENT               	KX
+                   	+
IDENT               	INCX
NEW_LINE            	

INT                 	140
continue            	CONTINUE
NEW_LINE            	

END                 	END
if                  	IF
NEW_LINE            	

else                	ELSE
NEW_LINE            	

if                  	IF
(                   	(
IDENT               	INCX
==                  	.EQ.
INT                 	1
)                   	)
THEN                	THEN
NEW_LINE            	

DO                  	DO
INT                 	170
IDENT               	J
=                   	=
IDENT               	N
,                   	,
INT                 	1
,                   	,
-                   	-
INT                 	1
NEW_LINE            	

IDENT               	TEMP
=                   	=
IDENT               	X
(                   	(
IDENT               	J
)                   	)
NEW_LINE            	

IDENT               	L
=                   	=
INT                 	1
-                   	-
IDENT               	J
NEW_LINE            	

if                  	IF
(                   	(
IDENT               	NOCONJ
)                   	)
THEN                	THEN
NEW_LINE            	

DO                  	DO
INT                 	150
IDENT               	I
=                   	=
IDENT               	MIN
(                   	(
IDENT               	N
,                   	,
IDENT               	J
+                   	+
IDENT               	K
)                   	)
,                   	,
IDENT               	J
+                   	+
INT                 	1
,                   	,
-                   	-
INT                 	1
NEW_LINE            	

IDENT               	TEMP
=                   	=
IDENT               	TEMP
-                   	-
IDENT               	A
(                   	(
IDENT               	L
+                   	+
IDENT               	I
,                   	,
IDENT               	J
)                   	)
*                   	*
IDENT               	X
(                   	(
IDENT               	I
)                   	)
NEW_LINE            	

INT                 	150
continue            	CONTINUE
NEW_LINE            	

if                  	IF
(                   	(
IDENT               	NOUNIT
)                   	)
IDENT               	TEMP
=                   	=
IDENT               	TEMP
/                   	/
IDENT               	A
(                   	(
INT                 	1
,                   	,
IDENT               	J
)                   	)
NEW_LINE            	

else                	ELSE
NEW_LINE            	

DO                  	DO
INT                 	160
IDENT               	I
=                   	=
IDENT               	MIN
(                   	(
IDENT               	N
,                   	,
IDENT               	J
+                   	+
IDENT               	K
)                   	)
,                   	,
IDENT               	J
+                   	+
INT                 	1
,                   	,
-                   	-
INT                 	1
NEW_LINE            	

IDENT               	TEMP
=                   	=
IDENT               	TEMP
-                   	-
IDENT               	DCONJG
(                   	(
IDENT               	A
(                   	(
IDENT               	L
+                   	+
IDENT               	I
,                   	,
IDENT               	J
)                   	)
)                   	)
*                   	*
IDENT               	X
(                   	(
IDENT               	I
)                   	)
NEW_LINE            	

INT                 	160
continue            	CONTINUE
NEW_LINE            	

if                  	IF
(                   	(
IDENT               	NOUNIT
)                   	)
IDENT               	TEMP
=                   	=
IDENT               	TEMP
/                   	/
IDENT               	DCONJG
(                   	(
IDENT               	A
(                   	(
INT                 	1
,                   	,
IDENT               	J
)                   	)
)                   	)
NEW_LINE            	

END                 	END
if                  	IF
NEW_LINE            	

IDENT               	X
(                   	(
IDENT               	J
)                   	)
=                   	=
IDENT               	TEMP
NEW_LINE            	

INT                 	170
continue            	CONTINUE
NEW_LINE            	

else                	ELSE
NEW_LINE            	

IDENT               	KX
=                   	=
IDENT               	KX
+                   	+
(                   	(
IDENT               	N
-                   	-
INT                 	1
)                   	)
*                   	*
IDENT               	INCX
NEW_LINE            	

IDENT               	JX
=                   	=
IDENT               	KX
NEW_LINE            	

DO                  	DO
INT                 	200
IDENT               	J
=                   	=
IDENT               	N
,                   	,
INT                 	1
,                   	,
-                   	-
INT                 	1
NEW_LINE            	

IDENT               	TEMP
=                   	=
IDENT               	X
(                   	(
IDENT               	JX
)                   	)
NEW_LINE            	

IDENT               	IX
=                   	=
IDENT               	KX
NEW_LINE            	

IDENT               	L
=                   	=
INT                 	1
-                   	-
IDENT               	J
NEW_LINE            	

if                  	IF
(                   	(
IDENT               	NOCONJ
)                   	)
THEN                	THEN
NEW_LINE            	

DO                  	DO
INT                 	180
IDENT               	I
=                   	=
IDENT               	MIN
(                   	(
IDENT               	N
,                   	,
IDENT               	J
+                   	+
IDENT               	K
)                   	)
,                   	,
IDENT               	J
+                   	+
INT                 	1
,                   	,
-                   	-
INT                 	1
NEW_LINE            	

IDENT               	TEMP
=                   	=
IDENT               	TEMP
-                   	-
IDENT               	A
(                   	(
IDENT               	L
+                   	+
IDENT               	I
,                   	,
IDENT               	J
)                   	)
*                   	*
IDENT               	X
(                   	(
IDENT               	IX
)                   	)
NEW_LINE            	

IDENT               	IX
=                   	=
IDENT               	IX
-                   	-
IDENT               	INCX
NEW_LINE            	

INT                 	180
continue            	CONTINUE
NEW_LINE            	

if                  	IF
(                   	(
IDENT               	NOUNIT
)                   	)
IDENT               	TEMP
=                   	=
IDENT               	TEMP
/                   	/
IDENT               	A
(                   	(
INT                 	1
,                   	,
IDENT               	J
)                   	)
NEW_LINE            	

else                	ELSE
NEW_LINE            	

DO                  	DO
INT                 	190
IDENT               	I
=                   	=
IDENT               	MIN
(                   	(
IDENT               	N
,                   	,
IDENT               	J
+                   	+
IDENT               	K
)                   	)
,                   	,
IDENT               	J
+                   	+
INT                 	1
,                   	,
-                   	-
INT                 	1
NEW_LINE            	

IDENT               	TEMP
=                   	=
IDENT               	TEMP
-                   	-
IDENT               	DCONJG
(                   	(
IDENT               	A
(                   	(
IDENT               	L
+                   	+
IDENT               	I
,                   	,
IDENT               	J
)                   	)
)                   	)
*                   	*
IDENT               	X
(                   	(
IDENT               	IX
)                   	)
NEW_LINE            	

IDENT               	IX
=                   	=
IDENT               	IX
-                   	-
IDENT               	INCX
NEW_LINE            	

INT                 	190
continue            	CONTINUE
NEW_LINE            	

if                  	IF
(                   	(
IDENT               	NOUNIT
)                   	)
IDENT               	TEMP
=                   	=
IDENT               	TEMP
/                   	/
IDENT               	DCONJG
(                   	(
IDENT               	A
(                   	(
INT                 	1
,                   	,
IDENT               	J
)                   	)
)                   	)
NEW_LINE            	

END                 	END
if                  	IF
NEW_LINE            	

IDENT               	X
(                   	(
IDENT               	JX
)                   	)
=                   	=
IDENT               	TEMP
NEW_LINE            	

IDENT               	JX
=                   	=
IDENT               	JX
-                   	-
IDENT               	INCX
NEW_LINE            	

if                  	IF
(                   	(
(                   	(
IDENT               	N
-                   	-
IDENT               	J
)                   	)
>=                  	.GE.
IDENT               	K
)                   	)
IDENT               	KX
=                   	=
IDENT               	KX
-                   	-
IDENT               	INCX
NEW_LINE            	

INT                 	200
continue            	CONTINUE
NEW_LINE            	

END                 	END
if                  	IF
NEW_LINE            	

END                 	END
if                  	IF
NEW_LINE            	

END                 	END
if                  	IF
NEW_LINE            	

COMMENT             	*
NEW_LINE            	

return              	RETURN
NEW_LINE            	

COMMENT             	*
NEW_LINE            	

COMMENT             	*     End of ZTBSV .
NEW_LINE            	

COMMENT             	*
NEW_LINE            	

END                 	END
NEW_LINE            	

