PROGRAM             	program
IDENT               	som
NEW_LINE            	

IMPLICIT            	implicit
IDENT               	none
NEW_LINE            	

COMMENT             	c
NEW_LINE            	

INTEGER             	integer
IDENT               	n
,                   	,
IDENT               	i
,                   	,
IDENT               	sum
NEW_LINE            	

IDENT               	double
IDENT               	precision
IDENT               	r
NEW_LINE            	

COMMENT             	c
NEW_LINE            	

IDENT               	sum
=                   	=
INT                 	0
NEW_LINE            	

IDENT               	n
=                   	=
INT                 	5
NEW_LINE            	

NEW_LINE            	

DO                  	do
IDENT               	i
=                   	=
INT                 	1
,                   	,
IDENT               	n
NEW_LINE            	

IDENT               	sum
=                   	=
IDENT               	sum
+                   	+
IDENT               	i
NEW_LINE            	

IDENT               	r
=                   	=
IDENT               	sum
/                   	/
IDENT               	n
NEW_LINE            	

IDENT               	write
(                   	(
*                   	*
,                   	,
*                   	*
)                   	)
STRING              	'Sum = '
,                   	,
IDENT               	sum
,                   	,
STRING              	' and the average = '
,                   	,
IDENT               	r
NEW_LINE            	

ENDDO               	enddo
NEW_LINE            	

COMMENT             	c   
NEW_LINE            	

END                 	end
NEW_LINE            	

