PROGRAM             	program
IDENT               	main
NEW_LINE            	

IDENT               	write
(                   	(
*                   	*
,                   	,
*                   	*
)                   	)
STRING              	'Hello, world!'
NEW_LINE            	

END                 	end
NEW_LINE            	

