SUBROUTINE          	subroutine
IDENT               	square_cube
(                   	(
IDENT               	i
,                   	,
IDENT               	isquare
,                   	,
IDENT               	icube
)                   	)
NEW_LINE            	

INTEGER             	integer
,                   	,
IDENT               	intent
(                   	(
IDENT               	in
)                   	)
DOUBLE_COLON        	::
IDENT               	i
COMMENT             	! input
NEW_LINE            	

INTEGER             	integer
,                   	,
IDENT               	intent
(                   	(
IDENT               	out
)                   	)
DOUBLE_COLON        	::
IDENT               	isquare
,                   	,
IDENT               	icube
COMMENT             	! output
NEW_LINE            	

IDENT               	isquare
=                   	=
IDENT               	i
                    	**
INT                 	2
NEW_LINE            	

IDENT               	icube
=                   	=
IDENT               	i
                    	**
INT                 	3
NEW_LINE            	

END                 	end
SUBROUTINE          	subroutine
IDENT               	square_cube
NEW_LINE            	

NEW_LINE            	

PROGRAM             	program
IDENT               	xx
NEW_LINE            	

IMPLICIT            	implicit
IDENT               	none
NEW_LINE            	

INTEGER             	integer
DOUBLE_COLON        	::
IDENT               	i
,                   	,
IDENT               	isq
,                   	,
IDENT               	icub
NEW_LINE            	

IDENT               	i
=                   	=
INT                 	4
NEW_LINE            	

CALL                	call
IDENT               	square_cube
(                   	(
IDENT               	i
,                   	,
IDENT               	isq
,                   	,
IDENT               	icub
)                   	)
NEW_LINE            	

IDENT               	print
*                   	*
,                   	,
STRING              	"i,i^2,i^3="
,                   	,
IDENT               	i
,                   	,
IDENT               	isq
,                   	,
IDENT               	icub
NEW_LINE            	

IDENT               	print
*                   	*
,                   	,
STRING              	"i,i^2,i^3="
,                   	,
IDENT               	i
,                   	,
IDENT               	isq
,                   	,
IDENT               	icub
NEW_LINE            	

END                 	end
PROGRAM             	program
IDENT               	xx
NEW_LINE            	

