COMMENT	 This program tickled a bug in gcc under DEC Unix for Alpha
IDENT	PROGRAM
IDENT	X
IDENT	CHARACTER
*	*8
IDENT	0
IDENT	LINE
IDENT	INTEGER
IDENT	LSTART
,	,
IDENT	LEND
IDENT	PARAMETER
(	(
IDENT	LSTART
=	=
IDENT	2
,	,
IDENT	LEND
=	=
IDENT	11
)	)
IDENT	READ
(	(
IDENT	5
,	,
STRING	'(A)'
)	)
IDENT	LINE
(	(
IDENT	1
:	:
IDENT	9
)	)
IDENT	PRINT
*	*,
IDENT	LINE
(	(
IDENT	9
:	:
IDENT	10
)	)
IDENT	READ
(	(
IDENT	5
,	,
STRING	'(A)'
)	)
IDENT	LINE
(	(
IDENT	LSTART
:	:
IDENT	LEND
)	)
IDENT	PRINT
*	*,
IDENT	LINE
(	(
IDENT	2
:	:
IDENT	LEND
)	)
IDENT	END
