IDENT               	DOUBLE
IDENT               	PRECISION
IDENT               	D
(                   	(
INT                 	10
,                   	,
INT                 	20
,                   	,
INT                 	30
)                   	)
,                   	,
IDENT               	E
(                   	(
INT                 	40
,                   	,
INT                 	50
)                   	)
,                   	,
IDENT               	F
(                   	(
INT                 	60
)                   	)
IDENT               	REAL
IDENT               	R
,                   	,
IDENT               	S
(                   	(
INT                 	70
,                   	,
INT                 	80
)                   	)
IDENT               	CHARACTER
IDENT               	C
IDENT               	CHARACTER
*                   	*
INT                 	81
IDENT               	LINE
IDENT               	LOGICAL
IDENT               	LOGVAR
IDENT               	COMPLEX
IDENT               	Z
,                   	,
IDENT               	ZZ
IDENT               	DOUBLE
IDENT               	COMPLEX
IDENT               	ZZZ
,                   	,
IDENT               	ZZZZ
token(98)           	INTEGER
IDENT               	I
,                   	,
IDENT               	J
,                   	,
IDENT               	K
IDENT               	J
=                   	=
IDENT               	M
token(102)          	END
token(96)           	SUBROUTINE
IDENT               	SUB
IDENT               	REAL
IDENT               	X
,                   	,
IDENT               	Y
,                   	,
IDENT               	Z
IDENT               	COMMON
/                   	/
IDENT               	SHARE
/                   	/
IDENT               	A
,                   	,
IDENT               	B
,                   	,
IDENT               	C
token(102)          	END
IDENT               	REAL
token(101)          	FUNCTION
IDENT               	FUN
IDENT               	REAL
IDENT               	X
,                   	,
IDENT               	Y
,                   	,
IDENT               	Z
IDENT               	COMMON
/                   	/
IDENT               	SHARE
/                   	/
IDENT               	A
,                   	,
IDENT               	B
,                   	,
IDENT               	C
IDENT               	FUN
=                   	=
FLOAT               	0.0
token(102)          	END
token(96)           	SUBROUTINE
IDENT               	BAR
IDENT               	REAL
IDENT               	PI
IDENT               	PARAMETER
(                   	(
IDENT               	PI
=                   	=
FLOAT               	3.14159265
)                   	)
token(98)           	INTEGER
IDENT               	NPI
IDENT               	PARAMETER
(                   	(
IDENT               	NPI
=                   	=
INT                 	9
)                   	)
IDENT               	INTRINSIC
IDENT               	SQRT
,                   	,
IDENT               	SIN
,                   	,
IDENT               	COS
IDENT               	EXTERNAL
IDENT               	MYSQRT
,                   	,
IDENT               	MYSUB
IDENT               	REAL
IDENT               	MYSQRT
token(102)          	END
