token(98)           	integer
IDENT               	MAXTOK
IDENT               	parameter
(                   	(
IDENT               	MAXTOK
=                   	=
INT                 	10
)                   	)
IDENT               	character
*                   	*
(                   	(
IDENT               	MAXTOK
)                   	)
IDENT               	toklst
,                   	,
IDENT               	tokls2
*                   	*
(                   	(
INT                 	2
*                   	*
IDENT               	MAXTOK
)                   	)
,                   	,
IDENT               	tokls3
*                   	*
(                   	(
IDENT               	MAXTOK
token(95)           	**
INT                 	2
)                   	)
IDENT               	character
*                   	*
(                   	(
IDENT               	MAXTOK
)                   	)
IDENT               	tokarr
(                   	(
INT                 	100
)                   	)
,                   	,
IDENT               	tokar2
(                   	(
INT                 	200
)                   	)
*                   	*
(                   	(
INT                 	2
*                   	*
IDENT               	MAXTOK
)                   	)
,                   	,
IDENT               	x
IDENT               	tokar3
(                   	(
INT                 	300
)                   	)
*                   	*
(                   	(
IDENT               	MAXTOK
token(95)           	**
INT                 	2
)                   	)
token(98)           	integer
IDENT               	MAXTK1
IDENT               	parameter
(                   	(
IDENT               	MAXTK1
=                   	=
INT                 	10
)                   	)
COMMENT             	*     Test with comment lines between continuation lines
IDENT               	character
*                   	*
(                   	(
IDENT               	MAXTK1
)                   	)
COMMENT             	*     intervening comment
IDENT               	x
IDENT               	tk1lst
,                   	,
COMMENT             	*     intervening comment
IDENT               	x
IDENT               	tk1ls2
*                   	*
(                   	(
INT                 	2
*                   	*
IDENT               	MAXTK1
)                   	)
,                   	,
COMMENT             	*     intervening comment
IDENT               	x
IDENT               	tk1ls3
*                   	*
(                   	(
IDENT               	MAXTK1
token(95)           	**
INT                 	2
)                   	)
COMMENT             	*     Test with blank lines between continuation lines
token(98)           	integer
IDENT               	MAXTK2
IDENT               	parameter
(                   	(
IDENT               	MAXTK2
=                   	=
INT                 	10
)                   	)
IDENT               	character
*                   	*
(                   	(
IDENT               	MAXTK2
)                   	)
IDENT               	x
IDENT               	tk2arr
(                   	(
INT                 	100
)                   	)
,                   	,
IDENT               	x
IDENT               	tk2ar2
(                   	(
INT                 	200
)                   	)
*                   	*
(                   	(
INT                 	2
*                   	*
IDENT               	MAXTK2
)                   	)
,                   	,
IDENT               	x
IDENT               	tk2ar3
(                   	(
INT                 	300
)                   	)
*                   	*
(                   	(
IDENT               	MAXTK2
token(95)           	**
INT                 	2
)                   	)
token(102)          	end
