COMMENT	 checks makedcl generation of "Built-in" section
IDENT	double
IDENT	precision
IDENT	dsqrt
,	,
IDENT	x
IDENT	intrinsic
IDENT	sqrt
,	,
IDENT	dsqrt
IDENT	x
=	=
IDENT	dsqrt
(	(
IDENT	2
.	.
IDENT	0
IDENT	d0
)	)
IDENT	y
=	=
IDENT	sqrt
(	(
IDENT	2
.	.
IDENT	0
)	)
IDENT	print
*	*,
IDENT	x
,	,
IDENT	y
IDENT	end
