token(96)	subroutine
IDENT	foo
(	(
IDENT	argchr
,	,
IDENT	maxrow
,	,
IDENT	maxcol
)	)
IDENT	character
*	*
(	(
*	*
)	)
IDENT	argchr
(	(
IDENT	maxrow
,	,
IDENT	maxcol
,	,
*	*
)	)
IDENT	character
IDENT	one
,	,
IDENT	two
*	*
IDENT	2
,	,
IDENT	three
*	*
IDENT	3
,	,
IDENT	twob
*	*
IDENT	2
,	,
IDENT	oneagain
IDENT	parameter
(	(
IDENT	maxy
=	=
IDENT	x
IDENT	54321
)	)
IDENT	parameter
(	(
IDENT	maxz
=	=
IDENT	x
IDENT	12345
+	+
IDENT	maxy
)	)
IDENT	character
*	*
(	(
*	*
)	)
IDENT	s
IDENT	parameter
(	(
IDENT	s
=	=
STRING	'hello'
)	)
token(98)	integer
IDENT	MAXTOK
IDENT	parameter
(	(
IDENT	MAXTOK
=	=
IDENT	10
)	)
IDENT	character
*	*
(	(
IDENT	MAXTOK
)	)
IDENT	toklst
IDENT	end
