IDENT	SubRoutine
IDENT	CLS
COMMENT	*
COMMENT	*     Clears the screen.
COMMENT	*     Put machine dependent code here.
COMMENT	*
IDENT	Character
IDENT	Esc
,	,
IDENT	Clear_String
*	*6
IDENT	Esc
=	=
IDENT	CHAR
(	(
IDENT	27
)	)
IDENT	Clear_String
(	(
IDENT	1
:	:
IDENT	1
)	)
=	=
IDENT	Esc
IDENT	Clear_String
(	(
IDENT	2
:	:
IDENT	2
)	)
=	=
STRING	'['
IDENT	Clear_String
(	(
IDENT	3
:	:
IDENT	3
)	)
=	=
STRING	'H'
IDENT	Clear_String
(	(
IDENT	4
:	:
IDENT	4
)	)
=	=
IDENT	Esc
IDENT	Clear_String
(	(
IDENT	5
:	:
IDENT	5
)	)
=	=
STRING	'['
IDENT	Clear_String
(	(
IDENT	6
:	:
IDENT	6
)	)
=	=
STRING	'J'
IDENT	Write
(	(
IDENT	5
,	,
IDENT	10
)	)
IDENT	Clear_String
IDENT	10
IDENT	Format
(	(
IDENT	1
IDENT	x
,	,
IDENT	6
IDENT	a
)	)
IDENT	End
