token(96)           	SubRoutine
IDENT               	PlotBall
(                   	(
IDENT               	Theta
)                   	)
COMMENT             	c       Clear the screen and draw/redraw the ball circle.
IDENT               	Double
IDENT               	Precision
IDENT               	Theta
token(98)           	Integer
IDENT               	Row
,                   	,
IDENT               	Col
IDENT               	Row
=                   	=
IDENT               	Int
(                   	(
IDENT               	300
.                   	.
IDENT               	0
*                   	*
IDENT               	DSIN
(                   	(
IDENT               	Theta
)                   	)
)                   	)
IDENT               	Col
=                   	=
IDENT               	Int
(                   	(
IDENT               	300
.                   	.
IDENT               	0
*                   	*
IDENT               	DCOS
(                   	(
IDENT               	Theta
)                   	)
)                   	)
IDENT               	Write
(                   	(
*                   	*
,                   	,
*                   	*
)                   	)
STRING              	'S(E)P[Col,Row]C[+20]'
IDENT               	Return
token(102)          	End
