IDENT	program
IDENT	test1
IDENT	c
IDENT	character
IDENT	STRING1
*	*6
IDENT	parameter
(	(
IDENT	STRING1
=	=
STRING	'abc123'
)	)
IDENT	character
IDENT	STRING2
*	*(
IDENT	6
)	)
IDENT	parameter
(	(
IDENT	STRING2
=	=
STRING	'xyz789'
)	)
IDENT	c
IDENT	write
(	(
token(95)	*,
)	)
IDENT	STRING1
,	,
IDENT	STRING2
IDENT	c
IDENT	end
