token(97)           	program
IDENT               	hello_world2
token(100)          	implicit
IDENT               	none
COMMENT             	c
IDENT               	call
IDENT               	hello
IDENT               	call
IDENT               	hello
token(102)          	end
token(96)           	subroutine
IDENT               	hello
token(100)          	implicit
IDENT               	none
IDENT               	character
*                   	*
INT                 	32
IDENT               	text
COMMENT             	c
IDENT               	text
=                   	=
STRING              	'Hello\nR\nWorld '
IDENT               	write
(                   	(
*                   	*
,                   	,
*                   	*
)                   	)
IDENT               	text
COMMENT             	c
token(102)          	end
