IDENT	double
IDENT	precision
IDENT	function
IDENT	f
(	(
IDENT	a
,	,
IDENT	b
)	)
IDENT	double
IDENT	precision
IDENT	a
,	,
IDENT	b
IDENT	f
=	=
IDENT	a
+	+
IDENT	b
IDENT	return
IDENT	end
IDENT	program
IDENT	main
IDENT	real
*	*8
IDENT	f
IDENT	real
*	*8
IDENT	x
,	,
IDENT	y
IDENT	x
=	=
IDENT	1
.	.
IDENT	0
IDENT	y
=	=
IDENT	2
.	.
IDENT	0
IDENT	d0
IDENT	write
(	(
token(95)	*,
)	)
IDENT	f
(	(
IDENT	x
,	,
IDENT	y
)	)
IDENT	end
