token(98)           	integer
IDENT               	c
(                   	(
INT                 	100
)                   	)
IDENT               	c
(                   	(
INT                 	1
)                   	)
=                   	=
INT                 	1
token(105)          	call
IDENT               	suba
(                   	(
IDENT               	c
)                   	)
token(102)          	end
token(96)           	subroutine
IDENT               	suba
(                   	(
IDENT               	c
)                   	)
token(98)           	integer
IDENT               	c
IDENT               	print
*                   	*
,                   	,
IDENT               	c
token(102)          	end
