IDENT               	dimension
IDENT               	common
(                   	(
INT                 	10
,                   	,
INT                 	10
)                   	)
,                   	,
IDENT               	entry
(                   	(
INT                 	3
,                   	,
INT                 	4
)                   	)
,                   	,
IDENT               	read
(                   	(
INT                 	5
,                   	,
INT                 	6
)                   	)
IDENT               	logical
IDENT               	save
,                   	,
IDENT               	stop
,                   	,
token(97)           	program
IDENT               	character
token(98)           	integer
,                   	,
IDENT               	data
,                   	,
IDENT               	endif
,                   	,
IDENT               	format
(                   	(
INT                 	10
)                   	)
token(98)           	integer
IDENT               	external
,                   	,
token(100)          	implicit
,                   	,
IDENT               	intrinsic
,                   	,
IDENT               	pause
,                   	,
IDENT               	write
(                   	(
INT                 	5
,                   	,
INT                 	6
)                   	)
IDENT               	real
IDENT               	complex
IDENT               	external
IDENT               	complex
IDENT               	data
IDENT               	data
/                   	/
STRING              	'!'
/                   	/
token(100)          	implicit
=                   	=
IDENT               	none
IDENT               	assign
=                   	=
IDENT               	block
IDENT               	exit
=                   	=
IDENT               	assign
IDENT               	pointer
=                   	=
IDENT               	pointee
IDENT               	double
=                   	=
IDENT               	precision
IDENT               	precision
=                   	=
IDENT               	double
IDENT               	common
(                   	(
INT                 	9
,                   	,
INT                 	0
)                   	)
=                   	=
continue            	continue
token(95)           	**
IDENT               	dimension
token(103)          	do
=                   	=
IDENT               	double
*                   	*
else                	else
-                   	-
token(102)          	end
+                   	+
token(104)          	enddo
IDENT               	entry
(                   	(
IDENT               	external
,                   	,
token(100)          	implicit
)                   	)
=                   	=
IDENT               	intrinsic
-                   	-
IDENT               	pause
token(97)           	program
=                   	=
IDENT               	stop
&&                  	.and.
IDENT               	save
if                  	if
(                   	(
IDENT               	character
<                   	.lt.
IDENT               	close
)                   	)
token(106)          	then
IDENT               	equivalence
=                   	=
IDENT               	endfile
else                	else
if                  	if
(                   	(
IDENT               	rewind
-                   	-
IDENT               	backspace
<                   	.lt.
IDENT               	common
(                   	(
INT                 	1
,                   	,
INT                 	2
)                   	)
)                   	)
token(106)          	then
IDENT               	goto
=                   	=
token(103)          	do
if                  	if
=                   	=
IDENT               	logical
token(102)          	end
if                  	if
if                  	if
(                   	(
IDENT               	print
==                  	.eq.
if                  	if
)                   	)
token(106)          	then
=                   	=
IDENT               	to
IDENT               	include
=                   	=
IDENT               	inquire
IDENT               	open
=                   	=
IDENT               	accept
IDENT               	read
(                   	(
INT                 	5
,                   	,
INT                 	6
)                   	)
IDENT               	write
(                   	(
INT                 	1
,                   	,
INT                 	2
)                   	)
IDENT               	read
(                   	(
INT                 	5
,                   	,
INT                 	6
)                   	)
=                   	=
IDENT               	write
(                   	(
INT                 	1
,                   	,
INT                 	2
)                   	)
INT                 	6
IDENT               	format
(                   	(
IDENT               	i10
)                   	)
IDENT               	format
(                   	(
IDENT               	i10
)                   	)
=                   	=
IDENT               	data
return              	return
=                   	=
IDENT               	real
token(96)           	subroutine
=                   	=
token(106)          	then
token(105)          	call
token(105)          	call
(                   	(
IDENT               	complex
,                   	,
IDENT               	endif
)                   	)
token(98)           	integer
=                   	=
IDENT               	data
token(102)          	end
token(96)           	subroutine
token(105)          	call
(                   	(
token(101)          	function
,                   	,
IDENT               	character
)                   	)
IDENT               	external
token(101)          	function
IDENT               	character
IDENT               	character
IDENT               	real
=                   	=
FLOAT               	2.3
IDENT               	complex
=                   	=
token(101)          	function
(                   	(
IDENT               	real
)                   	)
return              	return
token(102)          	end
token(101)          	function
IDENT               	complex
(                   	(
token(103)          	do
)                   	)
IDENT               	dimension
=                   	=
token(103)          	do
+                   	+
INT                 	1
IDENT               	external
=                   	=
INT                 	1
IDENT               	complex
=                   	=
IDENT               	dimension
/                   	/
IDENT               	external
return              	return
token(102)          	end
