IDENT	program
IDENT	tst
IDENT	1
IDENT	goto
IDENT	2
IDENT	2
IDENT	goto
IDENT	3
IDENT	3
IDENT	goto
IDENT	4
IDENT	4
IDENT	goto
IDENT	5
IDENT	5
IDENT	goto
IDENT	6
IDENT	6
IDENT	goto
IDENT	7
IDENT	7
IDENT	goto
IDENT	8
IDENT	8
IDENT	goto
IDENT	9
IDENT	9
IDENT	goto
IDENT	10
IDENT	10
IDENT	goto
IDENT	11
IDENT	11
IDENT	goto
IDENT	12
IDENT	12
IDENT	goto
IDENT	13
IDENT	13
IDENT	goto
IDENT	14
IDENT	14
IDENT	goto
IDENT	15
IDENT	15
IDENT	goto
IDENT	16
IDENT	16
IDENT	goto
IDENT	17
IDENT	17
IDENT	goto
IDENT	18
IDENT	18
IDENT	goto
IDENT	19
IDENT	19
IDENT	goto
IDENT	20
IDENT	20
IDENT	goto
IDENT	21
IDENT	21
IDENT	goto
IDENT	22
IDENT	22
IDENT	goto
IDENT	23
IDENT	23
IDENT	goto
IDENT	24
IDENT	24
IDENT	goto
IDENT	25
IDENT	25
IDENT	goto
IDENT	26
IDENT	26
IDENT	goto
IDENT	27
IDENT	27
IDENT	goto
IDENT	28
IDENT	28
IDENT	goto
IDENT	29
IDENT	29
IDENT	goto
IDENT	30
IDENT	30
IDENT	goto
IDENT	31
IDENT	31
IDENT	goto
IDENT	32
IDENT	32
IDENT	goto
IDENT	33
IDENT	33
IDENT	goto
IDENT	34
IDENT	34
IDENT	goto
IDENT	35
IDENT	35
IDENT	goto
IDENT	36
IDENT	36
IDENT	goto
IDENT	37
IDENT	37
IDENT	goto
IDENT	38
IDENT	38
IDENT	goto
IDENT	39
IDENT	39
IDENT	goto
IDENT	40
IDENT	40
IDENT	goto
IDENT	41
IDENT	41
IDENT	goto
IDENT	42
IDENT	42
IDENT	goto
IDENT	43
IDENT	43
IDENT	goto
IDENT	44
IDENT	44
IDENT	goto
IDENT	45
IDENT	45
IDENT	goto
IDENT	46
IDENT	46
IDENT	goto
IDENT	47
IDENT	47
IDENT	goto
IDENT	48
IDENT	48
IDENT	goto
IDENT	49
IDENT	49
IDENT	goto
IDENT	50
IDENT	50
IDENT	goto
IDENT	51
IDENT	51
IDENT	goto
IDENT	52
IDENT	52
IDENT	goto
IDENT	53
IDENT	53
IDENT	goto
IDENT	54
IDENT	54
IDENT	goto
IDENT	55
IDENT	55
IDENT	goto
IDENT	56
IDENT	56
IDENT	goto
IDENT	57
IDENT	57
IDENT	goto
IDENT	58
IDENT	58
IDENT	goto
IDENT	59
IDENT	59
IDENT	goto
IDENT	60
IDENT	60
IDENT	goto
IDENT	61
IDENT	61
IDENT	goto
IDENT	62
IDENT	62
IDENT	goto
IDENT	63
IDENT	63
IDENT	goto
IDENT	64
IDENT	64
IDENT	goto
IDENT	65
IDENT	65
IDENT	goto
IDENT	66
IDENT	66
IDENT	goto
IDENT	67
IDENT	67
IDENT	goto
IDENT	68
IDENT	68
IDENT	goto
IDENT	69
IDENT	69
IDENT	goto
IDENT	70
IDENT	70
IDENT	goto
IDENT	71
IDENT	71
IDENT	goto
IDENT	72
IDENT	72
IDENT	goto
IDENT	73
IDENT	73
IDENT	goto
IDENT	74
IDENT	74
IDENT	goto
IDENT	75
IDENT	75
IDENT	goto
IDENT	76
IDENT	76
IDENT	goto
IDENT	77
IDENT	77
IDENT	goto
IDENT	78
IDENT	78
IDENT	goto
IDENT	79
IDENT	79
IDENT	goto
IDENT	80
IDENT	80
IDENT	goto
IDENT	81
IDENT	81
IDENT	goto
IDENT	82
IDENT	82
IDENT	goto
IDENT	83
IDENT	83
IDENT	goto
IDENT	84
IDENT	84
IDENT	goto
IDENT	85
IDENT	85
IDENT	goto
IDENT	86
IDENT	86
IDENT	goto
IDENT	87
IDENT	87
IDENT	goto
IDENT	88
IDENT	88
IDENT	goto
IDENT	89
IDENT	89
IDENT	goto
IDENT	90
IDENT	90
IDENT	goto
IDENT	91
IDENT	91
IDENT	goto
IDENT	92
IDENT	92
IDENT	goto
IDENT	93
IDENT	93
IDENT	goto
IDENT	94
IDENT	94
IDENT	goto
IDENT	95
IDENT	95
IDENT	goto
IDENT	96
IDENT	96
IDENT	goto
IDENT	97
IDENT	97
IDENT	goto
IDENT	98
IDENT	98
IDENT	goto
IDENT	99
IDENT	99
IDENT	goto
IDENT	100
IDENT	100
IDENT	goto
IDENT	101
IDENT	101
IDENT	goto
IDENT	102
IDENT	102
IDENT	goto
IDENT	103
IDENT	103
IDENT	goto
IDENT	104
IDENT	104
IDENT	goto
IDENT	105
IDENT	105
IDENT	goto
IDENT	106
IDENT	106
IDENT	goto
IDENT	107
IDENT	107
IDENT	goto
IDENT	108
IDENT	108
IDENT	goto
IDENT	109
IDENT	109
IDENT	goto
IDENT	110
IDENT	110
IDENT	goto
IDENT	111
IDENT	111
IDENT	goto
IDENT	112
IDENT	112
IDENT	goto
IDENT	113
IDENT	113
IDENT	goto
IDENT	114
IDENT	114
IDENT	goto
IDENT	115
IDENT	115
IDENT	goto
IDENT	116
IDENT	116
IDENT	goto
IDENT	117
IDENT	117
IDENT	goto
IDENT	118
IDENT	118
IDENT	goto
IDENT	119
IDENT	119
IDENT	goto
IDENT	120
IDENT	120
IDENT	goto
IDENT	121
IDENT	121
IDENT	goto
IDENT	122
IDENT	122
IDENT	goto
IDENT	123
IDENT	123
IDENT	goto
IDENT	124
IDENT	124
IDENT	goto
IDENT	125
IDENT	125
IDENT	goto
IDENT	126
IDENT	126
IDENT	goto
IDENT	127
IDENT	127
IDENT	goto
IDENT	128
IDENT	128
IDENT	goto
IDENT	129
IDENT	129
IDENT	goto
IDENT	130
IDENT	130
IDENT	goto
IDENT	131
IDENT	131
IDENT	goto
IDENT	132
IDENT	132
IDENT	goto
IDENT	133
IDENT	133
IDENT	goto
IDENT	134
IDENT	134
IDENT	goto
IDENT	135
IDENT	135
IDENT	goto
IDENT	136
IDENT	136
IDENT	goto
IDENT	137
IDENT	137
IDENT	goto
IDENT	138
IDENT	138
IDENT	goto
IDENT	139
IDENT	139
IDENT	goto
IDENT	140
IDENT	140
IDENT	goto
IDENT	141
IDENT	141
IDENT	goto
IDENT	142
IDENT	142
IDENT	goto
IDENT	143
IDENT	143
IDENT	goto
IDENT	144
IDENT	144
IDENT	goto
IDENT	145
IDENT	145
IDENT	goto
IDENT	146
IDENT	146
IDENT	goto
IDENT	147
IDENT	147
IDENT	goto
IDENT	148
IDENT	148
IDENT	goto
IDENT	149
IDENT	149
IDENT	goto
IDENT	150
IDENT	150
IDENT	goto
IDENT	151
IDENT	151
IDENT	goto
IDENT	152
IDENT	152
IDENT	goto
IDENT	153
IDENT	153
IDENT	goto
IDENT	154
IDENT	154
IDENT	goto
IDENT	155
IDENT	155
IDENT	goto
IDENT	156
IDENT	156
IDENT	goto
IDENT	157
IDENT	157
IDENT	goto
IDENT	158
IDENT	158
IDENT	goto
IDENT	159
IDENT	159
IDENT	goto
IDENT	160
IDENT	160
IDENT	goto
IDENT	161
IDENT	161
IDENT	goto
IDENT	162
IDENT	162
IDENT	goto
IDENT	163
IDENT	163
IDENT	goto
IDENT	164
IDENT	164
IDENT	goto
IDENT	165
IDENT	165
IDENT	goto
IDENT	166
IDENT	166
IDENT	goto
IDENT	167
IDENT	167
IDENT	goto
IDENT	168
IDENT	168
IDENT	goto
IDENT	169
IDENT	169
IDENT	goto
IDENT	170
IDENT	170
IDENT	goto
IDENT	171
IDENT	171
IDENT	goto
IDENT	172
IDENT	172
IDENT	goto
IDENT	173
IDENT	173
IDENT	goto
IDENT	174
IDENT	174
IDENT	goto
IDENT	175
IDENT	175
IDENT	goto
IDENT	176
IDENT	176
IDENT	goto
IDENT	177
IDENT	177
IDENT	goto
IDENT	178
IDENT	178
IDENT	goto
IDENT	179
IDENT	179
IDENT	goto
IDENT	180
IDENT	180
IDENT	goto
IDENT	181
IDENT	181
IDENT	goto
IDENT	182
IDENT	182
IDENT	goto
IDENT	183
IDENT	183
IDENT	goto
IDENT	184
IDENT	184
IDENT	goto
IDENT	185
IDENT	185
IDENT	goto
IDENT	186
IDENT	186
IDENT	goto
IDENT	187
IDENT	187
IDENT	goto
IDENT	188
IDENT	188
IDENT	goto
IDENT	189
IDENT	189
IDENT	goto
IDENT	190
IDENT	190
IDENT	goto
IDENT	191
IDENT	191
IDENT	goto
IDENT	192
IDENT	192
IDENT	goto
IDENT	193
IDENT	193
IDENT	goto
IDENT	194
IDENT	194
IDENT	goto
IDENT	195
IDENT	195
IDENT	goto
IDENT	196
IDENT	196
IDENT	goto
IDENT	197
IDENT	197
IDENT	goto
IDENT	198
IDENT	198
IDENT	goto
IDENT	199
IDENT	199
IDENT	goto
IDENT	200
IDENT	200
IDENT	goto
IDENT	201
IDENT	201
IDENT	goto
IDENT	202
IDENT	202
IDENT	goto
IDENT	203
IDENT	203
IDENT	goto
IDENT	204
IDENT	204
IDENT	goto
IDENT	205
IDENT	205
IDENT	goto
IDENT	206
IDENT	206
IDENT	goto
IDENT	207
IDENT	207
IDENT	goto
IDENT	208
IDENT	208
IDENT	goto
IDENT	209
IDENT	209
IDENT	goto
IDENT	210
IDENT	210
IDENT	goto
IDENT	211
IDENT	211
IDENT	goto
IDENT	212
IDENT	212
IDENT	goto
IDENT	213
IDENT	213
IDENT	goto
IDENT	214
IDENT	214
IDENT	goto
IDENT	215
IDENT	215
IDENT	goto
IDENT	216
IDENT	216
IDENT	goto
IDENT	217
IDENT	217
IDENT	goto
IDENT	218
IDENT	218
IDENT	goto
IDENT	219
IDENT	219
IDENT	goto
IDENT	220
IDENT	220
IDENT	goto
IDENT	221
IDENT	221
IDENT	goto
IDENT	222
IDENT	222
IDENT	goto
IDENT	223
IDENT	223
IDENT	goto
IDENT	224
IDENT	224
IDENT	goto
IDENT	225
IDENT	225
IDENT	goto
IDENT	226
IDENT	226
IDENT	goto
IDENT	227
IDENT	227
IDENT	goto
IDENT	228
IDENT	228
IDENT	goto
IDENT	229
IDENT	229
IDENT	goto
IDENT	230
IDENT	230
IDENT	goto
IDENT	231
IDENT	231
IDENT	goto
IDENT	232
IDENT	232
IDENT	goto
IDENT	233
IDENT	233
IDENT	goto
IDENT	234
IDENT	234
IDENT	goto
IDENT	235
IDENT	235
IDENT	goto
IDENT	236
IDENT	236
IDENT	goto
IDENT	237
IDENT	237
IDENT	goto
IDENT	238
IDENT	238
IDENT	goto
IDENT	239
IDENT	239
IDENT	goto
IDENT	240
IDENT	240
IDENT	goto
IDENT	241
IDENT	241
IDENT	goto
IDENT	242
IDENT	242
IDENT	goto
IDENT	243
IDENT	243
IDENT	goto
IDENT	244
IDENT	244
IDENT	goto
IDENT	245
IDENT	245
IDENT	goto
IDENT	246
IDENT	246
IDENT	goto
IDENT	247
IDENT	247
IDENT	goto
IDENT	248
IDENT	248
IDENT	goto
IDENT	249
IDENT	249
IDENT	goto
IDENT	250
IDENT	250
IDENT	goto
IDENT	251
IDENT	251
IDENT	goto
IDENT	252
IDENT	252
IDENT	goto
IDENT	253
IDENT	253
IDENT	goto
IDENT	254
IDENT	254
IDENT	goto
IDENT	255
IDENT	255
IDENT	goto
IDENT	256
IDENT	256
IDENT	goto
IDENT	257
IDENT	257
IDENT	goto
IDENT	258
IDENT	258
IDENT	goto
IDENT	259
IDENT	259
IDENT	goto
IDENT	260
IDENT	260
IDENT	goto
IDENT	261
IDENT	261
IDENT	goto
IDENT	262
IDENT	262
IDENT	goto
IDENT	263
IDENT	263
IDENT	goto
IDENT	264
IDENT	264
IDENT	goto
IDENT	265
IDENT	265
IDENT	goto
IDENT	266
IDENT	266
IDENT	goto
IDENT	267
IDENT	267
IDENT	goto
IDENT	268
IDENT	268
IDENT	goto
IDENT	269
IDENT	269
IDENT	goto
IDENT	270
IDENT	270
IDENT	goto
IDENT	271
IDENT	271
IDENT	goto
IDENT	272
IDENT	272
IDENT	goto
IDENT	273
IDENT	273
IDENT	goto
IDENT	274
IDENT	274
IDENT	goto
IDENT	275
IDENT	275
IDENT	goto
IDENT	276
IDENT	276
IDENT	goto
IDENT	277
IDENT	277
IDENT	goto
IDENT	278
IDENT	278
IDENT	goto
IDENT	279
IDENT	279
IDENT	goto
IDENT	280
IDENT	280
IDENT	goto
IDENT	281
IDENT	281
IDENT	goto
IDENT	282
IDENT	282
IDENT	goto
IDENT	283
IDENT	283
IDENT	goto
IDENT	284
IDENT	284
IDENT	goto
IDENT	285
IDENT	285
IDENT	goto
IDENT	286
IDENT	286
IDENT	goto
IDENT	287
IDENT	287
IDENT	goto
IDENT	288
IDENT	288
IDENT	goto
IDENT	289
IDENT	289
IDENT	goto
IDENT	290
IDENT	290
IDENT	goto
IDENT	291
IDENT	291
IDENT	goto
IDENT	292
IDENT	292
IDENT	goto
IDENT	293
IDENT	293
IDENT	goto
IDENT	294
IDENT	294
IDENT	goto
IDENT	295
IDENT	295
IDENT	goto
IDENT	296
IDENT	296
IDENT	goto
IDENT	297
IDENT	297
IDENT	goto
IDENT	298
IDENT	298
IDENT	goto
IDENT	299
IDENT	299
IDENT	goto
IDENT	300
IDENT	300
IDENT	goto
IDENT	301
IDENT	301
IDENT	goto
IDENT	302
IDENT	302
IDENT	goto
IDENT	303
IDENT	303
IDENT	goto
IDENT	304
IDENT	304
IDENT	goto
IDENT	305
IDENT	305
IDENT	goto
IDENT	306
IDENT	306
IDENT	goto
IDENT	307
IDENT	307
IDENT	goto
IDENT	308
IDENT	308
IDENT	goto
IDENT	309
IDENT	309
IDENT	goto
IDENT	310
IDENT	310
IDENT	goto
IDENT	311
IDENT	311
IDENT	goto
IDENT	312
IDENT	312
IDENT	goto
IDENT	313
IDENT	313
IDENT	goto
IDENT	314
IDENT	314
IDENT	goto
IDENT	315
IDENT	315
IDENT	goto
IDENT	316
IDENT	316
IDENT	goto
IDENT	317
IDENT	317
IDENT	goto
IDENT	318
IDENT	318
IDENT	goto
IDENT	319
IDENT	319
IDENT	goto
IDENT	320
IDENT	320
IDENT	goto
IDENT	321
IDENT	321
IDENT	goto
IDENT	322
IDENT	322
IDENT	goto
IDENT	323
IDENT	323
IDENT	goto
IDENT	324
IDENT	324
IDENT	goto
IDENT	325
IDENT	325
IDENT	goto
IDENT	326
IDENT	326
IDENT	goto
IDENT	327
IDENT	327
IDENT	goto
IDENT	328
IDENT	328
IDENT	goto
IDENT	329
IDENT	329
IDENT	goto
IDENT	330
IDENT	330
IDENT	goto
IDENT	331
IDENT	331
IDENT	goto
IDENT	332
IDENT	332
IDENT	goto
IDENT	333
IDENT	333
IDENT	goto
IDENT	334
IDENT	334
IDENT	goto
IDENT	335
IDENT	335
IDENT	goto
IDENT	336
IDENT	336
IDENT	goto
IDENT	337
IDENT	337
IDENT	goto
IDENT	338
IDENT	338
IDENT	goto
IDENT	339
IDENT	339
IDENT	goto
IDENT	340
IDENT	340
IDENT	goto
IDENT	341
IDENT	341
IDENT	goto
IDENT	342
IDENT	342
IDENT	goto
IDENT	343
IDENT	343
IDENT	goto
IDENT	344
IDENT	344
IDENT	goto
IDENT	345
IDENT	345
IDENT	goto
IDENT	346
IDENT	346
IDENT	goto
IDENT	347
IDENT	347
IDENT	goto
IDENT	348
IDENT	348
IDENT	goto
IDENT	349
IDENT	349
IDENT	goto
IDENT	350
IDENT	350
IDENT	goto
IDENT	351
IDENT	351
IDENT	goto
IDENT	352
IDENT	352
IDENT	goto
IDENT	353
IDENT	353
IDENT	goto
IDENT	354
IDENT	354
IDENT	goto
IDENT	355
IDENT	355
IDENT	goto
IDENT	356
IDENT	356
IDENT	goto
IDENT	357
IDENT	357
IDENT	goto
IDENT	358
IDENT	358
IDENT	goto
IDENT	359
IDENT	359
IDENT	goto
IDENT	360
IDENT	360
IDENT	goto
IDENT	361
IDENT	361
IDENT	goto
IDENT	362
IDENT	362
IDENT	goto
IDENT	363
IDENT	363
IDENT	goto
IDENT	364
IDENT	364
IDENT	goto
IDENT	365
IDENT	365
IDENT	goto
IDENT	366
IDENT	366
IDENT	goto
IDENT	367
IDENT	367
IDENT	goto
IDENT	368
IDENT	368
IDENT	goto
IDENT	369
IDENT	369
IDENT	goto
IDENT	370
IDENT	370
IDENT	goto
IDENT	371
IDENT	371
IDENT	goto
IDENT	372
IDENT	372
IDENT	goto
IDENT	373
IDENT	373
IDENT	goto
IDENT	374
IDENT	374
IDENT	goto
IDENT	375
IDENT	375
IDENT	goto
IDENT	376
IDENT	376
IDENT	goto
IDENT	377
IDENT	377
IDENT	goto
IDENT	378
IDENT	378
IDENT	goto
IDENT	379
IDENT	379
IDENT	goto
IDENT	380
IDENT	380
IDENT	goto
IDENT	381
IDENT	381
IDENT	goto
IDENT	382
IDENT	382
IDENT	goto
IDENT	383
IDENT	383
IDENT	goto
IDENT	384
IDENT	384
IDENT	goto
IDENT	385
IDENT	385
IDENT	goto
IDENT	386
IDENT	386
IDENT	goto
IDENT	387
IDENT	387
IDENT	goto
IDENT	388
IDENT	388
IDENT	goto
IDENT	389
IDENT	389
IDENT	goto
IDENT	390
IDENT	390
IDENT	goto
IDENT	391
IDENT	391
IDENT	goto
IDENT	392
IDENT	392
IDENT	goto
IDENT	393
IDENT	393
IDENT	goto
IDENT	394
IDENT	394
IDENT	goto
IDENT	395
IDENT	395
IDENT	goto
IDENT	396
IDENT	396
IDENT	goto
IDENT	397
IDENT	397
IDENT	goto
IDENT	398
IDENT	398
IDENT	goto
IDENT	399
IDENT	399
IDENT	goto
IDENT	400
IDENT	400
IDENT	goto
IDENT	401
IDENT	401
IDENT	goto
IDENT	402
IDENT	402
IDENT	goto
IDENT	403
IDENT	403
IDENT	goto
IDENT	404
IDENT	404
IDENT	goto
IDENT	405
IDENT	405
IDENT	goto
IDENT	406
IDENT	406
IDENT	goto
IDENT	407
IDENT	407
IDENT	goto
IDENT	408
IDENT	408
IDENT	goto
IDENT	409
IDENT	409
IDENT	goto
IDENT	410
IDENT	410
IDENT	goto
IDENT	411
IDENT	411
IDENT	goto
IDENT	412
IDENT	412
IDENT	goto
IDENT	413
IDENT	413
IDENT	goto
IDENT	414
IDENT	414
IDENT	goto
IDENT	415
IDENT	415
IDENT	goto
IDENT	416
IDENT	416
IDENT	goto
IDENT	417
IDENT	417
IDENT	goto
IDENT	418
IDENT	418
IDENT	goto
IDENT	419
IDENT	419
IDENT	goto
IDENT	420
IDENT	420
IDENT	goto
IDENT	421
IDENT	421
IDENT	goto
IDENT	422
IDENT	422
IDENT	goto
IDENT	423
IDENT	423
IDENT	goto
IDENT	424
IDENT	424
IDENT	goto
IDENT	425
IDENT	425
IDENT	goto
IDENT	426
IDENT	426
IDENT	goto
IDENT	427
IDENT	427
IDENT	goto
IDENT	428
IDENT	428
IDENT	goto
IDENT	429
IDENT	429
IDENT	goto
IDENT	430
IDENT	430
IDENT	goto
IDENT	431
IDENT	431
IDENT	goto
IDENT	432
IDENT	432
IDENT	goto
IDENT	433
IDENT	433
IDENT	goto
IDENT	434
IDENT	434
IDENT	goto
IDENT	435
IDENT	435
IDENT	goto
IDENT	436
IDENT	436
IDENT	goto
IDENT	437
IDENT	437
IDENT	goto
IDENT	438
IDENT	438
IDENT	goto
IDENT	439
IDENT	439
IDENT	goto
IDENT	440
IDENT	440
IDENT	goto
IDENT	441
IDENT	441
IDENT	goto
IDENT	442
IDENT	442
IDENT	goto
IDENT	443
IDENT	443
IDENT	goto
IDENT	444
IDENT	444
IDENT	goto
IDENT	445
IDENT	445
IDENT	goto
IDENT	446
IDENT	446
IDENT	goto
IDENT	447
IDENT	447
IDENT	goto
IDENT	448
IDENT	448
IDENT	goto
IDENT	449
IDENT	449
IDENT	goto
IDENT	450
IDENT	450
IDENT	goto
IDENT	451
IDENT	451
IDENT	goto
IDENT	452
IDENT	452
IDENT	goto
IDENT	453
IDENT	453
IDENT	goto
IDENT	454
IDENT	454
IDENT	goto
IDENT	455
IDENT	455
IDENT	goto
IDENT	456
IDENT	456
IDENT	goto
IDENT	457
IDENT	457
IDENT	goto
IDENT	458
IDENT	458
IDENT	goto
IDENT	459
IDENT	459
IDENT	goto
IDENT	460
IDENT	460
IDENT	goto
IDENT	461
IDENT	461
IDENT	goto
IDENT	462
IDENT	462
IDENT	goto
IDENT	463
IDENT	463
IDENT	goto
IDENT	464
IDENT	464
IDENT	goto
IDENT	465
IDENT	465
IDENT	goto
IDENT	466
IDENT	466
IDENT	goto
IDENT	467
IDENT	467
IDENT	goto
IDENT	468
IDENT	468
IDENT	goto
IDENT	469
IDENT	469
IDENT	goto
IDENT	470
IDENT	470
IDENT	goto
IDENT	471
IDENT	471
IDENT	goto
IDENT	472
IDENT	472
IDENT	goto
IDENT	473
IDENT	473
IDENT	goto
IDENT	474
IDENT	474
IDENT	goto
IDENT	475
IDENT	475
IDENT	goto
IDENT	476
IDENT	476
IDENT	goto
IDENT	477
IDENT	477
IDENT	goto
IDENT	478
IDENT	478
IDENT	goto
IDENT	479
IDENT	479
IDENT	goto
IDENT	480
IDENT	480
IDENT	goto
IDENT	481
IDENT	481
IDENT	goto
IDENT	482
IDENT	482
IDENT	goto
IDENT	483
IDENT	483
IDENT	goto
IDENT	484
IDENT	484
IDENT	goto
IDENT	485
IDENT	485
IDENT	goto
IDENT	486
IDENT	486
IDENT	goto
IDENT	487
IDENT	487
IDENT	goto
IDENT	488
IDENT	488
IDENT	goto
IDENT	489
IDENT	489
IDENT	goto
IDENT	490
IDENT	490
IDENT	goto
IDENT	491
IDENT	491
IDENT	goto
IDENT	492
IDENT	492
IDENT	goto
IDENT	493
IDENT	493
IDENT	goto
IDENT	494
IDENT	494
IDENT	goto
IDENT	495
IDENT	495
IDENT	goto
IDENT	496
IDENT	496
IDENT	goto
IDENT	497
IDENT	497
IDENT	goto
IDENT	498
IDENT	498
IDENT	goto
IDENT	499
IDENT	499
IDENT	goto
IDENT	500
IDENT	500
IDENT	goto
IDENT	501
IDENT	501
IDENT	goto
IDENT	502
IDENT	502
IDENT	goto
IDENT	503
IDENT	503
IDENT	goto
IDENT	504
IDENT	504
IDENT	goto
IDENT	505
IDENT	505
IDENT	goto
IDENT	506
IDENT	506
IDENT	goto
IDENT	507
IDENT	507
IDENT	goto
IDENT	508
IDENT	508
IDENT	goto
IDENT	509
IDENT	509
IDENT	goto
IDENT	510
IDENT	510
IDENT	goto
IDENT	511
IDENT	511
IDENT	goto
IDENT	512
IDENT	512
IDENT	goto
IDENT	513
IDENT	513
IDENT	goto
IDENT	514
IDENT	514
IDENT	goto
IDENT	515
IDENT	515
IDENT	goto
IDENT	516
IDENT	516
IDENT	goto
IDENT	517
IDENT	517
IDENT	goto
IDENT	518
IDENT	518
IDENT	goto
IDENT	519
IDENT	519
IDENT	goto
IDENT	520
IDENT	520
IDENT	goto
IDENT	521
IDENT	521
IDENT	goto
IDENT	522
IDENT	522
IDENT	goto
IDENT	523
IDENT	523
IDENT	goto
IDENT	524
IDENT	524
IDENT	goto
IDENT	525
IDENT	525
IDENT	goto
IDENT	526
IDENT	526
IDENT	goto
IDENT	527
IDENT	527
IDENT	goto
IDENT	528
IDENT	528
IDENT	goto
IDENT	529
IDENT	529
IDENT	goto
IDENT	530
IDENT	530
IDENT	goto
IDENT	531
IDENT	531
IDENT	goto
IDENT	532
IDENT	532
IDENT	goto
IDENT	533
IDENT	533
IDENT	goto
IDENT	534
IDENT	534
IDENT	goto
IDENT	535
IDENT	535
IDENT	goto
IDENT	536
IDENT	536
IDENT	goto
IDENT	537
IDENT	537
IDENT	goto
IDENT	538
IDENT	538
IDENT	goto
IDENT	539
IDENT	539
IDENT	goto
IDENT	540
IDENT	540
IDENT	goto
IDENT	541
IDENT	541
IDENT	goto
IDENT	542
IDENT	542
IDENT	goto
IDENT	543
IDENT	543
IDENT	goto
IDENT	544
IDENT	544
IDENT	goto
IDENT	545
IDENT	545
IDENT	goto
IDENT	546
IDENT	546
IDENT	goto
IDENT	547
IDENT	547
IDENT	goto
IDENT	548
IDENT	548
IDENT	goto
IDENT	549
IDENT	549
IDENT	goto
IDENT	550
IDENT	550
IDENT	goto
IDENT	551
IDENT	551
IDENT	goto
IDENT	552
IDENT	552
IDENT	goto
IDENT	553
IDENT	553
IDENT	goto
IDENT	554
IDENT	554
IDENT	goto
IDENT	555
IDENT	555
IDENT	goto
IDENT	556
IDENT	556
IDENT	goto
IDENT	557
IDENT	557
IDENT	goto
IDENT	558
IDENT	558
IDENT	goto
IDENT	559
IDENT	559
IDENT	goto
IDENT	560
IDENT	560
IDENT	goto
IDENT	561
IDENT	561
IDENT	goto
IDENT	562
IDENT	562
IDENT	goto
IDENT	563
IDENT	563
IDENT	goto
IDENT	564
IDENT	564
IDENT	goto
IDENT	565
IDENT	565
IDENT	goto
IDENT	566
IDENT	566
IDENT	goto
IDENT	567
IDENT	567
IDENT	goto
IDENT	568
IDENT	568
IDENT	goto
IDENT	569
IDENT	569
IDENT	goto
IDENT	570
IDENT	570
IDENT	goto
IDENT	571
IDENT	571
IDENT	goto
IDENT	572
IDENT	572
IDENT	goto
IDENT	573
IDENT	573
IDENT	goto
IDENT	574
IDENT	574
IDENT	goto
IDENT	575
IDENT	575
IDENT	goto
IDENT	576
IDENT	576
IDENT	goto
IDENT	577
IDENT	577
IDENT	goto
IDENT	578
IDENT	578
IDENT	goto
IDENT	579
IDENT	579
IDENT	goto
IDENT	580
IDENT	580
IDENT	goto
IDENT	581
IDENT	581
IDENT	goto
IDENT	582
IDENT	582
IDENT	goto
IDENT	583
IDENT	583
IDENT	goto
IDENT	584
IDENT	584
IDENT	goto
IDENT	585
IDENT	585
IDENT	goto
IDENT	586
IDENT	586
IDENT	goto
IDENT	587
IDENT	587
IDENT	goto
IDENT	588
IDENT	588
IDENT	goto
IDENT	589
IDENT	589
IDENT	goto
IDENT	590
IDENT	590
IDENT	goto
IDENT	591
IDENT	591
IDENT	goto
IDENT	592
IDENT	592
IDENT	goto
IDENT	593
IDENT	593
IDENT	goto
IDENT	594
IDENT	594
IDENT	goto
IDENT	595
IDENT	595
IDENT	goto
IDENT	596
IDENT	596
IDENT	goto
IDENT	597
IDENT	597
IDENT	goto
IDENT	598
IDENT	598
IDENT	goto
IDENT	599
IDENT	599
IDENT	goto
IDENT	600
IDENT	600
IDENT	goto
IDENT	601
IDENT	601
IDENT	goto
IDENT	602
IDENT	602
IDENT	goto
IDENT	603
IDENT	603
IDENT	goto
IDENT	604
IDENT	604
IDENT	goto
IDENT	605
IDENT	605
IDENT	goto
IDENT	606
IDENT	606
IDENT	goto
IDENT	607
IDENT	607
IDENT	goto
IDENT	608
IDENT	608
IDENT	goto
IDENT	609
IDENT	609
IDENT	goto
IDENT	610
IDENT	610
IDENT	goto
IDENT	611
IDENT	611
IDENT	goto
IDENT	612
IDENT	612
IDENT	goto
IDENT	613
IDENT	613
IDENT	goto
IDENT	614
IDENT	614
IDENT	goto
IDENT	615
IDENT	615
IDENT	goto
IDENT	616
IDENT	616
IDENT	goto
IDENT	617
IDENT	617
IDENT	goto
IDENT	618
IDENT	618
IDENT	goto
IDENT	619
IDENT	619
IDENT	goto
IDENT	620
IDENT	620
IDENT	goto
IDENT	621
IDENT	621
IDENT	goto
IDENT	622
IDENT	622
IDENT	goto
IDENT	623
IDENT	623
IDENT	goto
IDENT	624
IDENT	624
IDENT	goto
IDENT	625
IDENT	625
IDENT	goto
IDENT	626
IDENT	626
IDENT	goto
IDENT	627
IDENT	627
IDENT	goto
IDENT	628
IDENT	628
IDENT	goto
IDENT	629
IDENT	629
IDENT	goto
IDENT	630
IDENT	630
IDENT	goto
IDENT	631
IDENT	631
IDENT	goto
IDENT	632
IDENT	632
IDENT	goto
IDENT	633
IDENT	633
IDENT	goto
IDENT	634
IDENT	634
IDENT	goto
IDENT	635
IDENT	635
IDENT	goto
IDENT	636
IDENT	636
IDENT	goto
IDENT	637
IDENT	637
IDENT	goto
IDENT	638
IDENT	638
IDENT	goto
IDENT	639
IDENT	639
IDENT	goto
IDENT	640
IDENT	640
IDENT	goto
IDENT	641
IDENT	641
IDENT	goto
IDENT	642
IDENT	642
IDENT	goto
IDENT	643
IDENT	643
IDENT	goto
IDENT	644
IDENT	644
IDENT	goto
IDENT	645
IDENT	645
IDENT	goto
IDENT	646
IDENT	646
IDENT	goto
IDENT	647
IDENT	647
IDENT	goto
IDENT	648
IDENT	648
IDENT	goto
IDENT	649
IDENT	649
IDENT	goto
IDENT	650
IDENT	650
IDENT	goto
IDENT	651
IDENT	651
IDENT	goto
IDENT	652
IDENT	652
IDENT	goto
IDENT	653
IDENT	653
IDENT	goto
IDENT	654
IDENT	654
IDENT	goto
IDENT	655
IDENT	655
IDENT	goto
IDENT	656
IDENT	656
IDENT	goto
IDENT	657
IDENT	657
IDENT	goto
IDENT	658
IDENT	658
IDENT	goto
IDENT	659
IDENT	659
IDENT	goto
IDENT	660
IDENT	660
IDENT	goto
IDENT	661
IDENT	661
IDENT	goto
IDENT	662
IDENT	662
IDENT	goto
IDENT	663
IDENT	663
IDENT	goto
IDENT	664
IDENT	664
IDENT	goto
IDENT	665
IDENT	665
IDENT	goto
IDENT	666
IDENT	666
IDENT	goto
IDENT	667
IDENT	667
IDENT	goto
IDENT	668
IDENT	668
IDENT	goto
IDENT	669
IDENT	669
IDENT	goto
IDENT	670
IDENT	670
IDENT	goto
IDENT	671
IDENT	671
IDENT	goto
IDENT	672
IDENT	672
IDENT	goto
IDENT	673
IDENT	673
IDENT	goto
IDENT	674
IDENT	674
IDENT	goto
IDENT	675
IDENT	675
IDENT	goto
IDENT	676
IDENT	676
IDENT	goto
IDENT	677
IDENT	677
IDENT	goto
IDENT	678
IDENT	678
IDENT	goto
IDENT	679
IDENT	679
IDENT	goto
IDENT	680
IDENT	680
IDENT	goto
IDENT	681
IDENT	681
IDENT	goto
IDENT	682
IDENT	682
IDENT	goto
IDENT	683
IDENT	683
IDENT	goto
IDENT	684
IDENT	684
IDENT	goto
IDENT	685
IDENT	685
IDENT	goto
IDENT	686
IDENT	686
IDENT	goto
IDENT	687
IDENT	687
IDENT	goto
IDENT	688
IDENT	688
IDENT	goto
IDENT	689
IDENT	689
IDENT	goto
IDENT	690
IDENT	690
IDENT	goto
IDENT	691
IDENT	691
IDENT	goto
IDENT	692
IDENT	692
IDENT	goto
IDENT	693
IDENT	693
IDENT	goto
IDENT	694
IDENT	694
IDENT	goto
IDENT	695
IDENT	695
IDENT	goto
IDENT	696
IDENT	696
IDENT	goto
IDENT	697
IDENT	697
IDENT	goto
IDENT	698
IDENT	698
IDENT	goto
IDENT	699
IDENT	699
IDENT	goto
IDENT	700
IDENT	700
IDENT	goto
IDENT	701
IDENT	701
IDENT	goto
IDENT	702
IDENT	702
IDENT	goto
IDENT	703
IDENT	703
IDENT	goto
IDENT	704
IDENT	704
IDENT	goto
IDENT	705
IDENT	705
IDENT	goto
IDENT	706
IDENT	706
IDENT	goto
IDENT	707
IDENT	707
IDENT	goto
IDENT	708
IDENT	708
IDENT	goto
IDENT	709
IDENT	709
IDENT	goto
IDENT	710
IDENT	710
IDENT	goto
IDENT	711
IDENT	711
IDENT	goto
IDENT	712
IDENT	712
IDENT	goto
IDENT	713
IDENT	713
IDENT	goto
IDENT	714
IDENT	714
IDENT	goto
IDENT	715
IDENT	715
IDENT	goto
IDENT	716
IDENT	716
IDENT	goto
IDENT	717
IDENT	717
IDENT	goto
IDENT	718
IDENT	718
IDENT	goto
IDENT	719
IDENT	719
IDENT	goto
IDENT	720
IDENT	720
IDENT	goto
IDENT	721
IDENT	721
IDENT	goto
IDENT	722
IDENT	722
IDENT	goto
IDENT	723
IDENT	723
IDENT	goto
IDENT	724
IDENT	724
IDENT	goto
IDENT	725
IDENT	725
IDENT	goto
IDENT	726
IDENT	726
IDENT	goto
IDENT	727
IDENT	727
IDENT	goto
IDENT	728
IDENT	728
IDENT	goto
IDENT	729
IDENT	729
IDENT	goto
IDENT	730
IDENT	730
IDENT	goto
IDENT	731
IDENT	731
IDENT	goto
IDENT	732
IDENT	732
IDENT	goto
IDENT	733
IDENT	733
IDENT	goto
IDENT	734
IDENT	734
IDENT	goto
IDENT	735
IDENT	735
IDENT	goto
IDENT	736
IDENT	736
IDENT	goto
IDENT	737
IDENT	737
IDENT	goto
IDENT	738
IDENT	738
IDENT	goto
IDENT	739
IDENT	739
IDENT	goto
IDENT	740
IDENT	740
IDENT	goto
IDENT	741
IDENT	741
IDENT	goto
IDENT	742
IDENT	742
IDENT	goto
IDENT	743
IDENT	743
IDENT	goto
IDENT	744
IDENT	744
IDENT	goto
IDENT	745
IDENT	745
IDENT	goto
IDENT	746
IDENT	746
IDENT	goto
IDENT	747
IDENT	747
IDENT	goto
IDENT	748
IDENT	748
IDENT	goto
IDENT	749
IDENT	749
IDENT	goto
IDENT	750
IDENT	750
IDENT	goto
IDENT	751
IDENT	751
IDENT	goto
IDENT	752
IDENT	752
IDENT	goto
IDENT	753
IDENT	753
IDENT	goto
IDENT	754
IDENT	754
IDENT	goto
IDENT	755
IDENT	755
IDENT	goto
IDENT	756
IDENT	756
IDENT	goto
IDENT	757
IDENT	757
IDENT	goto
IDENT	758
IDENT	758
IDENT	goto
IDENT	759
IDENT	759
IDENT	goto
IDENT	760
IDENT	760
IDENT	goto
IDENT	761
IDENT	761
IDENT	goto
IDENT	762
IDENT	762
IDENT	goto
IDENT	763
IDENT	763
IDENT	goto
IDENT	764
IDENT	764
IDENT	goto
IDENT	765
IDENT	765
IDENT	goto
IDENT	766
IDENT	766
IDENT	goto
IDENT	767
IDENT	767
IDENT	goto
IDENT	768
IDENT	768
IDENT	goto
IDENT	769
IDENT	769
IDENT	goto
IDENT	770
IDENT	770
IDENT	goto
IDENT	771
IDENT	771
IDENT	goto
IDENT	772
IDENT	772
IDENT	goto
IDENT	773
IDENT	773
IDENT	goto
IDENT	774
IDENT	774
IDENT	goto
IDENT	775
IDENT	775
IDENT	goto
IDENT	776
IDENT	776
IDENT	goto
IDENT	777
IDENT	777
IDENT	goto
IDENT	778
IDENT	778
IDENT	goto
IDENT	779
IDENT	779
IDENT	goto
IDENT	780
IDENT	780
IDENT	goto
IDENT	781
IDENT	781
IDENT	goto
IDENT	782
IDENT	782
IDENT	goto
IDENT	783
IDENT	783
IDENT	goto
IDENT	784
IDENT	784
IDENT	goto
IDENT	785
IDENT	785
IDENT	goto
IDENT	786
IDENT	786
IDENT	goto
IDENT	787
IDENT	787
IDENT	goto
IDENT	788
IDENT	788
IDENT	goto
IDENT	789
IDENT	789
IDENT	goto
IDENT	790
IDENT	790
IDENT	goto
IDENT	791
IDENT	791
IDENT	goto
IDENT	792
IDENT	792
IDENT	goto
IDENT	793
IDENT	793
IDENT	goto
IDENT	794
IDENT	794
IDENT	goto
IDENT	795
IDENT	795
IDENT	goto
IDENT	796
IDENT	796
IDENT	goto
IDENT	797
IDENT	797
IDENT	goto
IDENT	798
IDENT	798
IDENT	goto
IDENT	799
IDENT	799
IDENT	goto
IDENT	800
IDENT	800
IDENT	goto
IDENT	801
IDENT	801
IDENT	goto
IDENT	802
IDENT	802
IDENT	goto
IDENT	803
IDENT	803
IDENT	goto
IDENT	804
IDENT	804
IDENT	goto
IDENT	805
IDENT	805
IDENT	goto
IDENT	806
IDENT	806
IDENT	goto
IDENT	807
IDENT	807
IDENT	goto
IDENT	808
IDENT	808
IDENT	goto
IDENT	809
IDENT	809
IDENT	goto
IDENT	810
IDENT	810
IDENT	goto
IDENT	811
IDENT	811
IDENT	goto
IDENT	812
IDENT	812
IDENT	goto
IDENT	813
IDENT	813
IDENT	goto
IDENT	814
IDENT	814
IDENT	goto
IDENT	815
IDENT	815
IDENT	goto
IDENT	816
IDENT	816
IDENT	goto
IDENT	817
IDENT	817
IDENT	goto
IDENT	818
IDENT	818
IDENT	goto
IDENT	819
IDENT	819
IDENT	goto
IDENT	820
IDENT	820
IDENT	goto
IDENT	821
IDENT	821
IDENT	goto
IDENT	822
IDENT	822
IDENT	goto
IDENT	823
IDENT	823
IDENT	goto
IDENT	824
IDENT	824
IDENT	goto
IDENT	825
IDENT	825
IDENT	goto
IDENT	826
IDENT	826
IDENT	goto
IDENT	827
IDENT	827
IDENT	goto
IDENT	828
IDENT	828
IDENT	goto
IDENT	829
IDENT	829
IDENT	goto
IDENT	830
IDENT	830
IDENT	goto
IDENT	831
IDENT	831
IDENT	goto
IDENT	832
IDENT	832
IDENT	goto
IDENT	833
IDENT	833
IDENT	goto
IDENT	834
IDENT	834
IDENT	goto
IDENT	835
IDENT	835
IDENT	goto
IDENT	836
IDENT	836
IDENT	goto
IDENT	837
IDENT	837
IDENT	goto
IDENT	838
IDENT	838
IDENT	goto
IDENT	839
IDENT	839
IDENT	goto
IDENT	840
IDENT	840
IDENT	goto
IDENT	841
IDENT	841
IDENT	goto
IDENT	842
IDENT	842
IDENT	goto
IDENT	843
IDENT	843
IDENT	goto
IDENT	844
IDENT	844
IDENT	goto
IDENT	845
IDENT	845
IDENT	goto
IDENT	846
IDENT	846
IDENT	goto
IDENT	847
IDENT	847
IDENT	goto
IDENT	848
IDENT	848
IDENT	goto
IDENT	849
IDENT	849
IDENT	goto
IDENT	850
IDENT	850
IDENT	goto
IDENT	851
IDENT	851
IDENT	goto
IDENT	852
IDENT	852
IDENT	goto
IDENT	853
IDENT	853
IDENT	goto
IDENT	854
IDENT	854
IDENT	goto
IDENT	855
IDENT	855
IDENT	goto
IDENT	856
IDENT	856
IDENT	goto
IDENT	857
IDENT	857
IDENT	goto
IDENT	858
IDENT	858
IDENT	goto
IDENT	859
IDENT	859
IDENT	goto
IDENT	860
IDENT	860
IDENT	goto
IDENT	861
IDENT	861
IDENT	goto
IDENT	862
IDENT	862
IDENT	goto
IDENT	863
IDENT	863
IDENT	goto
IDENT	864
IDENT	864
IDENT	goto
IDENT	865
IDENT	865
IDENT	goto
IDENT	866
IDENT	866
IDENT	goto
IDENT	867
IDENT	867
IDENT	goto
IDENT	868
IDENT	868
IDENT	goto
IDENT	869
IDENT	869
IDENT	goto
IDENT	870
IDENT	870
IDENT	goto
IDENT	871
IDENT	871
IDENT	goto
IDENT	872
IDENT	872
IDENT	goto
IDENT	873
IDENT	873
IDENT	goto
IDENT	874
IDENT	874
IDENT	goto
IDENT	875
IDENT	875
IDENT	goto
IDENT	876
IDENT	876
IDENT	goto
IDENT	877
IDENT	877
IDENT	goto
IDENT	878
IDENT	878
IDENT	goto
IDENT	879
IDENT	879
IDENT	goto
IDENT	880
IDENT	880
IDENT	goto
IDENT	881
IDENT	881
IDENT	goto
IDENT	882
IDENT	882
IDENT	goto
IDENT	883
IDENT	883
IDENT	goto
IDENT	884
IDENT	884
IDENT	goto
IDENT	885
IDENT	885
IDENT	goto
IDENT	886
IDENT	886
IDENT	goto
IDENT	887
IDENT	887
IDENT	goto
IDENT	888
IDENT	888
IDENT	goto
IDENT	889
IDENT	889
IDENT	goto
IDENT	890
IDENT	890
IDENT	goto
IDENT	891
IDENT	891
IDENT	goto
IDENT	892
IDENT	892
IDENT	goto
IDENT	893
IDENT	893
IDENT	goto
IDENT	894
IDENT	894
IDENT	goto
IDENT	895
IDENT	895
IDENT	goto
IDENT	896
IDENT	896
IDENT	goto
IDENT	897
IDENT	897
IDENT	goto
IDENT	898
IDENT	898
IDENT	goto
IDENT	899
IDENT	899
IDENT	goto
IDENT	900
IDENT	900
IDENT	goto
IDENT	901
IDENT	901
IDENT	goto
IDENT	902
IDENT	902
IDENT	goto
IDENT	903
IDENT	903
IDENT	goto
IDENT	904
IDENT	904
IDENT	goto
IDENT	905
IDENT	905
IDENT	goto
IDENT	906
IDENT	906
IDENT	goto
IDENT	907
IDENT	907
IDENT	goto
IDENT	908
IDENT	908
IDENT	goto
IDENT	909
IDENT	909
IDENT	goto
IDENT	910
IDENT	910
IDENT	goto
IDENT	911
IDENT	911
IDENT	goto
IDENT	912
IDENT	912
IDENT	goto
IDENT	913
IDENT	913
IDENT	goto
IDENT	914
IDENT	914
IDENT	goto
IDENT	915
IDENT	915
IDENT	goto
IDENT	916
IDENT	916
IDENT	goto
IDENT	917
IDENT	917
IDENT	goto
IDENT	918
IDENT	918
IDENT	goto
IDENT	919
IDENT	919
IDENT	goto
IDENT	920
IDENT	920
IDENT	goto
IDENT	921
IDENT	921
IDENT	goto
IDENT	922
IDENT	922
IDENT	goto
IDENT	923
IDENT	923
IDENT	goto
IDENT	924
IDENT	924
IDENT	goto
IDENT	925
IDENT	925
IDENT	goto
IDENT	926
IDENT	926
IDENT	goto
IDENT	927
IDENT	927
IDENT	goto
IDENT	928
IDENT	928
IDENT	goto
IDENT	929
IDENT	929
IDENT	goto
IDENT	930
IDENT	930
IDENT	goto
IDENT	931
IDENT	931
IDENT	goto
IDENT	932
IDENT	932
IDENT	goto
IDENT	933
IDENT	933
IDENT	goto
IDENT	934
IDENT	934
IDENT	goto
IDENT	935
IDENT	935
IDENT	goto
IDENT	936
IDENT	936
IDENT	goto
IDENT	937
IDENT	937
IDENT	goto
IDENT	938
IDENT	938
IDENT	goto
IDENT	939
IDENT	939
IDENT	goto
IDENT	940
IDENT	940
IDENT	goto
IDENT	941
IDENT	941
IDENT	goto
IDENT	942
IDENT	942
IDENT	goto
IDENT	943
IDENT	943
IDENT	goto
IDENT	944
IDENT	944
IDENT	goto
IDENT	945
IDENT	945
IDENT	goto
IDENT	946
IDENT	946
IDENT	goto
IDENT	947
IDENT	947
IDENT	goto
IDENT	948
IDENT	948
IDENT	goto
IDENT	949
IDENT	949
IDENT	goto
IDENT	950
IDENT	950
IDENT	goto
IDENT	951
IDENT	951
IDENT	goto
IDENT	952
IDENT	952
IDENT	goto
IDENT	953
IDENT	953
IDENT	goto
IDENT	954
IDENT	954
IDENT	goto
IDENT	955
IDENT	955
IDENT	goto
IDENT	956
IDENT	956
IDENT	goto
IDENT	957
IDENT	957
IDENT	goto
IDENT	958
IDENT	958
IDENT	goto
IDENT	959
IDENT	959
IDENT	goto
IDENT	960
IDENT	960
IDENT	goto
IDENT	961
IDENT	961
IDENT	goto
IDENT	962
IDENT	962
IDENT	goto
IDENT	963
IDENT	963
IDENT	goto
IDENT	964
IDENT	964
IDENT	goto
IDENT	965
IDENT	965
IDENT	goto
IDENT	966
IDENT	966
IDENT	goto
IDENT	967
IDENT	967
IDENT	goto
IDENT	968
IDENT	968
IDENT	goto
IDENT	969
IDENT	969
IDENT	goto
IDENT	970
IDENT	970
IDENT	goto
IDENT	971
IDENT	971
IDENT	goto
IDENT	972
IDENT	972
IDENT	goto
IDENT	973
IDENT	973
IDENT	goto
IDENT	974
IDENT	974
IDENT	goto
IDENT	975
IDENT	975
IDENT	goto
IDENT	976
IDENT	976
IDENT	goto
IDENT	977
IDENT	977
IDENT	goto
IDENT	978
IDENT	978
IDENT	goto
IDENT	979
IDENT	979
IDENT	goto
IDENT	980
IDENT	980
IDENT	goto
IDENT	981
IDENT	981
IDENT	goto
IDENT	982
IDENT	982
IDENT	goto
IDENT	983
IDENT	983
IDENT	goto
IDENT	984
IDENT	984
IDENT	goto
IDENT	985
IDENT	985
IDENT	goto
IDENT	986
IDENT	986
IDENT	goto
IDENT	987
IDENT	987
IDENT	goto
IDENT	988
IDENT	988
IDENT	goto
IDENT	989
IDENT	989
IDENT	goto
IDENT	990
IDENT	990
IDENT	goto
IDENT	991
IDENT	991
IDENT	goto
IDENT	992
IDENT	992
IDENT	goto
IDENT	993
IDENT	993
IDENT	goto
IDENT	994
IDENT	994
IDENT	goto
IDENT	995
IDENT	995
IDENT	goto
IDENT	996
IDENT	996
IDENT	goto
IDENT	997
IDENT	997
IDENT	goto
IDENT	998
IDENT	998
IDENT	goto
IDENT	999
IDENT	999
IDENT	goto
IDENT	1000
IDENT	1000
IDENT	goto
IDENT	1001
IDENT	1001
IDENT	goto
IDENT	1002
IDENT	1002
IDENT	goto
IDENT	1003
IDENT	1003
IDENT	goto
IDENT	1004
IDENT	1004
IDENT	goto
IDENT	1005
IDENT	1005
IDENT	goto
IDENT	1006
IDENT	1006
IDENT	goto
IDENT	1007
IDENT	1007
IDENT	goto
IDENT	1008
IDENT	1008
IDENT	goto
IDENT	1009
IDENT	1009
IDENT	goto
IDENT	1010
IDENT	1010
IDENT	goto
IDENT	1011
IDENT	1011
IDENT	goto
IDENT	1012
IDENT	1012
IDENT	goto
IDENT	1013
IDENT	1013
IDENT	goto
IDENT	1014
IDENT	1014
IDENT	goto
IDENT	1015
IDENT	1015
IDENT	goto
IDENT	1016
IDENT	1016
IDENT	goto
IDENT	1017
IDENT	1017
IDENT	goto
IDENT	1018
IDENT	1018
IDENT	goto
IDENT	1019
IDENT	1019
IDENT	goto
IDENT	1020
IDENT	1020
IDENT	goto
IDENT	1021
IDENT	1021
IDENT	goto
IDENT	1022
IDENT	1022
IDENT	goto
IDENT	1023
IDENT	1023
IDENT	goto
IDENT	1024
IDENT	1024
IDENT	goto
IDENT	1025
IDENT	1025
IDENT	goto
IDENT	1026
IDENT	1026
IDENT	goto
IDENT	1027
IDENT	1027
IDENT	goto
IDENT	1028
IDENT	1028
IDENT	goto
IDENT	1029
IDENT	1029
IDENT	goto
IDENT	1030
IDENT	1030
IDENT	goto
IDENT	1031
IDENT	1031
IDENT	goto
IDENT	1032
IDENT	1032
IDENT	goto
IDENT	1033
IDENT	1033
IDENT	goto
IDENT	1034
IDENT	1034
IDENT	goto
IDENT	1035
IDENT	1035
IDENT	goto
IDENT	1036
IDENT	1036
IDENT	goto
IDENT	1037
IDENT	1037
IDENT	goto
IDENT	1038
IDENT	1038
IDENT	goto
IDENT	1039
IDENT	1039
IDENT	goto
IDENT	1040
IDENT	1040
IDENT	goto
IDENT	1041
IDENT	1041
IDENT	goto
IDENT	1042
IDENT	1042
IDENT	goto
IDENT	1043
IDENT	1043
IDENT	goto
IDENT	1044
IDENT	1044
IDENT	goto
IDENT	1045
IDENT	1045
IDENT	goto
IDENT	1046
IDENT	1046
IDENT	goto
IDENT	1047
IDENT	1047
IDENT	goto
IDENT	1048
IDENT	1048
IDENT	goto
IDENT	1049
IDENT	1049
IDENT	goto
IDENT	1050
IDENT	1050
IDENT	goto
IDENT	1051
IDENT	1051
IDENT	goto
IDENT	1052
IDENT	1052
IDENT	goto
IDENT	1053
IDENT	1053
IDENT	goto
IDENT	1054
IDENT	1054
IDENT	goto
IDENT	1055
IDENT	1055
IDENT	goto
IDENT	1056
IDENT	1056
IDENT	goto
IDENT	1057
IDENT	1057
IDENT	goto
IDENT	1058
IDENT	1058
IDENT	goto
IDENT	1059
IDENT	1059
IDENT	goto
IDENT	1060
IDENT	1060
IDENT	goto
IDENT	1061
IDENT	1061
IDENT	goto
IDENT	1062
IDENT	1062
IDENT	goto
IDENT	1063
IDENT	1063
IDENT	goto
IDENT	1064
IDENT	1064
IDENT	goto
IDENT	1065
IDENT	1065
IDENT	goto
IDENT	1066
IDENT	1066
IDENT	goto
IDENT	1067
IDENT	1067
IDENT	goto
IDENT	1068
IDENT	1068
IDENT	goto
IDENT	1069
IDENT	1069
IDENT	goto
IDENT	1070
IDENT	1070
IDENT	goto
IDENT	1071
IDENT	1071
IDENT	goto
IDENT	1072
IDENT	1072
IDENT	goto
IDENT	1073
IDENT	1073
IDENT	goto
IDENT	1074
IDENT	1074
IDENT	goto
IDENT	1075
IDENT	1075
IDENT	goto
IDENT	1076
IDENT	1076
IDENT	goto
IDENT	1077
IDENT	1077
IDENT	goto
IDENT	1078
IDENT	1078
IDENT	goto
IDENT	1079
IDENT	1079
IDENT	goto
IDENT	1080
IDENT	1080
IDENT	goto
IDENT	1081
IDENT	1081
IDENT	goto
IDENT	1082
IDENT	1082
IDENT	goto
IDENT	1083
IDENT	1083
IDENT	goto
IDENT	1084
IDENT	1084
IDENT	goto
IDENT	1085
IDENT	1085
IDENT	goto
IDENT	1086
IDENT	1086
IDENT	goto
IDENT	1087
IDENT	1087
IDENT	goto
IDENT	1088
IDENT	1088
IDENT	goto
IDENT	1089
IDENT	1089
IDENT	goto
IDENT	1090
IDENT	1090
IDENT	goto
IDENT	1091
IDENT	1091
IDENT	goto
IDENT	1092
IDENT	1092
IDENT	goto
IDENT	1093
IDENT	1093
IDENT	goto
IDENT	1094
IDENT	1094
IDENT	goto
IDENT	1095
IDENT	1095
IDENT	goto
IDENT	1096
IDENT	1096
IDENT	goto
IDENT	1097
IDENT	1097
IDENT	goto
IDENT	1098
IDENT	1098
IDENT	goto
IDENT	1099
IDENT	1099
IDENT	goto
IDENT	1100
IDENT	1100
IDENT	goto
IDENT	1101
IDENT	1101
IDENT	goto
IDENT	1102
IDENT	1102
IDENT	goto
IDENT	1103
IDENT	1103
IDENT	goto
IDENT	1104
IDENT	1104
IDENT	goto
IDENT	1105
IDENT	1105
IDENT	goto
IDENT	1106
IDENT	1106
IDENT	goto
IDENT	1107
IDENT	1107
IDENT	goto
IDENT	1108
IDENT	1108
IDENT	goto
IDENT	1109
IDENT	1109
IDENT	goto
IDENT	1110
IDENT	1110
IDENT	goto
IDENT	1111
IDENT	1111
IDENT	goto
IDENT	1112
IDENT	1112
IDENT	goto
IDENT	1113
IDENT	1113
IDENT	goto
IDENT	1115
IDENT	1114
IDENT	goto
IDENT	1115
IDENT	1115
IDENT	goto
IDENT	1116
IDENT	1116
IDENT	goto
IDENT	1117
IDENT	1117
IDENT	goto
IDENT	1118
IDENT	1118
IDENT	goto
IDENT	1119
IDENT	1119
IDENT	goto
IDENT	1120
IDENT	1120
IDENT	goto
IDENT	1121
IDENT	1121
IDENT	goto
IDENT	1122
IDENT	1122
IDENT	goto
IDENT	1123
IDENT	1123
IDENT	goto
IDENT	1124
IDENT	1124
IDENT	goto
IDENT	1125
IDENT	1125
IDENT	goto
IDENT	1126
IDENT	1126
IDENT	goto
IDENT	1127
IDENT	1127
IDENT	goto
IDENT	1128
IDENT	1128
IDENT	goto
IDENT	1129
IDENT	1129
IDENT	goto
IDENT	1130
IDENT	1130
IDENT	goto
IDENT	1131
IDENT	1131
IDENT	goto
IDENT	1132
IDENT	1132
IDENT	goto
IDENT	1133
IDENT	1133
IDENT	goto
IDENT	1134
IDENT	1134
IDENT	goto
IDENT	1135
IDENT	1135
IDENT	goto
IDENT	1136
IDENT	1136
IDENT	goto
IDENT	1137
IDENT	1137
IDENT	goto
IDENT	1138
IDENT	1138
IDENT	goto
IDENT	1139
IDENT	1139
IDENT	goto
IDENT	1140
IDENT	1140
IDENT	goto
IDENT	1141
IDENT	1141
IDENT	goto
IDENT	1142
IDENT	1142
IDENT	goto
IDENT	1143
IDENT	1143
IDENT	goto
IDENT	1144
IDENT	1144
IDENT	goto
IDENT	1145
IDENT	1145
IDENT	goto
IDENT	1146
IDENT	1146
IDENT	goto
IDENT	1147
IDENT	1147
IDENT	goto
IDENT	1148
IDENT	1148
IDENT	goto
IDENT	1149
IDENT	1149
IDENT	goto
IDENT	1150
IDENT	1150
IDENT	goto
IDENT	1151
IDENT	1151
IDENT	goto
IDENT	1152
IDENT	1152
IDENT	goto
IDENT	1153
IDENT	1153
IDENT	goto
IDENT	1154
IDENT	1154
IDENT	goto
IDENT	1155
IDENT	1155
IDENT	goto
IDENT	1156
IDENT	1156
IDENT	goto
IDENT	1157
IDENT	1157
IDENT	goto
IDENT	1158
IDENT	1158
IDENT	goto
IDENT	1159
IDENT	1159
IDENT	goto
IDENT	1160
IDENT	1160
IDENT	goto
IDENT	1161
IDENT	1161
IDENT	goto
IDENT	1162
IDENT	1162
IDENT	goto
IDENT	1163
IDENT	1163
IDENT	goto
IDENT	1164
IDENT	1164
IDENT	goto
IDENT	1165
IDENT	1165
IDENT	goto
IDENT	1166
IDENT	1166
IDENT	goto
IDENT	1167
IDENT	1167
IDENT	goto
IDENT	1168
IDENT	1168
IDENT	goto
IDENT	1169
IDENT	1169
IDENT	goto
IDENT	1170
IDENT	1170
IDENT	goto
IDENT	1171
IDENT	1171
IDENT	goto
IDENT	1172
IDENT	1172
IDENT	goto
IDENT	1173
IDENT	1173
IDENT	goto
IDENT	1174
IDENT	1174
IDENT	goto
IDENT	1175
IDENT	1175
IDENT	goto
IDENT	1176
IDENT	1176
IDENT	goto
IDENT	1177
IDENT	1177
IDENT	goto
IDENT	1178
IDENT	1178
IDENT	goto
IDENT	1179
IDENT	1179
IDENT	goto
IDENT	1180
IDENT	1180
IDENT	goto
IDENT	1181
IDENT	1181
IDENT	goto
IDENT	1182
IDENT	1182
IDENT	goto
IDENT	1183
IDENT	1183
IDENT	goto
IDENT	1184
IDENT	1184
IDENT	goto
IDENT	1185
IDENT	1185
IDENT	goto
IDENT	1186
IDENT	1186
IDENT	goto
IDENT	1187
IDENT	1187
IDENT	goto
IDENT	1188
IDENT	1188
IDENT	goto
IDENT	1189
IDENT	1189
IDENT	goto
IDENT	1190
IDENT	1190
IDENT	goto
IDENT	1191
IDENT	1191
IDENT	goto
IDENT	1192
IDENT	1192
IDENT	goto
IDENT	1193
IDENT	1193
IDENT	goto
IDENT	1194
IDENT	1194
IDENT	goto
IDENT	1195
IDENT	1195
IDENT	goto
IDENT	1196
IDENT	1196
IDENT	goto
IDENT	1197
IDENT	1197
IDENT	goto
IDENT	1198
IDENT	1198
IDENT	goto
IDENT	1199
IDENT	1199
IDENT	goto
IDENT	1200
IDENT	1200
IDENT	goto
IDENT	1201
IDENT	1201
IDENT	goto
IDENT	1202
IDENT	1202
IDENT	goto
IDENT	1203
IDENT	1203
IDENT	goto
IDENT	1204
IDENT	1204
IDENT	goto
IDENT	1205
IDENT	1205
IDENT	goto
IDENT	1206
IDENT	1206
IDENT	goto
IDENT	1207
IDENT	1207
IDENT	goto
IDENT	1208
IDENT	1208
IDENT	goto
IDENT	1209
IDENT	1209
IDENT	goto
IDENT	1210
IDENT	1210
IDENT	goto
IDENT	1211
IDENT	1211
IDENT	goto
IDENT	1212
IDENT	1212
IDENT	goto
IDENT	1213
IDENT	1213
IDENT	goto
IDENT	1214
IDENT	1214
IDENT	goto
IDENT	1215
IDENT	1215
IDENT	goto
IDENT	1216
IDENT	1216
IDENT	goto
IDENT	1217
IDENT	1217
IDENT	goto
IDENT	1218
IDENT	1218
IDENT	goto
IDENT	1219
IDENT	1219
IDENT	goto
IDENT	1220
IDENT	1220
IDENT	goto
IDENT	1221
IDENT	1221
IDENT	goto
IDENT	1222
IDENT	1222
IDENT	goto
IDENT	1223
IDENT	1223
IDENT	goto
IDENT	1224
IDENT	1224
IDENT	goto
IDENT	1225
IDENT	1225
IDENT	goto
IDENT	1226
IDENT	1226
IDENT	goto
IDENT	1227
IDENT	1227
IDENT	goto
IDENT	1228
IDENT	1228
IDENT	goto
IDENT	1229
IDENT	1229
IDENT	goto
IDENT	1230
IDENT	1230
IDENT	goto
IDENT	1231
IDENT	1231
IDENT	goto
IDENT	1232
IDENT	1232
IDENT	goto
IDENT	1233
IDENT	1233
IDENT	goto
IDENT	1234
IDENT	1234
IDENT	goto
IDENT	1235
IDENT	1235
IDENT	goto
IDENT	1236
IDENT	1236
IDENT	goto
IDENT	1237
IDENT	1237
IDENT	goto
IDENT	1238
IDENT	1238
IDENT	goto
IDENT	1239
IDENT	1239
IDENT	goto
IDENT	1240
IDENT	1240
IDENT	goto
IDENT	1241
IDENT	1241
IDENT	goto
IDENT	1242
IDENT	1242
IDENT	goto
IDENT	1243
IDENT	1243
IDENT	goto
IDENT	1244
IDENT	1244
IDENT	goto
IDENT	1245
IDENT	1245
IDENT	goto
IDENT	1246
IDENT	1246
IDENT	goto
IDENT	1247
IDENT	1247
IDENT	goto
IDENT	1248
IDENT	1248
IDENT	goto
IDENT	1249
IDENT	1249
IDENT	goto
IDENT	1250
IDENT	1250
IDENT	goto
IDENT	1251
IDENT	1251
IDENT	goto
IDENT	1252
IDENT	1252
IDENT	goto
IDENT	1253
IDENT	1253
IDENT	goto
IDENT	1254
IDENT	1254
IDENT	goto
IDENT	1255
IDENT	1255
IDENT	goto
IDENT	1256
IDENT	1256
IDENT	goto
IDENT	1257
IDENT	1257
IDENT	goto
IDENT	1258
IDENT	1258
IDENT	goto
IDENT	1259
IDENT	1259
IDENT	goto
IDENT	1260
IDENT	1260
IDENT	goto
IDENT	1261
IDENT	1261
IDENT	goto
IDENT	1262
IDENT	1262
IDENT	goto
IDENT	1263
IDENT	1263
IDENT	goto
IDENT	1264
IDENT	1264
IDENT	goto
IDENT	1265
IDENT	1265
IDENT	goto
IDENT	1266
IDENT	1266
IDENT	goto
IDENT	1267
IDENT	1267
IDENT	goto
IDENT	1268
IDENT	1268
IDENT	goto
IDENT	1269
IDENT	1269
IDENT	goto
IDENT	1270
IDENT	1270
IDENT	goto
IDENT	1271
IDENT	1271
IDENT	goto
IDENT	1272
IDENT	1272
IDENT	goto
IDENT	1273
IDENT	1273
IDENT	goto
IDENT	1274
IDENT	1274
IDENT	goto
IDENT	1275
IDENT	1275
IDENT	goto
IDENT	1276
IDENT	1276
IDENT	goto
IDENT	1277
IDENT	1277
IDENT	goto
IDENT	1278
IDENT	1278
IDENT	goto
IDENT	1279
IDENT	1279
IDENT	goto
IDENT	1280
IDENT	1280
IDENT	goto
IDENT	1281
IDENT	1281
IDENT	goto
IDENT	1282
IDENT	1282
IDENT	goto
IDENT	1283
IDENT	1283
IDENT	goto
IDENT	1284
IDENT	1284
IDENT	goto
IDENT	1285
IDENT	1285
IDENT	goto
IDENT	1286
IDENT	1286
IDENT	goto
IDENT	1287
IDENT	1287
IDENT	goto
IDENT	1288
IDENT	1288
IDENT	goto
IDENT	1289
IDENT	1289
IDENT	goto
IDENT	1290
IDENT	1290
IDENT	goto
IDENT	1291
IDENT	1291
IDENT	goto
IDENT	1292
IDENT	1292
IDENT	goto
IDENT	1293
IDENT	1293
IDENT	goto
IDENT	1294
IDENT	1294
IDENT	goto
IDENT	1295
IDENT	1295
IDENT	goto
IDENT	1296
IDENT	1296
IDENT	goto
IDENT	1297
IDENT	1297
IDENT	goto
IDENT	1298
IDENT	1298
IDENT	goto
IDENT	1299
IDENT	1299
IDENT	goto
IDENT	1300
IDENT	1300
IDENT	goto
IDENT	1301
IDENT	1301
IDENT	goto
IDENT	1302
IDENT	1302
IDENT	goto
IDENT	1303
IDENT	1303
IDENT	goto
IDENT	1304
IDENT	1304
IDENT	goto
IDENT	1305
IDENT	1305
IDENT	goto
IDENT	1306
IDENT	1306
IDENT	goto
IDENT	1307
IDENT	1307
IDENT	goto
IDENT	1308
IDENT	1308
IDENT	goto
IDENT	1309
IDENT	1309
IDENT	goto
IDENT	1310
IDENT	1310
IDENT	goto
IDENT	1311
IDENT	1311
IDENT	goto
IDENT	1312
IDENT	1312
IDENT	goto
IDENT	1313
IDENT	1313
IDENT	goto
IDENT	1314
IDENT	1314
IDENT	goto
IDENT	1315
IDENT	1315
IDENT	goto
IDENT	1316
IDENT	1316
IDENT	goto
IDENT	1317
IDENT	1317
IDENT	goto
IDENT	1318
IDENT	1318
IDENT	goto
IDENT	1319
IDENT	1319
IDENT	goto
IDENT	1320
IDENT	1320
IDENT	goto
IDENT	1321
IDENT	1321
IDENT	goto
IDENT	1322
IDENT	1322
IDENT	goto
IDENT	1323
IDENT	1323
IDENT	goto
IDENT	1324
IDENT	1324
IDENT	goto
IDENT	1325
IDENT	1325
IDENT	goto
IDENT	1326
IDENT	1326
IDENT	goto
IDENT	1327
IDENT	1327
IDENT	goto
IDENT	1328
IDENT	1328
IDENT	goto
IDENT	1329
IDENT	1329
IDENT	goto
IDENT	1330
IDENT	1330
IDENT	goto
IDENT	1331
IDENT	1331
IDENT	goto
IDENT	1332
IDENT	1332
IDENT	goto
IDENT	1333
IDENT	1333
IDENT	goto
IDENT	1334
IDENT	1334
IDENT	goto
IDENT	1335
IDENT	1335
IDENT	goto
IDENT	1336
IDENT	1336
IDENT	goto
IDENT	1337
IDENT	1337
IDENT	goto
IDENT	1338
IDENT	1338
IDENT	goto
IDENT	1339
IDENT	1339
IDENT	goto
IDENT	1340
IDENT	1340
IDENT	goto
IDENT	1341
IDENT	1341
IDENT	goto
IDENT	1342
IDENT	1342
IDENT	goto
IDENT	1343
IDENT	1343
IDENT	goto
IDENT	1344
IDENT	1344
IDENT	goto
IDENT	1345
IDENT	1345
IDENT	goto
IDENT	1346
IDENT	1346
IDENT	goto
IDENT	1347
IDENT	1347
IDENT	goto
IDENT	1348
IDENT	1348
IDENT	goto
IDENT	1349
IDENT	1349
IDENT	goto
IDENT	1350
IDENT	1350
IDENT	goto
IDENT	1351
IDENT	1351
IDENT	goto
IDENT	1352
IDENT	1352
IDENT	goto
IDENT	1353
IDENT	1353
IDENT	goto
IDENT	1354
IDENT	1354
IDENT	goto
IDENT	1355
IDENT	1355
IDENT	goto
IDENT	1356
IDENT	1356
IDENT	goto
IDENT	1357
IDENT	1357
IDENT	goto
IDENT	1358
IDENT	1358
IDENT	goto
IDENT	1359
IDENT	1359
IDENT	goto
IDENT	1360
IDENT	1360
IDENT	goto
IDENT	1361
IDENT	1361
IDENT	goto
IDENT	1362
IDENT	1362
IDENT	goto
IDENT	1363
IDENT	1363
IDENT	goto
IDENT	1364
IDENT	1364
IDENT	goto
IDENT	1365
IDENT	1365
IDENT	goto
IDENT	1366
IDENT	1366
IDENT	goto
IDENT	1367
IDENT	1367
IDENT	goto
IDENT	1368
IDENT	1368
IDENT	goto
IDENT	1369
IDENT	1369
IDENT	goto
IDENT	1370
IDENT	1370
IDENT	goto
IDENT	1371
IDENT	1371
IDENT	goto
IDENT	1372
IDENT	1372
IDENT	goto
IDENT	1373
IDENT	1373
IDENT	goto
IDENT	1374
IDENT	1374
IDENT	goto
IDENT	1375
IDENT	1375
IDENT	goto
IDENT	1376
IDENT	1376
IDENT	goto
IDENT	1377
IDENT	1377
IDENT	goto
IDENT	1378
IDENT	1378
IDENT	goto
IDENT	1379
IDENT	1379
IDENT	goto
IDENT	1380
IDENT	1380
IDENT	goto
IDENT	1381
IDENT	1381
IDENT	goto
IDENT	1382
IDENT	1382
IDENT	goto
IDENT	1383
IDENT	1383
IDENT	goto
IDENT	1384
IDENT	1384
IDENT	goto
IDENT	1385
IDENT	1385
IDENT	goto
IDENT	1386
IDENT	1386
IDENT	goto
IDENT	1387
IDENT	1387
IDENT	goto
IDENT	1388
IDENT	1388
IDENT	goto
IDENT	1389
IDENT	1389
IDENT	goto
IDENT	1390
IDENT	1390
IDENT	goto
IDENT	1391
IDENT	1391
IDENT	goto
IDENT	1392
IDENT	1392
IDENT	goto
IDENT	1393
IDENT	1393
IDENT	goto
IDENT	1394
IDENT	1394
IDENT	goto
IDENT	1395
IDENT	1395
IDENT	goto
IDENT	1396
IDENT	1396
IDENT	goto
IDENT	1397
IDENT	1397
IDENT	goto
IDENT	1398
IDENT	1398
IDENT	goto
IDENT	1399
IDENT	1399
IDENT	goto
IDENT	1400
IDENT	1400
IDENT	goto
IDENT	1401
IDENT	1401
IDENT	goto
IDENT	1402
IDENT	1402
IDENT	goto
IDENT	1403
IDENT	1403
IDENT	goto
IDENT	1404
IDENT	1404
IDENT	goto
IDENT	1405
IDENT	1405
IDENT	goto
IDENT	1406
IDENT	1406
IDENT	goto
IDENT	1407
IDENT	1407
IDENT	goto
IDENT	1408
IDENT	1408
IDENT	goto
IDENT	1409
IDENT	1409
IDENT	goto
IDENT	1410
IDENT	1410
IDENT	goto
IDENT	1411
IDENT	1411
IDENT	goto
IDENT	1412
IDENT	1412
IDENT	goto
IDENT	1413
IDENT	1413
IDENT	goto
IDENT	1414
IDENT	1414
IDENT	goto
IDENT	1415
IDENT	1415
IDENT	goto
IDENT	1416
IDENT	1416
IDENT	goto
IDENT	1417
IDENT	1417
IDENT	goto
IDENT	1418
IDENT	1418
IDENT	goto
IDENT	1419
IDENT	1419
IDENT	goto
IDENT	1420
IDENT	1420
IDENT	goto
IDENT	1421
IDENT	1421
IDENT	goto
IDENT	1422
IDENT	1422
IDENT	goto
IDENT	1423
IDENT	1423
IDENT	goto
IDENT	1424
IDENT	1424
IDENT	goto
IDENT	1425
IDENT	1425
IDENT	goto
IDENT	1426
IDENT	1426
IDENT	goto
IDENT	1427
IDENT	1427
IDENT	goto
IDENT	1428
IDENT	1428
IDENT	goto
IDENT	1429
IDENT	1429
IDENT	goto
IDENT	1430
IDENT	1430
IDENT	goto
IDENT	1431
IDENT	1431
IDENT	goto
IDENT	1432
IDENT	1432
IDENT	goto
IDENT	1433
IDENT	1433
IDENT	goto
IDENT	1434
IDENT	1434
IDENT	goto
IDENT	1435
IDENT	1435
IDENT	goto
IDENT	1436
IDENT	1436
IDENT	goto
IDENT	1437
IDENT	1437
IDENT	goto
IDENT	1438
IDENT	1438
IDENT	goto
IDENT	1439
IDENT	1439
IDENT	goto
IDENT	1440
IDENT	1440
IDENT	goto
IDENT	1441
IDENT	1441
IDENT	goto
IDENT	1442
IDENT	1442
IDENT	goto
IDENT	1443
IDENT	1443
IDENT	goto
IDENT	1444
IDENT	1444
IDENT	goto
IDENT	1445
IDENT	1445
IDENT	goto
IDENT	1446
IDENT	1446
IDENT	goto
IDENT	1447
IDENT	1447
IDENT	goto
IDENT	1448
IDENT	1448
IDENT	goto
IDENT	1449
IDENT	1449
IDENT	goto
IDENT	1450
IDENT	1450
IDENT	goto
IDENT	1451
IDENT	1451
IDENT	goto
IDENT	1452
IDENT	1452
IDENT	goto
IDENT	1453
IDENT	1453
IDENT	goto
IDENT	1454
IDENT	1454
IDENT	goto
IDENT	1455
IDENT	1455
IDENT	goto
IDENT	1456
IDENT	1456
IDENT	goto
IDENT	1457
IDENT	1457
IDENT	goto
IDENT	1458
IDENT	1458
IDENT	goto
IDENT	1459
IDENT	1459
IDENT	goto
IDENT	1460
IDENT	1460
IDENT	goto
IDENT	1461
IDENT	1461
IDENT	goto
IDENT	1462
IDENT	1462
IDENT	goto
IDENT	1463
IDENT	1463
IDENT	goto
IDENT	1464
IDENT	1464
IDENT	goto
IDENT	1465
IDENT	1465
IDENT	goto
IDENT	1466
IDENT	1466
IDENT	goto
IDENT	1467
IDENT	1467
IDENT	goto
IDENT	1468
IDENT	1468
IDENT	goto
IDENT	1469
IDENT	1469
IDENT	goto
IDENT	1470
IDENT	1470
IDENT	goto
IDENT	1471
IDENT	1471
IDENT	goto
IDENT	1472
IDENT	1472
IDENT	goto
IDENT	1473
IDENT	1473
IDENT	goto
IDENT	1474
IDENT	1474
IDENT	goto
IDENT	1475
IDENT	1475
IDENT	goto
IDENT	1476
IDENT	1476
IDENT	goto
IDENT	1477
IDENT	1477
IDENT	goto
IDENT	1478
IDENT	1478
IDENT	goto
IDENT	1479
IDENT	1479
IDENT	goto
IDENT	1480
IDENT	1480
IDENT	goto
IDENT	1481
IDENT	1481
IDENT	goto
IDENT	1482
IDENT	1482
IDENT	goto
IDENT	1483
IDENT	1483
IDENT	goto
IDENT	1484
IDENT	1484
IDENT	goto
IDENT	1485
IDENT	1485
IDENT	goto
IDENT	1486
IDENT	1486
IDENT	goto
IDENT	1487
IDENT	1487
IDENT	goto
IDENT	1488
IDENT	1488
IDENT	goto
IDENT	1489
IDENT	1489
IDENT	goto
IDENT	1490
IDENT	1490
IDENT	goto
IDENT	1491
IDENT	1491
IDENT	goto
IDENT	1492
IDENT	1492
IDENT	goto
IDENT	1493
IDENT	1493
IDENT	goto
IDENT	1494
IDENT	1494
IDENT	goto
IDENT	1495
IDENT	1495
IDENT	goto
IDENT	1496
IDENT	1496
IDENT	goto
IDENT	1497
IDENT	1497
IDENT	goto
IDENT	1498
IDENT	1498
IDENT	goto
IDENT	1499
IDENT	1499
IDENT	goto
IDENT	1500
IDENT	1500
IDENT	goto
IDENT	1501
IDENT	1501
IDENT	goto
IDENT	1502
IDENT	1502
IDENT	goto
IDENT	1503
IDENT	1503
IDENT	goto
IDENT	1504
IDENT	1504
IDENT	goto
IDENT	1505
IDENT	1505
IDENT	goto
IDENT	1506
IDENT	1506
IDENT	goto
IDENT	1507
IDENT	1507
IDENT	goto
IDENT	1508
IDENT	1508
IDENT	goto
IDENT	1509
IDENT	1509
IDENT	goto
IDENT	1510
IDENT	1510
IDENT	goto
IDENT	1511
IDENT	1511
IDENT	goto
IDENT	1512
IDENT	1512
IDENT	goto
IDENT	1513
IDENT	1513
IDENT	goto
IDENT	1514
IDENT	1514
IDENT	goto
IDENT	1515
IDENT	1515
IDENT	goto
IDENT	1516
IDENT	1516
IDENT	goto
IDENT	1517
IDENT	1517
IDENT	goto
IDENT	1518
IDENT	1518
IDENT	goto
IDENT	1519
IDENT	1519
IDENT	goto
IDENT	1520
IDENT	1520
IDENT	goto
IDENT	1521
IDENT	1521
IDENT	goto
IDENT	1522
IDENT	1522
IDENT	goto
IDENT	1523
IDENT	1523
IDENT	goto
IDENT	1524
IDENT	1524
IDENT	goto
IDENT	1525
IDENT	1525
IDENT	goto
IDENT	1526
IDENT	1526
IDENT	goto
IDENT	1527
IDENT	1527
IDENT	goto
IDENT	1528
IDENT	1528
IDENT	goto
IDENT	1529
IDENT	1529
IDENT	goto
IDENT	1530
IDENT	1530
IDENT	goto
IDENT	1531
IDENT	1531
IDENT	goto
IDENT	1532
IDENT	1532
IDENT	goto
IDENT	1533
IDENT	1533
IDENT	goto
IDENT	1534
IDENT	1534
IDENT	goto
IDENT	1535
IDENT	1535
IDENT	goto
IDENT	1536
IDENT	1536
IDENT	goto
IDENT	1537
IDENT	1537
IDENT	goto
IDENT	1538
IDENT	1538
IDENT	goto
IDENT	1539
IDENT	1539
IDENT	goto
IDENT	1540
IDENT	1540
IDENT	goto
IDENT	1541
IDENT	1541
IDENT	goto
IDENT	1542
IDENT	1542
IDENT	goto
IDENT	1543
IDENT	1543
IDENT	goto
IDENT	1544
IDENT	1544
IDENT	goto
IDENT	1545
IDENT	1545
IDENT	goto
IDENT	1546
IDENT	1546
IDENT	goto
IDENT	1547
IDENT	1547
IDENT	goto
IDENT	2400
IDENT	1548
IDENT	goto
IDENT	1549
IDENT	1549
IDENT	goto
IDENT	1550
IDENT	1550
IDENT	goto
IDENT	1551
IDENT	1551
IDENT	goto
IDENT	1552
IDENT	1552
IDENT	goto
IDENT	1553
IDENT	1553
IDENT	goto
IDENT	1554
IDENT	1554
IDENT	goto
IDENT	1555
IDENT	1555
IDENT	goto
IDENT	1556
IDENT	1556
IDENT	goto
IDENT	1557
IDENT	1557
IDENT	goto
IDENT	1558
IDENT	1558
IDENT	goto
IDENT	1559
IDENT	1559
IDENT	goto
IDENT	1560
IDENT	1560
IDENT	goto
IDENT	1561
IDENT	1561
IDENT	goto
IDENT	1562
IDENT	1562
IDENT	goto
IDENT	1563
IDENT	1563
IDENT	goto
IDENT	1564
IDENT	1564
IDENT	goto
IDENT	1565
IDENT	1565
IDENT	goto
IDENT	1566
IDENT	1566
IDENT	goto
IDENT	1567
IDENT	1567
IDENT	goto
IDENT	1568
IDENT	1568
IDENT	goto
IDENT	1569
IDENT	1569
IDENT	goto
IDENT	1570
IDENT	1570
IDENT	goto
IDENT	1571
IDENT	1571
IDENT	goto
IDENT	1572
IDENT	1572
IDENT	goto
IDENT	1573
IDENT	1573
IDENT	goto
IDENT	1574
IDENT	1574
IDENT	goto
IDENT	1575
IDENT	1575
IDENT	goto
IDENT	1576
IDENT	1576
IDENT	goto
IDENT	1577
IDENT	1577
IDENT	goto
IDENT	1578
IDENT	1578
IDENT	goto
IDENT	1579
IDENT	1579
IDENT	goto
IDENT	1580
IDENT	1580
IDENT	goto
IDENT	1581
IDENT	1581
IDENT	goto
IDENT	1582
IDENT	1582
IDENT	goto
IDENT	1583
IDENT	1583
IDENT	goto
IDENT	1584
IDENT	1584
IDENT	goto
IDENT	1585
IDENT	1585
IDENT	goto
IDENT	1586
IDENT	1586
IDENT	goto
IDENT	1587
IDENT	1587
IDENT	goto
IDENT	1588
IDENT	1588
IDENT	goto
IDENT	1589
IDENT	1589
IDENT	goto
IDENT	1590
IDENT	1590
IDENT	goto
IDENT	1591
IDENT	1591
IDENT	goto
IDENT	1592
IDENT	1592
IDENT	goto
IDENT	1593
IDENT	1593
IDENT	goto
IDENT	1594
IDENT	1594
IDENT	goto
IDENT	1595
IDENT	1595
IDENT	goto
IDENT	1596
IDENT	1596
IDENT	goto
IDENT	1597
IDENT	1597
IDENT	goto
IDENT	1598
IDENT	1598
IDENT	goto
IDENT	1599
IDENT	1599
IDENT	goto
IDENT	1600
IDENT	1600
IDENT	goto
IDENT	1601
IDENT	1601
IDENT	goto
IDENT	1602
IDENT	1602
IDENT	goto
IDENT	1603
IDENT	1603
IDENT	goto
IDENT	1604
IDENT	1604
IDENT	goto
IDENT	1605
IDENT	1605
IDENT	goto
IDENT	1606
IDENT	1606
IDENT	goto
IDENT	1607
IDENT	1607
IDENT	goto
IDENT	1608
IDENT	1608
IDENT	goto
IDENT	1609
IDENT	1609
IDENT	goto
IDENT	1610
IDENT	1610
IDENT	goto
IDENT	1611
IDENT	1611
IDENT	goto
IDENT	1612
IDENT	1612
IDENT	goto
IDENT	1613
IDENT	1613
IDENT	goto
IDENT	1614
IDENT	1614
IDENT	goto
IDENT	1615
IDENT	1615
IDENT	goto
IDENT	1616
IDENT	1616
IDENT	goto
IDENT	1617
IDENT	1617
IDENT	goto
IDENT	1618
IDENT	1618
IDENT	goto
IDENT	1619
IDENT	1619
IDENT	goto
IDENT	1620
IDENT	1620
IDENT	goto
IDENT	1621
IDENT	1621
IDENT	goto
IDENT	1622
IDENT	1622
IDENT	goto
IDENT	1623
IDENT	1623
IDENT	goto
IDENT	1624
IDENT	1624
IDENT	goto
IDENT	1625
IDENT	1625
IDENT	goto
IDENT	1626
IDENT	1626
IDENT	goto
IDENT	1627
IDENT	1627
IDENT	goto
IDENT	1628
IDENT	1628
IDENT	goto
IDENT	1629
IDENT	1629
IDENT	goto
IDENT	1630
IDENT	1630
IDENT	goto
IDENT	1631
IDENT	1631
IDENT	goto
IDENT	1632
IDENT	1632
IDENT	goto
IDENT	1633
IDENT	1633
IDENT	goto
IDENT	1634
IDENT	1634
IDENT	goto
IDENT	1635
IDENT	1635
IDENT	goto
IDENT	1636
IDENT	1636
IDENT	goto
IDENT	1637
IDENT	1637
IDENT	goto
IDENT	1638
IDENT	1638
IDENT	goto
IDENT	1639
IDENT	1639
IDENT	goto
IDENT	1640
IDENT	1640
IDENT	goto
IDENT	1641
IDENT	1641
IDENT	goto
IDENT	1642
IDENT	1642
IDENT	goto
IDENT	1643
IDENT	1643
IDENT	goto
IDENT	1644
IDENT	1644
IDENT	goto
IDENT	1645
IDENT	1645
IDENT	goto
IDENT	1646
IDENT	1646
IDENT	goto
IDENT	1647
IDENT	1647
IDENT	goto
IDENT	1648
IDENT	1648
IDENT	goto
IDENT	1649
IDENT	1649
IDENT	goto
IDENT	1650
IDENT	1650
IDENT	goto
IDENT	1651
IDENT	1651
IDENT	goto
IDENT	1652
IDENT	1652
IDENT	goto
IDENT	1653
IDENT	1653
IDENT	goto
IDENT	1654
IDENT	1654
IDENT	goto
IDENT	1655
IDENT	1655
IDENT	goto
IDENT	1656
IDENT	1656
IDENT	goto
IDENT	1657
IDENT	1657
IDENT	goto
IDENT	1658
IDENT	1658
IDENT	goto
IDENT	1659
IDENT	1659
IDENT	goto
IDENT	1660
IDENT	1660
IDENT	goto
IDENT	1661
IDENT	1661
IDENT	goto
IDENT	1662
IDENT	1662
IDENT	goto
IDENT	1663
IDENT	1663
IDENT	goto
IDENT	1664
IDENT	1664
IDENT	goto
IDENT	1665
IDENT	1665
IDENT	goto
IDENT	1666
IDENT	1666
IDENT	goto
IDENT	1667
IDENT	1667
IDENT	goto
IDENT	1668
IDENT	1668
IDENT	goto
IDENT	1669
IDENT	1669
IDENT	goto
IDENT	1670
IDENT	1670
IDENT	goto
IDENT	1671
IDENT	1671
IDENT	goto
IDENT	1672
IDENT	1672
IDENT	goto
IDENT	1673
IDENT	1673
IDENT	goto
IDENT	1674
IDENT	1674
IDENT	goto
IDENT	1675
IDENT	1675
IDENT	goto
IDENT	1676
IDENT	1676
IDENT	goto
IDENT	1677
IDENT	1677
IDENT	goto
IDENT	1678
IDENT	1678
IDENT	goto
IDENT	1679
IDENT	1679
IDENT	goto
IDENT	1680
IDENT	1680
IDENT	goto
IDENT	1681
IDENT	1681
IDENT	goto
IDENT	1682
IDENT	1682
IDENT	goto
IDENT	1683
IDENT	1683
IDENT	goto
IDENT	1684
IDENT	1684
IDENT	goto
IDENT	1685
IDENT	1685
IDENT	goto
IDENT	1686
IDENT	1686
IDENT	goto
IDENT	1687
IDENT	1687
IDENT	goto
IDENT	1688
IDENT	1688
IDENT	goto
IDENT	1689
IDENT	1689
IDENT	goto
IDENT	1690
IDENT	1690
IDENT	goto
IDENT	1691
IDENT	1691
IDENT	goto
IDENT	1692
IDENT	1692
IDENT	goto
IDENT	1693
IDENT	1693
IDENT	goto
IDENT	1694
IDENT	1694
IDENT	goto
IDENT	1695
IDENT	1695
IDENT	goto
IDENT	1696
IDENT	1696
IDENT	goto
IDENT	1697
IDENT	1697
IDENT	goto
IDENT	1698
IDENT	1698
IDENT	goto
IDENT	1699
IDENT	1699
IDENT	goto
IDENT	1700
IDENT	1700
IDENT	goto
IDENT	1701
IDENT	1701
IDENT	goto
IDENT	1702
IDENT	1702
IDENT	goto
IDENT	1703
IDENT	1703
IDENT	goto
IDENT	1704
IDENT	1704
IDENT	goto
IDENT	1705
IDENT	1705
IDENT	goto
IDENT	1706
IDENT	1706
IDENT	goto
IDENT	1707
IDENT	1707
IDENT	goto
IDENT	1708
IDENT	1708
IDENT	goto
IDENT	1709
IDENT	1709
IDENT	goto
IDENT	1710
IDENT	1710
IDENT	goto
IDENT	1711
IDENT	1711
IDENT	goto
IDENT	1712
IDENT	1712
IDENT	goto
IDENT	1713
IDENT	1713
IDENT	goto
IDENT	1714
IDENT	1714
IDENT	goto
IDENT	1715
IDENT	1715
IDENT	goto
IDENT	1716
IDENT	1716
IDENT	goto
IDENT	1717
IDENT	1717
IDENT	goto
IDENT	1718
IDENT	1718
IDENT	goto
IDENT	1719
IDENT	1719
IDENT	goto
IDENT	1720
IDENT	1720
IDENT	goto
IDENT	1721
IDENT	1721
IDENT	goto
IDENT	1722
IDENT	1722
IDENT	goto
IDENT	1723
IDENT	1723
IDENT	goto
IDENT	1724
IDENT	1724
IDENT	goto
IDENT	1725
IDENT	1725
IDENT	goto
IDENT	1726
IDENT	1726
IDENT	goto
IDENT	1727
IDENT	1727
IDENT	goto
IDENT	1728
IDENT	1728
IDENT	goto
IDENT	1729
IDENT	1729
IDENT	goto
IDENT	1730
IDENT	1730
IDENT	goto
IDENT	1731
IDENT	1731
IDENT	goto
IDENT	1732
IDENT	1732
IDENT	goto
IDENT	1733
IDENT	1733
IDENT	goto
IDENT	1734
IDENT	1734
IDENT	goto
IDENT	1735
IDENT	1735
IDENT	goto
IDENT	1736
IDENT	1736
IDENT	goto
IDENT	1737
IDENT	1737
IDENT	goto
IDENT	1738
IDENT	1738
IDENT	goto
IDENT	1739
IDENT	1739
IDENT	goto
IDENT	1740
IDENT	1740
IDENT	goto
IDENT	1741
IDENT	1741
IDENT	goto
IDENT	1742
IDENT	1742
IDENT	goto
IDENT	1743
IDENT	1743
IDENT	goto
IDENT	1744
IDENT	1744
IDENT	goto
IDENT	1745
IDENT	1745
IDENT	goto
IDENT	1746
IDENT	1746
IDENT	goto
IDENT	1747
IDENT	1747
IDENT	goto
IDENT	1748
IDENT	1748
IDENT	goto
IDENT	1749
IDENT	1749
IDENT	goto
IDENT	1750
IDENT	1750
IDENT	goto
IDENT	1751
IDENT	1751
IDENT	goto
IDENT	1752
IDENT	1752
IDENT	goto
IDENT	1753
IDENT	1753
IDENT	goto
IDENT	1754
IDENT	1754
IDENT	goto
IDENT	1755
IDENT	1755
IDENT	goto
IDENT	1756
IDENT	1756
IDENT	goto
IDENT	1757
IDENT	1757
IDENT	goto
IDENT	1758
IDENT	1758
IDENT	goto
IDENT	1759
IDENT	1759
IDENT	goto
IDENT	1760
IDENT	1760
IDENT	goto
IDENT	1761
IDENT	1761
IDENT	goto
IDENT	1762
IDENT	1762
IDENT	goto
IDENT	1763
IDENT	1763
IDENT	goto
IDENT	1764
IDENT	1764
IDENT	goto
IDENT	1765
IDENT	1765
IDENT	goto
IDENT	1766
IDENT	1766
IDENT	goto
IDENT	1767
IDENT	1767
IDENT	goto
IDENT	1768
IDENT	1768
IDENT	goto
IDENT	1769
IDENT	1769
IDENT	goto
IDENT	1770
IDENT	1770
IDENT	goto
IDENT	1771
IDENT	1771
IDENT	goto
IDENT	1772
IDENT	1772
IDENT	goto
IDENT	1773
IDENT	1773
IDENT	goto
IDENT	1774
IDENT	1774
IDENT	goto
IDENT	1775
IDENT	1775
IDENT	goto
IDENT	1776
IDENT	1776
IDENT	goto
IDENT	1777
IDENT	1777
IDENT	goto
IDENT	1778
IDENT	1778
IDENT	goto
IDENT	1779
IDENT	1779
IDENT	goto
IDENT	1780
IDENT	1780
IDENT	goto
IDENT	1781
IDENT	1781
IDENT	goto
IDENT	1782
IDENT	1782
IDENT	goto
IDENT	1783
IDENT	1783
IDENT	goto
IDENT	1784
IDENT	1784
IDENT	goto
IDENT	1785
IDENT	1785
IDENT	goto
IDENT	1786
IDENT	1786
IDENT	goto
IDENT	1787
IDENT	1787
IDENT	goto
IDENT	1788
IDENT	1788
IDENT	goto
IDENT	1789
IDENT	1789
IDENT	goto
IDENT	1790
IDENT	1790
IDENT	goto
IDENT	1791
IDENT	1791
IDENT	goto
IDENT	1792
IDENT	1792
IDENT	goto
IDENT	1793
IDENT	1793
IDENT	goto
IDENT	1794
IDENT	1794
IDENT	goto
IDENT	1795
IDENT	1795
IDENT	goto
IDENT	1796
IDENT	1796
IDENT	goto
IDENT	1797
IDENT	1797
IDENT	goto
IDENT	1798
IDENT	1798
IDENT	goto
IDENT	1799
IDENT	1799
IDENT	goto
IDENT	1800
IDENT	1800
IDENT	goto
IDENT	1801
IDENT	1801
IDENT	goto
IDENT	1802
IDENT	1802
IDENT	goto
IDENT	1803
IDENT	1803
IDENT	goto
IDENT	1804
IDENT	1804
IDENT	goto
IDENT	1805
IDENT	1805
IDENT	goto
IDENT	1806
IDENT	1806
IDENT	goto
IDENT	1807
IDENT	1807
IDENT	goto
IDENT	1808
IDENT	1808
IDENT	goto
IDENT	1809
IDENT	1809
IDENT	goto
IDENT	1810
IDENT	1810
IDENT	goto
IDENT	1811
IDENT	1811
IDENT	goto
IDENT	1812
IDENT	1812
IDENT	goto
IDENT	1813
IDENT	1813
IDENT	goto
IDENT	1814
IDENT	1814
IDENT	goto
IDENT	1815
IDENT	1815
IDENT	goto
IDENT	1816
IDENT	1816
IDENT	goto
IDENT	1817
IDENT	1817
IDENT	goto
IDENT	1818
IDENT	1818
IDENT	goto
IDENT	1819
IDENT	1819
IDENT	goto
IDENT	1820
IDENT	1820
IDENT	goto
IDENT	1821
IDENT	1821
IDENT	goto
IDENT	1822
IDENT	1822
IDENT	goto
IDENT	1823
IDENT	1823
IDENT	goto
IDENT	1824
IDENT	1824
IDENT	goto
IDENT	1825
IDENT	1825
IDENT	goto
IDENT	1826
IDENT	1826
IDENT	goto
IDENT	1827
IDENT	1827
IDENT	goto
IDENT	1828
IDENT	1828
IDENT	goto
IDENT	1829
IDENT	1829
IDENT	goto
IDENT	1830
IDENT	1830
IDENT	goto
IDENT	1831
IDENT	1831
IDENT	goto
IDENT	1832
IDENT	1832
IDENT	goto
IDENT	1833
IDENT	1833
IDENT	goto
IDENT	1834
IDENT	1834
IDENT	goto
IDENT	1835
IDENT	1835
IDENT	goto
IDENT	1836
IDENT	1836
IDENT	goto
IDENT	1837
IDENT	1837
IDENT	goto
IDENT	1838
IDENT	1838
IDENT	goto
IDENT	1839
IDENT	1839
IDENT	goto
IDENT	1840
IDENT	1840
IDENT	goto
IDENT	1841
IDENT	1841
IDENT	goto
IDENT	1842
IDENT	1842
IDENT	goto
IDENT	1843
IDENT	1843
IDENT	goto
IDENT	1844
IDENT	1844
IDENT	goto
IDENT	1845
IDENT	1845
IDENT	goto
IDENT	1846
IDENT	1846
IDENT	goto
IDENT	1847
IDENT	1847
IDENT	goto
IDENT	1848
IDENT	1848
IDENT	goto
IDENT	1849
IDENT	1849
IDENT	goto
IDENT	1850
IDENT	1850
IDENT	goto
IDENT	1851
IDENT	1851
IDENT	goto
IDENT	1852
IDENT	1852
IDENT	goto
IDENT	1853
IDENT	1853
IDENT	goto
IDENT	1854
IDENT	1854
IDENT	goto
IDENT	1855
IDENT	1855
IDENT	goto
IDENT	1856
IDENT	1856
IDENT	goto
IDENT	1857
IDENT	1857
IDENT	goto
IDENT	1858
IDENT	1858
IDENT	goto
IDENT	1859
IDENT	1859
IDENT	goto
IDENT	1860
IDENT	1860
IDENT	goto
IDENT	1861
IDENT	1861
IDENT	goto
IDENT	1862
IDENT	1862
IDENT	goto
IDENT	1863
IDENT	1863
IDENT	goto
IDENT	1864
IDENT	1864
IDENT	goto
IDENT	1865
IDENT	1865
IDENT	goto
IDENT	1866
IDENT	1866
IDENT	goto
IDENT	1867
IDENT	1867
IDENT	goto
IDENT	1868
IDENT	1868
IDENT	goto
IDENT	1869
IDENT	1869
IDENT	goto
IDENT	1870
IDENT	1870
IDENT	goto
IDENT	1871
IDENT	1871
IDENT	goto
IDENT	1872
IDENT	1872
IDENT	goto
IDENT	1873
IDENT	1873
IDENT	goto
IDENT	1874
IDENT	1874
IDENT	goto
IDENT	1875
IDENT	1875
IDENT	goto
IDENT	1876
IDENT	1876
IDENT	goto
IDENT	1877
IDENT	1877
IDENT	goto
IDENT	1878
IDENT	1878
IDENT	goto
IDENT	1879
IDENT	1879
IDENT	goto
IDENT	1880
IDENT	1880
IDENT	goto
IDENT	1881
IDENT	1881
IDENT	goto
IDENT	1882
IDENT	1882
IDENT	goto
IDENT	1883
IDENT	1883
IDENT	goto
IDENT	1884
IDENT	1884
IDENT	goto
IDENT	1885
IDENT	1885
IDENT	goto
IDENT	1886
IDENT	1886
IDENT	goto
IDENT	1887
IDENT	1887
IDENT	goto
IDENT	1888
IDENT	1888
IDENT	goto
IDENT	1889
IDENT	1889
IDENT	goto
IDENT	1890
IDENT	1890
IDENT	goto
IDENT	1891
IDENT	1891
IDENT	goto
IDENT	1892
IDENT	1892
IDENT	goto
IDENT	1893
IDENT	1893
IDENT	goto
IDENT	1894
IDENT	1894
IDENT	goto
IDENT	1895
IDENT	1895
IDENT	goto
IDENT	1896
IDENT	1896
IDENT	goto
IDENT	1897
IDENT	1897
IDENT	goto
IDENT	1898
IDENT	1898
IDENT	goto
IDENT	1899
IDENT	1899
IDENT	goto
IDENT	1900
IDENT	1900
IDENT	goto
IDENT	1901
IDENT	1901
IDENT	goto
IDENT	1902
IDENT	1902
IDENT	goto
IDENT	1903
IDENT	1903
IDENT	goto
IDENT	1904
IDENT	1904
IDENT	goto
IDENT	1905
IDENT	1905
IDENT	goto
IDENT	1906
IDENT	1906
IDENT	goto
IDENT	1907
IDENT	1907
IDENT	goto
IDENT	1908
IDENT	1908
IDENT	goto
IDENT	1909
IDENT	1909
IDENT	goto
IDENT	1910
IDENT	1910
IDENT	goto
IDENT	1911
IDENT	1911
IDENT	goto
IDENT	1912
IDENT	1912
IDENT	goto
IDENT	1913
IDENT	1913
IDENT	goto
IDENT	1914
IDENT	1914
IDENT	goto
IDENT	1915
IDENT	1915
IDENT	goto
IDENT	1916
IDENT	1916
IDENT	goto
IDENT	1917
IDENT	1917
IDENT	goto
IDENT	1918
IDENT	1918
IDENT	goto
IDENT	1919
IDENT	1919
IDENT	goto
IDENT	1920
IDENT	1920
IDENT	goto
IDENT	1921
IDENT	1921
IDENT	goto
IDENT	1922
IDENT	1922
IDENT	goto
IDENT	1923
IDENT	1923
IDENT	goto
IDENT	1924
IDENT	1924
IDENT	goto
IDENT	1925
IDENT	1925
IDENT	goto
IDENT	1926
IDENT	1926
IDENT	goto
IDENT	1927
IDENT	1927
IDENT	goto
IDENT	1928
IDENT	1928
IDENT	goto
IDENT	1929
IDENT	1929
IDENT	goto
IDENT	1930
IDENT	1930
IDENT	goto
IDENT	1931
IDENT	1931
IDENT	goto
IDENT	1932
IDENT	1932
IDENT	goto
IDENT	1933
IDENT	1933
IDENT	goto
IDENT	1934
IDENT	1934
IDENT	goto
IDENT	1935
IDENT	1935
IDENT	goto
IDENT	1936
IDENT	1936
IDENT	goto
IDENT	1937
IDENT	1937
IDENT	goto
IDENT	1938
IDENT	1938
IDENT	goto
IDENT	1939
IDENT	1939
IDENT	goto
IDENT	1940
IDENT	1940
IDENT	goto
IDENT	1941
IDENT	1941
IDENT	goto
IDENT	1942
IDENT	1942
IDENT	goto
IDENT	1943
IDENT	1943
IDENT	goto
IDENT	1944
IDENT	1944
IDENT	goto
IDENT	1945
IDENT	1945
IDENT	goto
IDENT	1946
IDENT	1946
IDENT	goto
IDENT	1947
IDENT	1947
IDENT	goto
IDENT	1948
IDENT	1948
IDENT	goto
IDENT	1949
IDENT	1949
IDENT	goto
IDENT	1950
IDENT	1950
IDENT	goto
IDENT	1951
IDENT	1951
IDENT	goto
IDENT	1952
IDENT	1952
IDENT	goto
IDENT	1953
IDENT	1953
IDENT	goto
IDENT	1954
IDENT	1954
IDENT	goto
IDENT	1955
IDENT	1955
IDENT	goto
IDENT	1956
IDENT	1956
IDENT	goto
IDENT	1957
IDENT	1957
IDENT	goto
IDENT	1958
IDENT	1958
IDENT	goto
IDENT	1959
IDENT	1959
IDENT	goto
IDENT	1960
IDENT	1960
IDENT	goto
IDENT	1961
IDENT	1961
IDENT	goto
IDENT	1962
IDENT	1962
IDENT	goto
IDENT	1963
IDENT	1963
IDENT	goto
IDENT	1964
IDENT	1964
IDENT	goto
IDENT	1965
IDENT	1965
IDENT	goto
IDENT	1966
IDENT	1966
IDENT	goto
IDENT	1967
IDENT	1967
IDENT	goto
IDENT	1968
IDENT	1968
IDENT	goto
IDENT	1969
IDENT	1969
IDENT	goto
IDENT	1970
IDENT	1970
IDENT	goto
IDENT	1971
IDENT	1971
IDENT	goto
IDENT	1972
IDENT	1972
IDENT	goto
IDENT	1973
IDENT	1973
IDENT	goto
IDENT	1974
IDENT	1974
IDENT	goto
IDENT	1975
IDENT	1975
IDENT	goto
IDENT	1976
IDENT	1976
IDENT	goto
IDENT	1977
IDENT	1977
IDENT	goto
IDENT	1978
IDENT	1978
IDENT	goto
IDENT	1979
IDENT	1979
IDENT	goto
IDENT	1980
IDENT	1980
IDENT	goto
IDENT	1981
IDENT	1981
IDENT	goto
IDENT	1982
IDENT	1982
IDENT	goto
IDENT	1983
IDENT	1983
IDENT	goto
IDENT	1984
IDENT	1984
IDENT	goto
IDENT	1985
IDENT	1985
IDENT	goto
IDENT	1986
IDENT	1986
IDENT	goto
IDENT	1987
IDENT	1987
IDENT	goto
IDENT	1988
IDENT	1988
IDENT	goto
IDENT	1989
IDENT	1989
IDENT	goto
IDENT	1990
IDENT	1990
IDENT	goto
IDENT	1991
IDENT	1991
IDENT	goto
IDENT	1992
IDENT	1992
IDENT	goto
IDENT	1993
IDENT	1993
IDENT	goto
IDENT	1994
IDENT	1994
IDENT	goto
IDENT	1995
IDENT	1995
IDENT	goto
IDENT	1996
IDENT	1996
IDENT	goto
IDENT	1997
IDENT	1997
IDENT	goto
IDENT	1998
IDENT	1998
IDENT	goto
IDENT	1999
IDENT	1999
IDENT	goto
IDENT	2000
IDENT	2000
IDENT	goto
IDENT	2001
IDENT	2001
IDENT	goto
IDENT	2002
IDENT	2002
IDENT	goto
IDENT	2003
IDENT	2003
IDENT	goto
IDENT	2004
IDENT	2004
IDENT	goto
IDENT	2005
IDENT	2005
IDENT	goto
IDENT	2006
IDENT	2006
IDENT	goto
IDENT	2007
IDENT	2007
IDENT	goto
IDENT	2008
IDENT	2008
IDENT	goto
IDENT	2009
IDENT	2009
IDENT	goto
IDENT	2010
IDENT	2010
IDENT	goto
IDENT	2011
IDENT	2011
IDENT	goto
IDENT	2012
IDENT	2012
IDENT	goto
IDENT	2013
IDENT	2013
IDENT	goto
IDENT	2014
IDENT	2014
IDENT	goto
IDENT	2015
IDENT	2015
IDENT	goto
IDENT	2016
IDENT	2016
IDENT	goto
IDENT	2017
IDENT	2017
IDENT	goto
IDENT	2018
IDENT	2018
IDENT	goto
IDENT	2019
IDENT	2019
IDENT	goto
IDENT	2020
IDENT	2020
IDENT	goto
IDENT	2021
IDENT	2021
IDENT	goto
IDENT	2022
IDENT	2022
IDENT	goto
IDENT	2023
IDENT	2023
IDENT	goto
IDENT	2024
IDENT	2024
IDENT	goto
IDENT	2025
IDENT	2025
IDENT	goto
IDENT	2026
IDENT	2026
IDENT	goto
IDENT	2027
IDENT	2027
IDENT	goto
IDENT	2028
IDENT	2028
IDENT	goto
IDENT	2029
IDENT	2029
IDENT	goto
IDENT	2030
IDENT	2030
IDENT	goto
IDENT	2031
IDENT	2031
IDENT	goto
IDENT	2032
IDENT	2032
IDENT	goto
IDENT	2033
IDENT	2033
IDENT	goto
IDENT	2034
IDENT	2034
IDENT	goto
IDENT	2035
IDENT	2035
IDENT	goto
IDENT	2036
IDENT	2036
IDENT	goto
IDENT	2037
IDENT	2037
IDENT	goto
IDENT	2038
IDENT	2038
IDENT	goto
IDENT	2039
IDENT	2039
IDENT	goto
IDENT	2040
IDENT	2040
IDENT	goto
IDENT	2041
IDENT	2041
IDENT	goto
IDENT	2042
IDENT	2042
IDENT	goto
IDENT	2043
IDENT	2043
IDENT	goto
IDENT	2044
IDENT	2044
IDENT	goto
IDENT	2045
IDENT	2045
IDENT	goto
IDENT	2046
IDENT	2046
IDENT	goto
IDENT	2047
IDENT	2047
IDENT	goto
IDENT	2048
IDENT	2048
IDENT	goto
IDENT	2049
IDENT	2049
IDENT	goto
IDENT	2050
IDENT	2050
IDENT	goto
IDENT	2051
IDENT	2051
IDENT	goto
IDENT	2052
IDENT	2052
IDENT	goto
IDENT	2053
IDENT	2053
IDENT	goto
IDENT	2054
IDENT	2054
IDENT	goto
IDENT	2055
IDENT	2055
IDENT	goto
IDENT	2056
IDENT	2056
IDENT	goto
IDENT	2057
IDENT	2057
IDENT	goto
IDENT	2058
IDENT	2058
IDENT	goto
IDENT	2059
IDENT	2059
IDENT	goto
IDENT	2060
IDENT	2060
IDENT	goto
IDENT	2061
IDENT	2061
IDENT	goto
IDENT	2062
IDENT	2062
IDENT	goto
IDENT	2063
IDENT	2063
IDENT	goto
IDENT	2064
IDENT	2064
IDENT	goto
IDENT	2065
IDENT	2065
IDENT	goto
IDENT	2066
IDENT	2066
IDENT	goto
IDENT	2067
IDENT	2067
IDENT	goto
IDENT	2068
IDENT	2068
IDENT	goto
IDENT	2069
IDENT	2069
IDENT	goto
IDENT	2070
IDENT	2070
IDENT	goto
IDENT	2071
IDENT	2071
IDENT	goto
IDENT	2072
IDENT	2072
IDENT	goto
IDENT	2073
IDENT	2073
IDENT	goto
IDENT	2074
IDENT	2074
IDENT	goto
IDENT	2075
IDENT	2075
IDENT	goto
IDENT	2076
IDENT	2076
IDENT	goto
IDENT	2077
IDENT	2077
IDENT	goto
IDENT	2078
IDENT	2078
IDENT	goto
IDENT	2079
IDENT	2079
IDENT	goto
IDENT	2080
IDENT	2080
IDENT	goto
IDENT	2081
IDENT	2081
IDENT	goto
IDENT	2082
IDENT	2082
IDENT	goto
IDENT	2083
IDENT	2083
IDENT	goto
IDENT	2084
IDENT	2084
IDENT	goto
IDENT	2085
IDENT	2085
IDENT	goto
IDENT	2086
IDENT	2086
IDENT	goto
IDENT	2087
IDENT	2087
IDENT	goto
IDENT	2088
IDENT	2088
IDENT	goto
IDENT	2089
IDENT	2089
IDENT	goto
IDENT	2090
IDENT	2090
IDENT	goto
IDENT	2091
IDENT	2091
IDENT	goto
IDENT	2092
IDENT	2092
IDENT	goto
IDENT	2093
IDENT	2093
IDENT	goto
IDENT	2094
IDENT	2094
IDENT	goto
IDENT	2095
IDENT	2095
IDENT	goto
IDENT	2096
IDENT	2096
IDENT	goto
IDENT	2097
IDENT	2097
IDENT	goto
IDENT	2098
IDENT	2098
IDENT	goto
IDENT	2099
IDENT	2099
IDENT	goto
IDENT	2100
IDENT	2100
IDENT	goto
IDENT	2101
IDENT	2101
IDENT	goto
IDENT	2102
IDENT	2102
IDENT	goto
IDENT	2103
IDENT	2103
IDENT	goto
IDENT	2104
IDENT	2104
IDENT	goto
IDENT	2105
IDENT	2105
IDENT	goto
IDENT	2106
IDENT	2106
IDENT	goto
IDENT	2107
IDENT	2107
IDENT	goto
IDENT	2108
IDENT	2108
IDENT	goto
IDENT	2109
IDENT	2109
IDENT	goto
IDENT	2110
IDENT	2110
IDENT	goto
IDENT	2111
IDENT	2111
IDENT	goto
IDENT	2112
IDENT	2112
IDENT	goto
IDENT	2113
IDENT	2113
IDENT	goto
IDENT	2114
IDENT	2114
IDENT	goto
IDENT	2115
IDENT	2115
IDENT	goto
IDENT	2116
IDENT	2116
IDENT	goto
IDENT	2117
IDENT	2117
IDENT	goto
IDENT	2118
IDENT	2118
IDENT	goto
IDENT	2119
IDENT	2119
IDENT	goto
IDENT	2120
IDENT	2120
IDENT	goto
IDENT	2121
IDENT	2121
IDENT	goto
IDENT	2122
IDENT	2122
IDENT	goto
IDENT	2123
IDENT	2123
IDENT	goto
IDENT	2124
IDENT	2124
IDENT	goto
IDENT	2125
IDENT	2125
IDENT	goto
IDENT	2126
IDENT	2126
IDENT	goto
IDENT	2127
IDENT	2127
IDENT	goto
IDENT	2128
IDENT	2128
IDENT	goto
IDENT	2129
IDENT	2129
IDENT	goto
IDENT	2130
IDENT	2130
IDENT	goto
IDENT	2131
IDENT	2131
IDENT	goto
IDENT	2132
IDENT	2132
IDENT	goto
IDENT	2133
IDENT	2133
IDENT	goto
IDENT	2134
IDENT	2134
IDENT	goto
IDENT	2135
IDENT	2135
IDENT	goto
IDENT	2136
IDENT	2136
IDENT	goto
IDENT	2137
IDENT	2137
IDENT	goto
IDENT	2138
IDENT	2138
IDENT	goto
IDENT	2139
IDENT	2139
IDENT	goto
IDENT	2140
IDENT	2140
IDENT	goto
IDENT	2141
IDENT	2141
IDENT	goto
IDENT	2142
IDENT	2142
IDENT	goto
IDENT	2143
IDENT	2143
IDENT	goto
IDENT	2144
IDENT	2144
IDENT	goto
IDENT	2145
IDENT	2145
IDENT	goto
IDENT	2146
IDENT	2146
IDENT	goto
IDENT	2147
IDENT	2147
IDENT	goto
IDENT	2148
IDENT	2148
IDENT	goto
IDENT	2149
IDENT	2149
IDENT	goto
IDENT	2150
IDENT	2150
IDENT	goto
IDENT	2151
IDENT	2151
IDENT	goto
IDENT	2152
IDENT	2152
IDENT	goto
IDENT	2153
IDENT	2153
IDENT	goto
IDENT	2154
IDENT	2154
IDENT	goto
IDENT	2155
IDENT	2155
IDENT	goto
IDENT	2156
IDENT	2156
IDENT	goto
IDENT	2157
IDENT	2157
IDENT	goto
IDENT	2158
IDENT	2158
IDENT	goto
IDENT	2159
IDENT	2159
IDENT	goto
IDENT	2160
IDENT	2160
IDENT	goto
IDENT	2161
IDENT	2161
IDENT	goto
IDENT	2162
IDENT	2162
IDENT	goto
IDENT	2163
IDENT	2163
IDENT	goto
IDENT	2164
IDENT	2164
IDENT	goto
IDENT	2165
IDENT	2165
IDENT	goto
IDENT	2166
IDENT	2166
IDENT	goto
IDENT	2167
IDENT	2167
IDENT	goto
IDENT	2168
IDENT	2168
IDENT	goto
IDENT	2169
IDENT	2169
IDENT	goto
IDENT	2170
IDENT	2170
IDENT	goto
IDENT	2171
IDENT	2171
IDENT	goto
IDENT	2172
IDENT	2172
IDENT	goto
IDENT	2173
IDENT	2173
IDENT	goto
IDENT	2174
IDENT	2174
IDENT	goto
IDENT	2175
IDENT	2175
IDENT	goto
IDENT	2176
IDENT	2176
IDENT	goto
IDENT	2177
IDENT	2177
IDENT	goto
IDENT	2178
IDENT	2178
IDENT	goto
IDENT	2179
IDENT	2179
IDENT	goto
IDENT	2180
IDENT	2180
IDENT	goto
IDENT	2181
IDENT	2181
IDENT	goto
IDENT	2182
IDENT	2182
IDENT	goto
IDENT	2183
IDENT	2183
IDENT	goto
IDENT	2184
IDENT	2184
IDENT	goto
IDENT	2185
IDENT	2185
IDENT	goto
IDENT	2186
IDENT	2186
IDENT	goto
IDENT	2187
IDENT	2187
IDENT	goto
IDENT	2188
IDENT	2188
IDENT	goto
IDENT	2189
IDENT	2189
IDENT	goto
IDENT	2190
IDENT	2190
IDENT	goto
IDENT	2191
IDENT	2191
IDENT	goto
IDENT	2192
IDENT	2192
IDENT	goto
IDENT	2193
IDENT	2193
IDENT	goto
IDENT	2194
IDENT	2194
IDENT	goto
IDENT	2195
IDENT	2195
IDENT	goto
IDENT	2196
IDENT	2196
IDENT	goto
IDENT	2197
IDENT	2197
IDENT	goto
IDENT	2198
IDENT	2198
IDENT	goto
IDENT	2199
IDENT	2199
IDENT	goto
IDENT	2200
IDENT	2200
IDENT	goto
IDENT	2201
IDENT	2201
IDENT	goto
IDENT	2202
IDENT	2202
IDENT	goto
IDENT	2203
IDENT	2203
IDENT	goto
IDENT	2204
IDENT	2204
IDENT	goto
IDENT	2205
IDENT	2205
IDENT	goto
IDENT	2206
IDENT	2206
IDENT	goto
IDENT	2207
IDENT	2207
IDENT	goto
IDENT	2208
IDENT	2208
IDENT	goto
IDENT	2209
IDENT	2209
IDENT	goto
IDENT	2210
IDENT	2210
IDENT	goto
IDENT	2211
IDENT	2211
IDENT	goto
IDENT	2212
IDENT	2212
IDENT	goto
IDENT	2213
IDENT	2213
IDENT	goto
IDENT	2214
IDENT	2214
IDENT	goto
IDENT	2215
IDENT	2215
IDENT	goto
IDENT	2216
IDENT	2216
IDENT	goto
IDENT	2217
IDENT	2217
IDENT	goto
IDENT	2218
IDENT	2218
IDENT	goto
IDENT	2219
IDENT	2219
IDENT	goto
IDENT	2220
IDENT	2220
IDENT	goto
IDENT	2221
IDENT	2221
IDENT	goto
IDENT	2222
IDENT	2222
IDENT	goto
IDENT	2223
IDENT	2223
IDENT	goto
IDENT	2224
IDENT	2224
IDENT	goto
IDENT	2225
IDENT	2225
IDENT	goto
IDENT	2226
IDENT	2226
IDENT	goto
IDENT	2227
IDENT	2227
IDENT	goto
IDENT	2228
IDENT	2228
IDENT	goto
IDENT	2229
IDENT	2229
IDENT	goto
IDENT	2230
IDENT	2230
IDENT	goto
IDENT	2231
IDENT	2231
IDENT	goto
IDENT	2232
IDENT	2232
IDENT	goto
IDENT	2233
IDENT	2233
IDENT	goto
IDENT	2234
IDENT	2234
IDENT	goto
IDENT	2235
IDENT	2235
IDENT	goto
IDENT	2236
IDENT	2236
IDENT	goto
IDENT	2237
IDENT	2237
IDENT	goto
IDENT	2238
IDENT	2238
IDENT	goto
IDENT	2239
IDENT	2239
IDENT	goto
IDENT	2240
IDENT	2240
IDENT	goto
IDENT	2241
IDENT	2241
IDENT	goto
IDENT	2242
IDENT	2242
IDENT	goto
IDENT	2243
IDENT	2243
IDENT	goto
IDENT	2244
IDENT	2244
IDENT	goto
IDENT	2245
IDENT	2245
IDENT	goto
IDENT	2246
IDENT	2246
IDENT	goto
IDENT	2247
IDENT	2247
IDENT	goto
IDENT	2248
IDENT	2248
IDENT	goto
IDENT	2249
IDENT	2249
IDENT	goto
IDENT	2250
IDENT	2250
IDENT	goto
IDENT	2251
IDENT	2251
IDENT	goto
IDENT	2252
IDENT	2252
IDENT	goto
IDENT	2253
IDENT	2253
IDENT	goto
IDENT	2254
IDENT	2254
IDENT	goto
IDENT	2255
IDENT	2255
IDENT	goto
IDENT	2256
IDENT	2256
IDENT	goto
IDENT	2257
IDENT	2257
IDENT	goto
IDENT	2258
IDENT	2258
IDENT	goto
IDENT	2259
IDENT	2259
IDENT	goto
IDENT	2260
IDENT	2260
IDENT	goto
IDENT	2261
IDENT	2261
IDENT	goto
IDENT	2262
IDENT	2262
IDENT	goto
IDENT	2263
IDENT	2263
IDENT	goto
IDENT	2264
IDENT	2264
IDENT	goto
IDENT	2265
IDENT	2265
IDENT	goto
IDENT	2266
IDENT	2266
IDENT	goto
IDENT	2267
IDENT	2267
IDENT	goto
IDENT	2268
IDENT	2268
IDENT	goto
IDENT	2269
IDENT	2269
IDENT	goto
IDENT	2270
IDENT	2270
IDENT	goto
IDENT	2271
IDENT	2271
IDENT	goto
IDENT	2272
IDENT	2272
IDENT	goto
IDENT	2273
IDENT	2273
IDENT	goto
IDENT	2274
IDENT	2274
IDENT	goto
IDENT	2275
IDENT	2275
IDENT	goto
IDENT	2276
IDENT	2276
IDENT	goto
IDENT	2277
IDENT	2277
IDENT	goto
IDENT	2278
IDENT	2278
IDENT	goto
IDENT	2279
IDENT	2279
IDENT	goto
IDENT	2280
IDENT	2280
IDENT	goto
IDENT	2281
IDENT	2281
IDENT	goto
IDENT	2282
IDENT	2282
IDENT	goto
IDENT	2283
IDENT	2283
IDENT	goto
IDENT	2284
IDENT	2284
IDENT	goto
IDENT	2285
IDENT	2285
IDENT	goto
IDENT	2286
IDENT	2286
IDENT	goto
IDENT	2287
IDENT	2287
IDENT	goto
IDENT	2288
IDENT	2288
IDENT	goto
IDENT	2289
IDENT	2289
IDENT	goto
IDENT	2290
IDENT	2290
IDENT	goto
IDENT	2291
IDENT	2291
IDENT	goto
IDENT	2292
IDENT	2292
IDENT	goto
IDENT	2293
IDENT	2293
IDENT	goto
IDENT	2294
IDENT	2294
IDENT	goto
IDENT	2295
IDENT	2295
IDENT	goto
IDENT	2296
IDENT	2296
IDENT	goto
IDENT	2297
IDENT	2297
IDENT	goto
IDENT	2298
IDENT	2298
IDENT	goto
IDENT	2299
IDENT	2299
IDENT	goto
IDENT	2300
IDENT	2300
IDENT	goto
IDENT	1
IDENT	end
