token(96)           	subroutine
IDENT               	foo
(                   	(
IDENT               	d
)                   	)
IDENT               	parameter
(                   	(
IDENT               	n
=                   	=
INT                 	1
,                   	,
IDENT               	m
=                   	=
INT                 	2
,                   	,
IDENT               	k
=                   	=
INT                 	3
)                   	)
IDENT               	character
*                   	*
INT                 	17
IDENT               	xx
token(98)           	integer
IDENT               	a
(                   	(
INT                 	1
:                   	:
IDENT               	m
*                   	*
IDENT               	n
,                   	,
-                   	-
IDENT               	n
+                   	+
INT                 	2
)                   	)
,                   	,
IDENT               	b
(                   	(
IDENT               	n
*                   	*
(                   	(
IDENT               	m
+                   	+
IDENT               	k
)                   	)
*                   	*
INT                 	2
,                   	,
IDENT               	k
+                   	+
INT                 	1
)                   	)
token(98)           	integer
IDENT               	d
(                   	(
*                   	*
,                   	,
*                   	*
)                   	)
IDENT               	common
/                   	/
IDENT               	xx
/                   	/
IDENT               	xx
(                   	(
INT                 	101
)                   	)
IDENT               	character
*                   	*
INT                 	1
IDENT               	str
,                   	,
IDENT               	str2
*                   	*
(                   	(
IDENT               	n
)                   	)
,                   	,
IDENT               	str3
*                   	*
(                   	(
*                   	*
)                   	)
,                   	,
IDENT               	str4
*                   	*
(                   	(
IDENT               	m
+                   	+
IDENT               	n
*                   	*
IDENT               	k
)                   	)
IDENT               	external
IDENT               	str
IDENT               	dimension
IDENT               	str2
(                   	(
IDENT               	k
*                   	*
IDENT               	m
)                   	)
IDENT               	character
*                   	*
INT                 	10
IDENT               	c
(                   	(
IDENT               	len
(                   	(
STRING              	'won'
STRING              	't'
)                   	)
)                   	)
IDENT               	a
(                   	(
IDENT               	n
,                   	,
INT                 	1
)                   	)
=                   	=
IDENT               	a
(                   	(
INT                 	1
,                   	,
IDENT               	m
)                   	)
IDENT               	c
(                   	(
INT                 	2
)                   	)
(                   	(
IDENT               	a
(                   	(
IDENT               	ichar
(                   	(
STRING              	'A'
/                   	/
/                   	/
STRING              	'hello'
)                   	)
,                   	,
IDENT               	ichar
(                   	(
IDENT               	char
(                   	(
INT                 	40
)                   	)
)                   	)
+                   	+
INT                 	3
)                   	)
:                   	:
IDENT               	ichar
(                   	(
IDENT               	str
(                   	(
STRING              	"won"
STRING              	"t"
,                   	,
INT                 	40
)                   	)
(                   	(
INT                 	1
:                   	:
INT                 	1
)                   	)
)                   	)
)                   	)
=                   	=
STRING              	'x'
token(102)          	end
