token(97)           	program
IDENT               	hello_world
token(100)          	implicit
IDENT               	none
COMMENT             	c
IDENT               	character
*                   	*
IDENT               	32
IDENT               	text
COMMENT             	c
IDENT               	text
=                   	=
STRING              	'Hello\nA\n World'
IDENT               	write
(                   	(
*                   	*
,                   	,
*                   	*
)                   	)
IDENT               	text
COMMENT             	c
IDENT               	end
