IDENT               	p
IDENT               	r
IDENT               	o
IDENT               	g
IDENT               	r
IDENT               	a
IDENT               	m
IDENT               	t
IDENT               	e
IDENT               	s
IDENT               	t
IDENT               	realxray
,                   	,
IDENT               	zebra
IDENT               	read
(                   	(
*                   	*
,                   	,
*                   	*
)                   	)
IDENT               	x
IDENT               	ray
,                   	,
IDENT               	zebra
IDENT               	i
IDENT               	f
(                   	(
IDENT               	xray
.                   	.
.                   	.
IDENT               	ra
)                   	)
IDENT               	w
IDENT               	r
IDENT               	i
IDENT               	t
IDENT               	e
(                   	(
*                   	*
,                   	,
*                   	*
)                   	)
IDENT               	xray
*                   	*
*                   	*
IDENT               	zebra
if                  	if
(                   	(
IDENT               	xray
.                   	.
.                   	.
IDENT               	ra
)                   	)
IDENT               	write
(                   	(
*                   	*
,                   	,
*                   	*
)                   	)
STRING              	'h e l l o '
/                   	/
/                   	/
STRING              	' t h e r e'
if                  	if
(                   	(
IDENT               	xray
/                   	/
=                   	=
IDENT               	zebra
)                   	)
IDENT               	write
(                   	(
*                   	*
,                   	,
*                   	*
)                   	)
IDENT               	xray
+                   	+
IDENT               	zebra
if                  	if
(                   	(
IDENT               	xray
<                   	<
IDENT               	zebra
)                   	)
IDENT               	write
(                   	(
*                   	*
,                   	,
*                   	*
)                   	)
IDENT               	xray
-                   	-
IDENT               	zebra
token(102)          	end
