COMMENT             	*> \brief \b CCOPY
COMMENT             	*
COMMENT             	*  =========== DOCUMENTATION ===========
COMMENT             	*
COMMENT             	* Online html documentation available at
COMMENT             	*            http://www.netlib.org/lapack/explore-html/
COMMENT             	*
COMMENT             	*  Definition:
COMMENT             	*  ===========
COMMENT             	*
COMMENT             	*       SUBROUTINE CCOPY(N,CX,INCX,CY,INCY)
COMMENT             	*
COMMENT             	*       .. Scalar Arguments ..
COMMENT             	*       INTEGER INCX,INCY,N
COMMENT             	*       ..
COMMENT             	*       .. Array Arguments ..
COMMENT             	*       COMPLEX CX(*),CY(*)
COMMENT             	*       ..
COMMENT             	*
COMMENT             	*
COMMENT             	*> \par Purpose:
COMMENT             	*  =============
COMMENT             	*>
COMMENT             	*> \verbatim
COMMENT             	*>
COMMENT             	*>    CCOPY copies a vector x to a vector y.
COMMENT             	*> \endverbatim
COMMENT             	*
COMMENT             	*  Arguments:
COMMENT             	*  ==========
COMMENT             	*
COMMENT             	*> \param[in] N
COMMENT             	*> \verbatim
COMMENT             	*>          N is INTEGER
COMMENT             	*>         number of elements in input vector(s)
COMMENT             	*> \endverbatim
COMMENT             	*>
COMMENT             	*> \param[in] CX
COMMENT             	*> \verbatim
COMMENT             	*>          CX is COMPLEX array, dimension ( 1 + ( N - 1 )*abs( INCX ) )
COMMENT             	*> \endverbatim
COMMENT             	*>
COMMENT             	*> \param[in] INCX
COMMENT             	*> \verbatim
COMMENT             	*>          INCX is INTEGER
COMMENT             	*>         storage spacing between elements of CX
COMMENT             	*> \endverbatim
COMMENT             	*>
COMMENT             	*> \param[out] CY
COMMENT             	*> \verbatim
COMMENT             	*>          CY is COMPLEX array, dimension ( 1 + ( N - 1 )*abs( INCY ) )
COMMENT             	*> \endverbatim
COMMENT             	*>
COMMENT             	*> \param[in] INCY
COMMENT             	*> \verbatim
COMMENT             	*>          INCY is INTEGER
COMMENT             	*>         storage spacing between elements of CY
COMMENT             	*> \endverbatim
COMMENT             	*
COMMENT             	*  Authors:
COMMENT             	*  ========
COMMENT             	*
COMMENT             	*> \author Univ. of Tennessee
COMMENT             	*> \author Univ. of California Berkeley
COMMENT             	*> \author Univ. of Colorado Denver
COMMENT             	*> \author NAG Ltd.
COMMENT             	*
COMMENT             	*> \date November 2017
COMMENT             	*
COMMENT             	*> \ingroup complex_blas_level1
COMMENT             	*
COMMENT             	*> \par Further Details:
COMMENT             	*  =====================
COMMENT             	*>
COMMENT             	*> \verbatim
COMMENT             	*>
COMMENT             	*>     jack dongarra, linpack, 3/11/78.
COMMENT             	*>     modified 12/3/93, array(1) declarations changed to array(*)
COMMENT             	*> \endverbatim
COMMENT             	*>
COMMENT             	*  =====================================================================
token(96)           	SUBROUTINE
IDENT               	CCOPY
(                   	(
IDENT               	N
,                   	,
IDENT               	CX
,                   	,
IDENT               	INCX
,                   	,
IDENT               	CY
,                   	,
IDENT               	INCY
)                   	)
COMMENT             	*
COMMENT             	*  -- Reference BLAS level1 routine (version 3.8.0) --
COMMENT             	*  -- Reference BLAS is a software package provided by Univ. of Tennessee,    --
COMMENT             	*  -- Univ. of California Berkeley, Univ. of Colorado Denver and NAG Ltd..--
COMMENT             	*     November 2017
COMMENT             	*
COMMENT             	*     .. Scalar Arguments ..
token(98)           	INTEGER
IDENT               	INCX
,                   	,
IDENT               	INCY
,                   	,
IDENT               	N
COMMENT             	*     ..
COMMENT             	*     .. Array Arguments ..
IDENT               	COMPLEX
IDENT               	CX
(                   	(
*                   	*
)                   	)
,                   	,
IDENT               	CY
(                   	(
*                   	*
)                   	)
COMMENT             	*     ..
COMMENT             	*
COMMENT             	*  =====================================================================
COMMENT             	*
COMMENT             	*     .. Local Scalars ..
token(98)           	INTEGER
IDENT               	I
,                   	,
IDENT               	IX
,                   	,
IDENT               	IY
COMMENT             	*     ..
if                  	IF
(                   	(
IDENT               	N
<=                  	.LE.
INT                 	0
)                   	)
IDENT               	RETURN
if                  	IF
(                   	(
IDENT               	INCX
==                  	.EQ.
INT                 	1
&&                  	.AND.
IDENT               	INCY
==                  	.EQ.
INT                 	1
)                   	)
token(106)          	THEN
COMMENT             	*
COMMENT             	*        code for both increments equal to 1
COMMENT             	*
token(103)          	DO
IDENT               	I
=                   	=
INT                 	1
,                   	,
IDENT               	N
IDENT               	CY
(                   	(
IDENT               	I
)                   	)
=                   	=
IDENT               	CX
(                   	(
IDENT               	I
)                   	)
token(102)          	END
token(103)          	DO
else                	ELSE
COMMENT             	*
COMMENT             	*        code for unequal increments or equal increments
COMMENT             	*          not equal to 1
COMMENT             	*
IDENT               	IX
=                   	=
INT                 	1
IDENT               	IY
=                   	=
INT                 	1
if                  	IF
(                   	(
IDENT               	INCX
<                   	.LT.
INT                 	0
)                   	)
IDENT               	IX
=                   	=
(                   	(
-                   	-
IDENT               	N
+                   	+
INT                 	1
)                   	)
*                   	*
IDENT               	INCX
+                   	+
INT                 	1
if                  	IF
(                   	(
IDENT               	INCY
<                   	.LT.
INT                 	0
)                   	)
IDENT               	IY
=                   	=
(                   	(
-                   	-
IDENT               	N
+                   	+
INT                 	1
)                   	)
*                   	*
IDENT               	INCY
+                   	+
INT                 	1
token(103)          	DO
IDENT               	I
=                   	=
INT                 	1
,                   	,
IDENT               	N
IDENT               	CY
(                   	(
IDENT               	IY
)                   	)
=                   	=
IDENT               	CX
(                   	(
IDENT               	IX
)                   	)
IDENT               	IX
=                   	=
IDENT               	IX
+                   	+
IDENT               	INCX
IDENT               	IY
=                   	=
IDENT               	IY
+                   	+
IDENT               	INCY
token(102)          	END
token(103)          	DO
token(102)          	END
if                  	IF
IDENT               	RETURN
token(102)          	END
