token(97)           	Program
IDENT               	Main
IDENT               	common
IDENT               	a
,                   	,
IDENT               	b
,                   	,
IDENT               	c
IDENT               	print
*                   	*
,                   	,
IDENT               	a
,                   	,
IDENT               	b
,                   	,
IDENT               	c
IDENT               	Call
IDENT               	Input
IDENT               	Call
IDENT               	Comp
IDENT               	Call
IDENT               	Output
token(102)          	End
token(96)           	Subroutine
IDENT               	Input
IDENT               	Common
/                   	/
IDENT               	INP
/                   	/
IDENT               	x1
,                   	,
IDENT               	x2
,                   	,
IDENT               	x3
,                   	,
IDENT               	x4
IDENT               	Real
IDENT               	x1
,                   	,
IDENT               	x2
,                   	,
IDENT               	x3
IDENT               	Common
/                   	/
IDENT               	LAST
/                   	/
IDENT               	y1
,                   	,
IDENT               	y2
,                   	,
IDENT               	y3
IDENT               	Write
(                   	(
*                   	*
,                   	,
*                   	*
)                   	)
STRING              	'Enter 3 Values'
IDENT               	Read
(                   	(
*                   	*
,                   	,
*                   	*
)                   	)
IDENT               	x1
,                   	,
IDENT               	x2
,                   	,
IDENT               	x3
IDENT               	y2
=                   	=
IDENT               	y3
IDENT               	Return
token(102)          	End
token(96)           	Subroutine
IDENT               	Comp
IDENT               	Common
/                   	/
IDENT               	INP
/                   	/
IDENT               	A
,                   	,
IDENT               	B
,                   	,
IDENT               	C
IDENT               	Common
/                   	/
IDENT               	ZAP
/                   	/
IDENT               	t1
,                   	,
IDENT               	t2
,                   	,
IDENT               	t3
IDENT               	Real
IDENT               	A
,                   	,
IDENT               	B
,                   	,
IDENT               	C
IDENT               	Common
/                   	/
IDENT               	OUTP
/                   	/
IDENT               	AVG
IDENT               	Real
IDENT               	AVG
IDENT               	Avg
=                   	=
(                   	(
IDENT               	A
+                   	+
IDENT               	B
+                   	+
IDENT               	C
)                   	)
/                   	/
IDENT               	3
IDENT               	Return
token(102)          	End
token(96)           	Subroutine
IDENT               	Output
IDENT               	Common
/                   	/
IDENT               	OUTP
/                   	/
IDENT               	Averag
IDENT               	Real
IDENT               	Averag
IDENT               	Common
/                   	/
IDENT               	LAST
/                   	/
IDENT               	n1
,                   	,
IDENT               	n2
,                   	,
IDENT               	n3
IDENT               	Write
(                   	(
*                   	*
,                   	,
*                   	*
)                   	)
STRING              	'Average ='
,                   	,
IDENT               	Averag
IDENT               	n1
=                   	=
IDENT               	8
IDENT               	Return
token(102)          	End
