IDENT	pure
IDENT	function
IDENT	square
(	(
IDENT	x
)	)
IDENT	real
,	,
IDENT	intent
(	(
IDENT	in
)	)
:	:
:	:
IDENT	x
IDENT	real
:	:
:	:
IDENT	square
IDENT	square
=	=
IDENT	x
*	* 
IDENT	x
IDENT	end
IDENT	function
token(97)	program
IDENT	main
IDENT	real
:	:
:	:
IDENT	a
,	,
IDENT	b
,	,
IDENT	square
IDENT	a
=	=
IDENT	2
.	.
IDENT	0
IDENT	b
=	=
IDENT	square
(	(
IDENT	a
)	)
COMMENT	! After invoking the square(.) pure function, we can be sure that 
COMMENT	! besides assigning the output value of square(a) to b,
COMMENT	! nothing else has been changed.
IDENT	end
token(97)	program
IDENT	main
