IDENT	subroutine
IDENT	foo
(	(
IDENT	argchr
,	,
IDENT	maxrow
,	,
IDENT	maxcol
)	)
IDENT	character
token(95)	*(
)	)
IDENT	argchr
(	(
IDENT	maxrow
,	,
IDENT	maxcol
,	,
*	*)
IDENT	character
IDENT	one
,	,
IDENT	two
*	*2
,	,
IDENT	three
*	*3
,	,
IDENT	twob
*	*2
,	,
IDENT	oneagain
IDENT	parameter
(	(
IDENT	maxy
=	=
IDENT	x
IDENT	54321
)	)
IDENT	parameter
(	(
IDENT	maxz
=	=
IDENT	x
IDENT	12345
+	+
IDENT	maxy
)	)
IDENT	character
token(95)	*(
)	)
IDENT	s
IDENT	parameter
(	(
IDENT	s
=	=
STRING	'hello'
)	)
IDENT	integer
IDENT	MAXTOK
IDENT	parameter
(	(
IDENT	MAXTOK
=	=
IDENT	10
)	)
IDENT	character
*	*(
IDENT	MAXTOK
)	)
IDENT	toklst
IDENT	end
