token(97)           	PROGRAM
IDENT               	cows
token(98)           	INTEGER
token(99)           	::
IDENT               	n
,                   	,
IDENT               	n3
token(98)           	INTEGER
token(99)           	::
IDENT               	n2
IDENT               	n
=                   	=
IDENT               	306
IDENT               	n2
=                   	=
IDENT               	n
+                   	+
IDENT               	2
*                   	*
IDENT               	n
/                   	/
IDENT               	4
IDENT               	n2
=                   	=
IDENT               	n2
+                   	+
IDENT               	n
*                   	*
IDENT               	2
IDENT               	n2
=                   	=
IDENT               	n2
+                   	+
IDENT               	n
-                   	-
IDENT               	2
IDENT               	n2
=                   	=
IDENT               	n2
+                   	+
IDENT               	n
token(95)           	**
(                   	(
IDENT               	n
+                   	+
IDENT               	1
)                   	)
+                   	+
IDENT               	n
token(95)           	**
(                   	(
IDENT               	n2
-                   	-
IDENT               	n
)                   	)
IDENT               	n2
=                   	=
(                   	(
IDENT               	n2
+                   	+
IDENT               	n
/                   	/
IDENT               	2
)                   	)
*                   	*
(                   	(
IDENT               	n2
+                   	+
IDENT               	n
)                   	)
+                   	+
IDENT               	42
IDENT               	n2
=                   	=
IDENT               	2
*                   	*
(                   	(
IDENT               	n2
+                   	+
IDENT               	n
/                   	/
IDENT               	2
)                   	)
-                   	-
IDENT               	42
IDENT               	n3
=                   	=
IDENT               	n
+                   	+
IDENT               	n2
IDENT               	END
token(97)           	PROGRAM
