COMMENT	  Testing syntax recognition and assignment type checking of
COMMENT	C  standard and non-standard initializing declarations.
COMMENT	C  Here we use modern standard F90 initializers
token(96)	subroutine
IDENT	f90
token(98)	integer
token(99)	::
IDENT	m
,	,
IDENT	n
=	=
IDENT	100
COMMENT	C ftnchek does not recognize the following one yet
token(98)	integer
,	,
IDENT	dimension
(	(
IDENT	5
)	)
token(99)	::
IDENT	a
=	=
(	(
/	/
IDENT	1
,	,
IDENT	2
,	,
IDENT	3
,	,
IDENT	4
,	,
IDENT	5
/	/
)	)
IDENT	real
token(99)	::
IDENT	pi
=	=
IDENT	3
.	.
IDENT	14159265358979
IDENT	d0
IDENT	character
token(99)	::
IDENT	c
=	=
IDENT	32
COMMENT	! type mismatch
token(98)	integer
token(99)	::
IDENT	q
=	=
STRING	'hello'
COMMENT	! type mismatch
IDENT	print
*	*,
STRING	'F90 initializers:'
IDENT	print
*	*,
IDENT	m
,	,
IDENT	n
,	,
IDENT	a
COMMENT	! m used before set
IDENT	print
*	*,
IDENT	pi
,	,
IDENT	c
,	,
IDENT	q
IDENT	end
COMMENT	C  Here we use archaic but standard F77 separate type decls and data stmts
token(96)	subroutine
IDENT	f77
token(98)	integer
IDENT	m
,	,
IDENT	n
,	,
IDENT	a
(	(
IDENT	5
)	)
IDENT	real
IDENT	pi
IDENT	character
IDENT	c
token(98)	integer
IDENT	q
IDENT	data
IDENT	n
/	/
IDENT	100
/	/
IDENT	data
IDENT	a
/	/
IDENT	1
,	,
IDENT	2
,	,
IDENT	3
,	,
IDENT	4
,	,
IDENT	5
/	/
IDENT	data
IDENT	pi
/	/
IDENT	3
.	.
IDENT	14159265358979
IDENT	d0
/	/
IDENT	data
IDENT	c
/	/
IDENT	32
/	/
COMMENT	! type mismatch
IDENT	data
IDENT	q
/	/
STRING	'hello'
/	/
COMMENT	! type mismatch
IDENT	print
*	*,
STRING	'F77 initializers:'
IDENT	print
*	*,
IDENT	m
,	,
IDENT	n
,	,
IDENT	a
COMMENT	! m used before set
IDENT	print
*	*,
IDENT	pi
,	,
IDENT	c
,	,
IDENT	q
IDENT	end
COMMENT	C  This one uses "bastard" initializer form.
token(96)	subroutine
IDENT	bastard
token(98)	integer
IDENT	m
,	,
IDENT	n
/	/
IDENT	100
/	/
,	,
IDENT	a
(	(
IDENT	5
)	)
/	/
IDENT	1
,	,
IDENT	2
,	,
IDENT	3
,	,
IDENT	4
,	,
IDENT	5
/	/
IDENT	real
IDENT	pi
/	/
IDENT	3
.	.
IDENT	14159265358979
IDENT	d0
/	/
IDENT	character
IDENT	c
/	/
IDENT	32
/	/
COMMENT	! type mismatch
token(98)	integer
IDENT	q
/	/
STRING	'hello'
/	/
COMMENT	! type mismatch
IDENT	print
*	*,
STRING	'bastard initializers:'
IDENT	print
*	*,
IDENT	m
,	,
IDENT	n
,	,
IDENT	a
COMMENT	! m used before set
IDENT	print
*	*,
IDENT	pi
,	,
IDENT	c
,	,
IDENT	q
IDENT	end
COMMENT	C  Main program just suppresses "never invoked" warnings.
token(97)	program
IDENT	main
IDENT	call
IDENT	f90
IDENT	call
IDENT	f77
IDENT	call
IDENT	bastard
IDENT	end
