token(96)	SubRoutine
IDENT	PlotBall
(	(
IDENT	Theta
)	)
IDENT	c
IDENT	Clear
IDENT	the
IDENT	screen
IDENT	and
IDENT	draw
/	/
IDENT	redraw
IDENT	the
IDENT	ball
IDENT	circle
.	.
IDENT	Double
IDENT	Precision
IDENT	Theta
token(98)	Integer
IDENT	Row
,	,
IDENT	Col
IDENT	Row
=	=
IDENT	Int
(	(
IDENT	300
.	.
IDENT	0
*	*
IDENT	DSIN
(	(
IDENT	Theta
)	)
)	)
IDENT	Col
=	=
IDENT	Int
(	(
IDENT	300
.	.
IDENT	0
*	*
IDENT	DCOS
(	(
IDENT	Theta
)	)
)	)
IDENT	Write
(	(
*	*
,	,
*	*
)	)
STRING	'S(E)P[Col,Row]C[+20]'
IDENT	Return
IDENT	End
