token(96)           	subroutine
IDENT               	foo
(                   	(
IDENT               	d
,                   	,
IDENT               	e
,                   	,
IDENT               	f
)                   	)
IDENT               	character
*                   	*
IDENT               	3
IDENT               	a
,                   	,
IDENT               	b
*                   	*
IDENT               	4
,                   	,
IDENT               	c
*                   	*
IDENT               	5
IDENT               	character
*                   	*
(                   	(
*                   	*
)                   	)
IDENT               	d
,                   	,
IDENT               	e
*                   	*
IDENT               	127
IDENT               	character
*                   	*
IDENT               	255
IDENT               	f
*                   	*
(                   	(
*                   	*
)                   	)
,                   	,
IDENT               	g
token(102)          	end
