COMMENT	  Test of parsing and checking quad precision variables & constants.
COMMENT	C  No intrinsic functions at this time.
IDENT	real
IDENT	r
IDENT	double
IDENT	precision
IDENT	d
IDENT	real
*	*
IDENT	8
IDENT	r8
IDENT	real
*	*
IDENT	16
IDENT	q
IDENT	complex
*	*
IDENT	32
IDENT	cq
IDENT	q
=	=
IDENT	1
.	.
IDENT	234
IDENT	Q5
IDENT	q
=	=
IDENT	1
.	.
IDENT	234
IDENT	Q
+	+
IDENT	05
IDENT	q
=	=
IDENT	1
.	.
IDENT	234
IDENT	Q
+	+
IDENT	345
IDENT	q
=	=
IDENT	1
.	.
IDENT	234
IDENT	Q
-	-
IDENT	345
IDENT	d
=	=
IDENT	1
.	.
IDENT	234
IDENT	Q
+	+
IDENT	05
IDENT	r
=	=
IDENT	1
.	.
IDENT	234
IDENT	Q
+	+
IDENT	05
IDENT	d
=	=
IDENT	q
IDENT	q
=	=
IDENT	d
IDENT	r
=	=
IDENT	q
IDENT	q
=	=
IDENT	r
IDENT	cq
=	=
IDENT	q
IDENT	q
=	=
IDENT	qsqrt
(	(
IDENT	q
)	)
IDENT	cq
=	=
IDENT	cqsqrt
(	(
IDENT	cq
)	)
IDENT	r
=	=
IDENT	qsqrt
(	(
IDENT	q
)	)
IDENT	q
=	=
IDENT	qsqrt
(	(
IDENT	r
)	)
IDENT	q
=	=
IDENT	qsqrt
(	(
IDENT	d
)	)
IDENT	r8
=	=
IDENT	qsqrt
(	(
IDENT	q
)	)
IDENT	q
=	=
IDENT	qprod
(	(
IDENT	d
,	,
IDENT	r8
)	)
IDENT	q
=	=
IDENT	qmax1
(	(
IDENT	1
.	.
IDENT	234
IDENT	Q5
,	,
IDENT	q
,	,
IDENT	1
.	.
IDENT	234
IDENT	Q
-	-
IDENT	5
)	)
IDENT	end
