IDENT	character
*	*1
IDENT	44
IDENT	s
,	,
IDENT	t
,	,
IDENT	t1
,	,
IDENT	t2
,	,
IDENT	t3
,	,
IDENT	t4
,	,
IDENT	t5
,	,
IDENT	t6
,	,
IDENT	t7
IDENT	character
*	*7
IDENT	2
IDENT	u
IDENT	character
*	*1
IDENT	c
IDENT	character
IDENT	cnl
IDENT	real
*	*1
IDENT	6
IDENT	x16
IDENT	real
*	*8
IDENT	x8
IDENT	real
*	*6
IDENT	x6
IDENT	real
IDENT	xnl
IDENT	complex
*	*1
IDENT	2
IDENT	y
IDENT	complex
IDENT	ynl
IDENT	logical
*	*1
IDENT	logvar
IDENT	logical
*	*2
IDENT	logvar2
IDENT	logical
IDENT	lognl
IDENT	integer
*	*2
IDENT	short
IDENT	integer
IDENT	shortnl
IDENT	end
