token(97)	program
IDENT	hello_world3
IDENT	implicit
IDENT	none
IDENT	character
*	*3
IDENT	2
IDENT	text
IDENT	c
IDENT	text
=	=
STRING	'Hello World'
IDENT	c
IDENT	call
IDENT	printtext
(	(
IDENT	text
)	)
IDENT	end
token(96)	subroutine
IDENT	printtext
(	(
IDENT	text
)	)
IDENT	implicit
IDENT	none
IDENT	character
*	*3
IDENT	2
IDENT	text
IDENT	c
IDENT	write
(	(
token(95)	*,
)	)
IDENT	text
IDENT	c
IDENT	end
