token(97)           	program
IDENT               	hello_world3
token(100)          	implicit
IDENT               	none
IDENT               	character
*                   	*
IDENT               	32
IDENT               	text
IDENT               	c
IDENT               	text
=                   	=
STRING              	'Hello World'
IDENT               	c
IDENT               	call
IDENT               	printtext
(                   	(
IDENT               	text
)                   	)
IDENT               	end
token(96)           	subroutine
IDENT               	printtext
(                   	(
IDENT               	text
)                   	)
token(100)          	implicit
IDENT               	none
IDENT               	character
*                   	*
IDENT               	32
IDENT               	text
IDENT               	c
IDENT               	write
(                   	(
*                   	*
,                   	,
*                   	*
)                   	)
IDENT               	text
IDENT               	c
IDENT               	end
