token(98)           	INTEGER
IDENT               	LIST
(                   	(
IDENT               	100
)                   	)
IDENT               	EQUIVALENCE
(                   	(
IDENT               	E
,                   	,
IDENT               	B
)                   	)
IDENT               	EQUIVALENCE
(                   	(
IDENT               	E
,                   	,
IDENT               	C
)                   	)
IDENT               	EQUIVALENCE
(                   	(
IDENT               	A
,                   	,
IDENT               	C
)                   	)
IDENT               	A
=                   	=
IDENT               	1
.                   	.
IDENT               	0
IDENT               	CALL
IDENT               	FOO
(                   	(
IDENT               	A
,                   	,
IDENT               	D
,                   	,
IDENT               	B
,                   	,
IDENT               	C
)                   	)
IDENT               	CALL
IDENT               	FOO
(                   	(
IDENT               	A
,                   	,
IDENT               	B
,                   	,
IDENT               	C
,                   	,
IDENT               	A
)                   	)
IDENT               	CALL
IDENT               	FOO
(                   	(
IDENT               	W
,                   	,
IDENT               	X
,                   	,
IDENT               	Y
,                   	,
IDENT               	Z
)                   	)
token(103)          	DO
IDENT               	10
IDENT               	I
=                   	=
IDENT               	1
,                   	,
IDENT               	100
IDENT               	LIST
(                   	(
IDENT               	I
)                   	)
=                   	=
IDENT               	I
IDENT               	10
continue            	CONTINUE
token(103)          	DO
IDENT               	30
IDENT               	I
=                   	=
IDENT               	1
,                   	,
IDENT               	100
token(103)          	DO
IDENT               	20
IDENT               	J
=                   	=
IDENT               	1
,                   	,
IDENT               	I
IDENT               	CALL
IDENT               	SWAP
(                   	(
IDENT               	LIST
(                   	(
IDENT               	I
)                   	)
,                   	,
IDENT               	LIST
(                   	(
IDENT               	J
)                   	)
)                   	)
IDENT               	20
continue            	CONTINUE
IDENT               	30
continue            	CONTINUE
token(102)          	END
token(96)           	SUBROUTINE
IDENT               	FOO
(                   	(
IDENT               	A
,                   	,
IDENT               	B
,                   	,
IDENT               	C
,                   	,
IDENT               	D
)                   	)
IDENT               	CALL
IDENT               	SWAP
(                   	(
IDENT               	A
,                   	,
IDENT               	B
)                   	)
IDENT               	B
=                   	=
IDENT               	C
IDENT               	C
=                   	=
IDENT               	D
IDENT               	D
=                   	=
IDENT               	A
token(102)          	END
token(96)           	SUBROUTINE
IDENT               	SWAP
(                   	(
IDENT               	X
,                   	,
IDENT               	Y
)                   	)
token(98)           	INTEGER
IDENT               	X
,                   	,
IDENT               	Y
token(98)           	INTEGER
IDENT               	TEMP
IDENT               	TEMP
=                   	=
IDENT               	X
IDENT               	X
=                   	=
IDENT               	Y
IDENT               	Y
=                   	=
IDENT               	TEMP
token(102)          	END
