IDENT               	PARAMETER
(                   	(
IDENT               	NPI
=                   	=
IDENT               	9
)                   	)
IDENT               	INTRINSIC
IDENT               	SQRT
,                   	,
IDENT               	SIN
,                   	,
IDENT               	COS
IDENT               	EXTERNAL
IDENT               	MYSQRT
,                   	,
IDENT               	MYSUB
IDENT               	REAL
IDENT               	MYSQRT
token(102)          	END
