COMMENT             	C This program tickled a bug in gcc under DEC Unix for Alpha
token(97)           	PROGRAM
IDENT               	X
IDENT               	CHARACTER
*                   	*
INT                 	80
IDENT               	LINE
token(98)           	INTEGER
IDENT               	LSTART
,                   	,
IDENT               	LEND
IDENT               	PARAMETER
(                   	(
IDENT               	LSTART
=                   	=
INT                 	2
,                   	,
IDENT               	LEND
=                   	=
INT                 	11
)                   	)
IDENT               	READ
(                   	(
INT                 	5
,                   	,
STRING              	'(A)'
)                   	)
IDENT               	LINE
(                   	(
INT                 	1
:                   	:
INT                 	9
)                   	)
IDENT               	PRINT
*                   	*
,                   	,
IDENT               	LINE
(                   	(
INT                 	9
:                   	:
INT                 	10
)                   	)
IDENT               	READ
(                   	(
INT                 	5
,                   	,
STRING              	'(A)'
)                   	)
IDENT               	LINE
(                   	(
IDENT               	LSTART
:                   	:
IDENT               	LEND
)                   	)
IDENT               	PRINT
*                   	*
,                   	,
IDENT               	LINE
(                   	(
INT                 	2
:                   	:
IDENT               	LEND
)                   	)
token(102)          	END
