token(101)          	function
IDENT               	func
(                   	(
IDENT               	i
)                   	)
IDENT               	result
(                   	(
IDENT               	j
)                   	)
token(98)           	integer
,                   	,
IDENT               	intent
(                   	(
IDENT               	in
)                   	)
token(99)           	::
IDENT               	i
COMMENT             	! input
token(98)           	integer
token(99)           	::
IDENT               	j
COMMENT             	! output
IDENT               	j
=                   	=
IDENT               	i
token(95)           	**
INT                 	2
+                   	+
IDENT               	i
token(95)           	**
INT                 	3
token(102)          	end
token(101)          	function
IDENT               	func
token(97)           	program
IDENT               	xfunc
token(100)          	implicit
IDENT               	none
token(98)           	integer
token(99)           	::
IDENT               	i
token(98)           	integer
token(99)           	::
IDENT               	func
IDENT               	i
=                   	=
INT                 	3
IDENT               	print
*                   	*
,                   	,
STRING              	"sum of the square and cube of"
,                   	,
IDENT               	i
,                   	,
STRING              	" is"
,                   	,
IDENT               	func
(                   	(
IDENT               	i
)                   	)
token(102)          	end
token(97)           	program
IDENT               	xfunc
